Archive member included to satisfy reference by file (symbol)

app/libapp.a(main.c.obj)      (--whole-archive)
zephyr/libzephyr.a(isr_tables.c.obj)
                              (--whole-archive)
zephyr/libzephyr.a(sw_isr_common.c.obj)
                              (--whole-archive)
zephyr/libzephyr.a(crc32_sw.c.obj)
                              (--whole-archive)
zephyr/libzephyr.a(crc16_sw.c.obj)
                              (--whole-archive)
zephyr/libzephyr.a(crc8_sw.c.obj)
                              (--whole-archive)
zephyr/libzephyr.a(crc7_sw.c.obj)
                              (--whole-archive)
zephyr/libzephyr.a(dec.c.obj)
                              (--whole-archive)
zephyr/libzephyr.a(fdtable.c.obj)
                              (--whole-archive)
zephyr/libzephyr.a(hex.c.obj)
                              (--whole-archive)
zephyr/libzephyr.a(mempool.c.obj)
                              (--whole-archive)
zephyr/libzephyr.a(rb.c.obj)  (--whole-archive)
zephyr/libzephyr.a(sem.c.obj)
                              (--whole-archive)
zephyr/libzephyr.a(thread_entry.c.obj)
                              (--whole-archive)
zephyr/libzephyr.a(timeutil.c.obj)
                              (--whole-archive)
zephyr/libzephyr.a(work_q.c.obj)
                              (--whole-archive)
zephyr/libzephyr.a(printk.c.obj)
                              (--whole-archive)
zephyr/libzephyr.a(configs.c.obj)
                              (--whole-archive)
zephyr/libzephyr.a(soc.c.obj)
                              (--whole-archive)
zephyr/libzephyr.a(power.c.obj)
                              (--whole-archive)
zephyr/libzephyr.a(mpu_regions.c.obj)
                              (--whole-archive)
zephyr/libzephyr.a(validate_base_addresses.c.obj)
                              (--whole-archive)
zephyr/libzephyr.a(power.c.obj)
                              (--whole-archive)
zephyr/libzephyr.a(policy_residency.c.obj)
                              (--whole-archive)
zephyr/libzephyr.a(uart_console.c.obj)
                              (--whole-archive)
zephyr/libzephyr.a(nrf_power_clock.c.obj)
                              (--whole-archive)
zephyr/libzephyr.a(sys_clock_init.c.obj)
                              (--whole-archive)
zephyr/libzephyr.a(nrf_rtc_timer.c.obj)
                              (--whole-archive)
zephyr/libzephyr.a(nrf_cc310_platform_abort_zephyr.c.obj)
                              (--whole-archive)
zephyr/libzephyr.a(nrf_cc310_platform_mutex_zephyr.c.obj)
                              (--whole-archive)
zephyr/arch/arch/arm/core/libarch__arm__core.a(exc_exit.S.obj)
                              (--whole-archive)
zephyr/arch/arch/arm/core/libarch__arm__core.a(swap_helper.S.obj)
                              (--whole-archive)
zephyr/arch/arch/arm/core/libarch__arm__core.a(cpu_idle.S.obj)
                              (--whole-archive)
zephyr/arch/arch/arm/core/libarch__arm__core.a(fault_s.S.obj)
                              (--whole-archive)
zephyr/arch/arch/arm/core/libarch__arm__core.a(nmi_on_reset.S.obj)
                              (--whole-archive)
zephyr/arch/arch/arm/core/libarch__arm__core.a(isr_wrapper.S.obj)
                              (--whole-archive)
zephyr/arch/arch/arm/core/libarch__arm__core.a(swap.c.obj)
                              (--whole-archive)
zephyr/arch/arch/arm/core/libarch__arm__core.a(irq_manage.c.obj)
                              (--whole-archive)
zephyr/arch/arch/arm/core/libarch__arm__core.a(thread.c.obj)
                              (--whole-archive)
zephyr/arch/arch/arm/core/libarch__arm__core.a(fatal.c.obj)
                              (--whole-archive)
zephyr/arch/arch/arm/core/libarch__arm__core.a(nmi.c.obj)
                              (--whole-archive)
zephyr/arch/arch/arm/core/libarch__arm__core.a(prep_c.c.obj)
                              (--whole-archive)
zephyr/arch/arch/arm/core/cortex_m/libarch__arm__core__cortex_m.a(vector_table.S.obj)
                              (--whole-archive)
zephyr/arch/arch/arm/core/cortex_m/libarch__arm__core__cortex_m.a(reset.S.obj)
                              (--whole-archive)
zephyr/arch/arch/arm/core/cortex_m/libarch__arm__core__cortex_m.a(fault.c.obj)
                              (--whole-archive)
zephyr/arch/arch/arm/core/cortex_m/libarch__arm__core__cortex_m.a(scb.c.obj)
                              (--whole-archive)
zephyr/arch/arch/arm/core/cortex_m/libarch__arm__core__cortex_m.a(irq_init.c.obj)
                              (--whole-archive)
zephyr/arch/arch/arm/core/cortex_m/libarch__arm__core__cortex_m.a(thread_abort.c.obj)
                              (--whole-archive)
zephyr/arch/arch/arm/core/cortex_m/mpu/libarch__arm__core__cortex_m__mpu.a(arm_core_mpu.c.obj)
                              (--whole-archive)
zephyr/arch/arch/arm/core/cortex_m/mpu/libarch__arm__core__cortex_m__mpu.a(arm_mpu.c.obj)
                              (--whole-archive)
zephyr/lib/libc/minimal/liblib__libc__minimal.a(atoi.c.obj)
[...]
Memory Configuration

Name             Origin             Length             Attributes
FLASH            0x00000000         0x00100000         xr
SRAM             0x20000000         0x00040000         xw
IDT_LIST         0x20040000         0x00000800         xw
*default*        0x00000000         0xffffffff

Linker script and memory map

LOAD zephyr/CMakeFiles/zephyr_final.dir/misc/empty_file.c.obj
LOAD zephyr/CMakeFiles/zephyr_final.dir/isr_tables.c.obj
                0x00000020                _region_min_align = 0x20

.rel.plt        0x00000000        0x0
 *(SORT_BY_ALIGNMENT(.rel.plt))
                [!provide]                PROVIDE (__rel_iplt_start = .)
 *(SORT_BY_ALIGNMENT(.rel.iplt))
 .rel.iplt      0x00000000        0x0 zephyr/CMakeFiles/zephyr_final.dir/isr_tables.c.obj
                [!provide]                PROVIDE (__rel_iplt_end = .)

.rela.plt       0x00000000        0x0
 *(SORT_BY_ALIGNMENT(.rela.plt))
                [!provide]                PROVIDE (__rela_iplt_start = .)
 *(SORT_BY_ALIGNMENT(.rela.iplt))
                [!provide]                PROVIDE (__rela_iplt_end = .)

.rel.dyn
 *(SORT_BY_ALIGNMENT(.rel.*))

.rela.dyn
 *(SORT_BY_ALIGNMENT(.rela.*))

/DISCARD/
 *(SORT_BY_ALIGNMENT(.plt))
 *(SORT_BY_ALIGNMENT(.iplt))
 *(SORT_BY_ALIGNMENT(.got.plt))
 *(SORT_BY_ALIGNMENT(.igot.plt))
 *(SORT_BY_ALIGNMENT(.got))
 *(SORT_BY_ALIGNMENT(.igot))
 *(SORT_BY_ALIGNMENT(.irq_info))
 *(SORT_BY_ALIGNMENT(.intList))
                0x00000000                _image_rom_start = 0x0

text            0x00000000      0x100
                0x00000000                . = 0x0
                0x00000000                _vector_start = .
 *(SORT_BY_ALIGNMENT(.exc_vector_table))
 *(SORT_BY_ALIGNMENT(.exc_vector_table.*))
 .exc_vector_table._vector_table_section
                0x00000000       0x40 zephyr/arch/arch/arm/core/cortex_m/libarch__arm__core__cortex_m.a(vector_table.S.obj)
                0x00000000                _vector_table
 *(SORT_BY_ALIGNMENT(.gnu.linkonce.irq_vector_table))
 .gnu.linkonce.irq_vector_table
                0x00000040       0xc0 zephyr/CMakeFiles/zephyr_final.dir/isr_tables.c.obj
                0x00000040                _irq_vector_table
 *(SORT_BY_ALIGNMENT(.vectors))
 *(SORT_BY_ALIGNMENT(.openocd_dbg))
 *(SORT_BY_ALIGNMENT(.openocd_dbg.*))
                0x00000100                _vector_end = .

_TEXT_SECTION_NAME_2
                0x00000100     0x2fa4
                0x00000100                _image_text_start = .
 *(SORT_BY_ALIGNMENT(.text))
 .text          0x00000100       0xa0 c:/program files (x86)/gnu tools arm embedded/7 2018-q2-update/bin/../lib/gcc/arm-none-eabi/7.3.1/thumb/v7e-m\libgcc.a(_aeabi_ldivmod.o)
                0x00000100                __aeabi_ldivmod
 .text          0x000001a0      0x2cc c:/program files (x86)/gnu tools arm embedded/7 2018-q2-update/bin/../lib/gcc/arm-none-eabi/7.3.1/thumb/v7e-m\libgcc.a(_udivmoddi4.o)
                0x000001a0                __udivmoddi4
 .text          0x0000046c        0x4 c:/program files (x86)/gnu tools arm embedded/7 2018-q2-update/bin/../lib/gcc/arm-none-eabi/7.3.1/thumb/v7e-m\libgcc.a(_dvmd_tls.o)
                0x0000046c                __aeabi_idiv0
                0x0000046c                __aeabi_ldiv0
 *(SORT_BY_ALIGNMENT(.text.*))
 .text.main     0x00000470       0x10 app/libapp.a(main.c.obj)
                0x00000470                main
 .text.char_out
                0x00000480       0x10 zephyr/libzephyr.a(printk.c.obj)
 .text._printk_dec_ulong
                0x00000490       0x98 zephyr/libzephyr.a(printk.c.obj)
 .text.__printk_hook_install
                0x00000528        0xc zephyr/libzephyr.a(printk.c.obj)
                0x00000528                __printk_hook_install
 .text.vprintk  0x00000534       0x20 zephyr/libzephyr.a(printk.c.obj)
                0x00000534                vprintk
 .text.nordicsemi_nrf52_init
                0x00000554       0x30 zephyr/libzephyr.a(soc.c.obj)
 .text.console_out
                0x00000584       0x28 zephyr/libzephyr.a(uart_console.c.obj)
 .text.uart_console_hook_install
                0x000005ac       0x18 zephyr/libzephyr.a(uart_console.c.obj)
                0x000005ac                uart_console_hook_install
 .text.uart_console_init
                0x000005c4       0x1c zephyr/libzephyr.a(uart_console.c.obj)
 .text.nrf_power_clock_isr
                0x000005e0       0x68 zephyr/libzephyr.a(nrf_power_clock.c.obj)
                0x000005e0                nrf_power_clock_isr
 .text.rtc1_nrf_isr
                0x00000648       0x40 zephyr/libzephyr.a(nrf_rtc_timer.c.obj)
                0x00000648                rtc1_nrf_isr
 .text.z_clock_driver_init
                0x00000688       0x84 zephyr/libzephyr.a(nrf_rtc_timer.c.obj)
                0x00000688                z_clock_driver_init
 .text.z_clock_set_timeout
                0x0000070c       0x9c zephyr/libzephyr.a(nrf_rtc_timer.c.obj)
                0x0000070c                z_clock_set_timeout
 .text.z_clock_elapsed
                0x000007a8       0x34 zephyr/libzephyr.a(nrf_rtc_timer.c.obj)
                0x000007a8                z_clock_elapsed
 .text.nrf_cc310_platform_abort_init
                0x000007dc        0xc zephyr/libzephyr.a(nrf_cc310_platform_abort_zephyr.c.obj)
                0x000007dc                nrf_cc310_platform_abort_init
 .text.mutex_unlock
                0x000007e8       0x20 zephyr/libzephyr.a(nrf_cc310_platform_mutex_zephyr.c.obj)
 .text.mutex_lock
                0x00000808       0x30 zephyr/libzephyr.a(nrf_cc310_platform_mutex_zephyr.c.obj)
 .text.mutex_free
                0x00000838       0x40 zephyr/libzephyr.a(nrf_cc310_platform_mutex_zephyr.c.obj)
 .text.mutex_init
                0x00000878       0x64 zephyr/libzephyr.a(nrf_cc310_platform_mutex_zephyr.c.obj)
 .text.nrf_cc310_platform_mutex_init
                0x000008dc       0x2c zephyr/libzephyr.a(nrf_cc310_platform_mutex_zephyr.c.obj)
                0x000008dc                nrf_cc310_platform_mutex_init
 .text._HandlerModeExit
                0x00000908       0x1c zephyr/arch/arch/arm/core/libarch__arm__core.a(exc_exit.S.obj)
                0x00000908                z_arm_int_exit
                0x00000908                z_arm_exc_exit
 .text.z_arm_pendsv
                0x00000924       0x54 zephyr/arch/arch/arm/core/libarch__arm__core.a(swap_helper.S.obj)
                0x00000924                z_arm_pendsv
 .text.z_arm_svc
                0x00000978       0x20 zephyr/arch/arch/arm/core/libarch__arm__core.a(swap_helper.S.obj)
                0x00000978                z_arm_svc
 .text.z_arm_cpu_idle_init
                0x00000998        0xc zephyr/arch/arch/arm/core/libarch__arm__core.a(cpu_idle.S.obj)
                0x00000998                z_arm_cpu_idle_init
 .text.z_arch_cpu_idle
                0x000009a4        0xc zephyr/arch/arch/arm/core/libarch__arm__core.a(cpu_idle.S.obj)
                0x000009a4                z_arch_cpu_idle
 .text.__fault  0x000009b0       0x28 zephyr/arch/arch/arm/core/libarch__arm__core.a(fault_s.S.obj)
                0x000009b0                z_arm_usage_fault
                0x000009b0                z_arm_mpu_fault
                0x000009b0                z_arm_reserved
                0x000009b0                z_arm_debug_monitor
                0x000009b0                z_arm_hard_fault
                0x000009b0                z_arm_bus_fault
 .text.z_SysNmiOnReset
                0x000009d8        0x8 zephyr/arch/arch/arm/core/libarch__arm__core.a(nmi_on_reset.S.obj)
                0x000009d8                z_SysNmiOnReset
 .text._isr_wrapper
                0x000009e0       0x40 zephyr/arch/arch/arm/core/libarch__arm__core.a(isr_wrapper.S.obj)
                0x000009e0                _isr_wrapper
 .text.z_arch_swap
                0x00000a20       0x34 zephyr/arch/arch/arm/core/libarch__arm__core.a(swap.c.obj)
                0x00000a20                z_arch_swap
 .text.z_arch_irq_enable
                0x00000a54       0x20 zephyr/arch/arch/arm/core/libarch__arm__core.a(irq_manage.c.obj)
                0x00000a54                z_arch_irq_enable
 .text.z_arm_irq_priority_set
                0x00000a74       0x30 zephyr/arch/arch/arm/core/libarch__arm__core.a(irq_manage.c.obj)
                0x00000a74                z_arm_irq_priority_set
 .text.z_arch_new_thread
                0x00000aa4       0x54 zephyr/arch/arch/arm/core/libarch__arm__core.a(thread.c.obj)
                0x00000aa4                z_arch_new_thread
 .text.z_arch_switch_to_main_thread
                0x00000af8       0x40 zephyr/arch/arch/arm/core/libarch__arm__core.a(thread.c.obj)
                0x00000af8                z_arch_switch_to_main_thread
 .text.z_arm_prep_c
                0x00000b38       0x2c zephyr/arch/arch/arm/core/libarch__arm__core.a(prep_c.c.obj)
                0x00000b38                z_arm_prep_c
 .text._reset_section
                0x00000b64       0x30 zephyr/arch/arch/arm/core/cortex_m/libarch__arm__core__cortex_m.a(reset.S.obj)
                0x00000b64                __start
                0x00000b64                z_arm_reset
 .text.mem_manage_fault.isra.2
                0x00000b94       0x38 zephyr/arch/arch/arm/core/cortex_m/libarch__arm__core__cortex_m.a(fault.c.obj)
 .text.bus_fault.isra.3
                0x00000bcc       0x3c zephyr/arch/arch/arm/core/cortex_m/libarch__arm__core__cortex_m.a(fault.c.obj)
 .text.usage_fault.isra.4
                0x00000c08       0x24 zephyr/arch/arch/arm/core/cortex_m/libarch__arm__core__cortex_m.a(fault.c.obj)
 .text.z_arm_fault
                0x00000c2c       0x94 zephyr/arch/arch/arm/core/cortex_m/libarch__arm__core__cortex_m.a(fault.c.obj)
                0x00000c2c                z_arm_fault
 .text.z_arm_fault_init
                0x00000cc0       0x10 zephyr/arch/arch/arm/core/cortex_m/libarch__arm__core__cortex_m.a(fault.c.obj)
                0x00000cc0                z_arm_fault_init
 .text.z_arm_int_lib_init
                0x00000cd0       0x18 zephyr/arch/arch/arm/core/cortex_m/libarch__arm__core__cortex_m.a(irq_init.c.obj)
                0x00000cd0                z_arm_int_lib_init
 .text.z_impl_k_thread_abort
                0x00000ce8       0x4c zephyr/arch/arch/arm/core/cortex_m/libarch__arm__core__cortex_m.a(thread_abort.c.obj)
                0x00000ce8                z_impl_k_thread_abort
 .text.z_arm_configure_static_mpu_regions
                0x00000d34       0x3c zephyr/arch/arch/arm/core/cortex_m/mpu/libarch__arm__core__cortex_m__mpu.a(arm_core_mpu.c.obj)
                0x00000d34                z_arm_configure_static_mpu_regions
 .text.mpu_configure_region
                0x00000d70       0x50 zephyr/arch/arch/arm/core/cortex_m/mpu/libarch__arm__core__cortex_m__mpu.a(arm_mpu.c.obj)
 .text.arm_core_mpu_enable
                0x00000dc0       0x14 zephyr/arch/arch/arm/core/cortex_m/mpu/libarch__arm__core__cortex_m__mpu.a(arm_mpu.c.obj)
                0x00000dc0                arm_core_mpu_enable
 .text.arm_core_mpu_disable
                0x00000dd4       0x10 zephyr/arch/arch/arm/core/cortex_m/mpu/libarch__arm__core__cortex_m__mpu.a(arm_mpu.c.obj)
                0x00000dd4                arm_core_mpu_disable
 .text.arm_mpu_init
                0x00000de4       0x5c zephyr/arch/arch/arm/core/cortex_m/mpu/libarch__arm__core__cortex_m__mpu.a(arm_mpu.c.obj)
 .text.arm_core_mpu_configure_static_mpu_regions
                0x00000e40       0x48 zephyr/arch/arch/arm/core/cortex_m/mpu/libarch__arm__core__cortex_m__mpu.a(arm_mpu.c.obj)
                0x00000e40                arm_core_mpu_configure_static_mpu_regions
 .text.arm_core_mpu_configure_dynamic_mpu_regions
                0x00000e88       0x4c zephyr/arch/arch/arm/core/cortex_m/mpu/libarch__arm__core__cortex_m__mpu.a(arm_mpu.c.obj)
                0x00000e88                arm_core_mpu_configure_dynamic_mpu_regions
 .text.__stdout_hook_install
                0x00000ed4        0xc zephyr/lib/libc/minimal/liblib__libc__minimal.a(stdout_console.c.obj)
                0x00000ed4                __stdout_hook_install
 .text.gpio_nrfx_init
                0x00000ee0       0x30 zephyr/drivers/gpio/libdrivers__gpio.a(gpio_nrfx.c.obj)
 .text.nrf_gpio_cfg_sense_set
                0x00000f10       0x30 zephyr/drivers/gpio/libdrivers__gpio.a(gpio_nrfx.c.obj)
 .text.gpiote_pin_int_cfg
                0x00000f40      0x144 zephyr/drivers/gpio/libdrivers__gpio.a(gpio_nrfx.c.obj)
 .text.gpio_nrfx_config
                0x00001084      0x128 zephyr/drivers/gpio/libdrivers__gpio.a(gpio_nrfx.c.obj)
 .text.gpiote_event_handler
                0x000011ac       0xc0 zephyr/drivers/gpio/libdrivers__gpio.a(gpio_nrfx.c.obj)
 .text.uart_nrfx_err_check
                0x0000126c       0x14 zephyr/drivers/serial/libdrivers__serial.a(uart_nrfx_uart.c.obj)
 .text.uart_nrfx_configure
                0x00001280      0x184 zephyr/drivers/serial/libdrivers__serial.a(uart_nrfx_uart.c.obj)
 .text.uart_nrfx_poll_in
                0x00001404       0x2c zephyr/drivers/serial/libdrivers__serial.a(uart_nrfx_uart.c.obj)
 .text.uart_nrfx_poll_out
                0x00001430       0x34 zephyr/drivers/serial/libdrivers__serial.a(uart_nrfx_uart.c.obj)
 .text.uart_nrfx_init
                0x00001464       0x68 zephyr/drivers/serial/libdrivers__serial.a(uart_nrfx_uart.c.obj)
 .text.errata_98
                0x000014cc       0x20 zephyr/modules/nordic/lib..__modules__hal__nordic.a(system_nrf52840.c.obj)
 .text.SystemInit
                0x000014ec      0x1a4 zephyr/modules/nordic/lib..__modules__hal__nordic.a(system_nrf52840.c.obj)
                0x000014ec                SystemInit
 .text.z_sys_device_do_config_level
                0x00001690       0x2c zephyr/kernel/libkernel.a(device.c.obj)
                0x00001690                z_sys_device_do_config_level
 .text.z_impl_device_get_binding
                0x000016bc       0x4c zephyr/kernel/libkernel.a(device.c.obj)
                0x000016bc                z_impl_device_get_binding
 .text.idle     0x00001708       0x34 zephyr/kernel/libkernel.a(idle.c.obj)
                0x00001708                idle
 .text.z_bss_zero
                0x0000173c       0x14 zephyr/kernel/libkernel.a(init.c.obj)
                0x0000173c                z_bss_zero
 .text.z_data_copy
                0x00001750       0x34 zephyr/kernel/libkernel.a(init.c.obj)
                0x00001750                z_data_copy
 .text.bg_thread_main
                0x00001784       0x30 zephyr/kernel/libkernel.a(init.c.obj)
 .text.z_cstart
                0x000017b4      0x10c zephyr/kernel/libkernel.a(init.c.obj)
                0x000017b4                z_cstart
 .text.init_mem_slab_module
                0x000018c0       0x38 zephyr/kernel/libkernel.a(mem_slab.c.obj)
 .text.k_mem_slab_alloc
                0x000018f8       0x5c zephyr/kernel/libkernel.a(mem_slab.c.obj)
                0x000018f8                k_mem_slab_alloc
 .text.k_mem_slab_free
                0x00001954       0x5c zephyr/kernel/libkernel.a(mem_slab.c.obj)
                0x00001954                k_mem_slab_free
 .text.z_impl_k_mutex_lock
                0x000019b0       0xe4 zephyr/kernel/libkernel.a(mutex.c.obj)
                0x000019b0                z_impl_k_mutex_lock
 .text.z_impl_k_mutex_unlock
                0x00001a94       0x80 zephyr/kernel/libkernel.a(mutex.c.obj)
                0x00001a94                z_impl_k_mutex_unlock
 .text.resched.part.15
                0x00001b14       0x24 zephyr/kernel/libkernel.a(sched.c.obj)
 .text.z_reset_time_slice
                0x00001b38       0x2c zephyr/kernel/libkernel.a(sched.c.obj)
                0x00001b38                z_reset_time_slice
 .text.k_sched_time_slice_set
                0x00001b64       0x58 zephyr/kernel/libkernel.a(sched.c.obj)
                0x00001b64                k_sched_time_slice_set
 .text.k_sched_lock
                0x00001bbc       0x28 zephyr/kernel/libkernel.a(sched.c.obj)
                0x00001bbc                k_sched_lock
 .text.z_priq_dumb_remove
                0x00001be4       0x2c zephyr/kernel/libkernel.a(sched.c.obj)
                0x00001be4                z_priq_dumb_remove
 .text.update_cache
                0x00001c10       0x3c zephyr/kernel/libkernel.a(sched.c.obj)
 .text.k_sched_unlock
                0x00001c4c       0x38 zephyr/kernel/libkernel.a(sched.c.obj)
                0x00001c4c                k_sched_unlock
 .text.z_add_thread_to_ready_q
                0x00001c84       0x70 zephyr/kernel/libkernel.a(sched.c.obj)
                0x00001c84                z_add_thread_to_ready_q
 .text.z_move_thread_to_end_of_prio_q
                0x00001cf4       0x88 zephyr/kernel/libkernel.a(sched.c.obj)
                0x00001cf4                z_move_thread_to_end_of_prio_q
 .text.z_time_slice
                0x00001d7c       0x6c zephyr/kernel/libkernel.a(sched.c.obj)
                0x00001d7c                z_time_slice
 .text.z_remove_thread_from_ready_q
                0x00001de8       0x4c zephyr/kernel/libkernel.a(sched.c.obj)
                0x00001de8                z_remove_thread_from_ready_q
 .text.pend     0x00001e34       0x84 zephyr/kernel/libkernel.a(sched.c.obj)
 .text.z_pend_curr
                0x00001eb8       0x28 zephyr/kernel/libkernel.a(sched.c.obj)
                0x00001eb8                z_pend_curr
 .text.z_set_prio
                0x00001ee0       0x84 zephyr/kernel/libkernel.a(sched.c.obj)
                0x00001ee0                z_set_prio
 .text.z_sched_init
                0x00001f64       0x18 zephyr/kernel/libkernel.a(sched.c.obj)
                0x00001f64                z_sched_init
 .text.z_impl_k_current_get
                0x00001f7c        0xc zephyr/kernel/libkernel.a(sched.c.obj)
                0x00001f7c                z_impl_k_current_get
 .text.z_impl_k_thread_start
                0x00001f88       0x48 zephyr/kernel/libkernel.a(thread.c.obj)
                0x00001f88                z_impl_k_thread_start
 .text.z_setup_new_thread
                0x00001fd0       0x34 zephyr/kernel/libkernel.a(thread.c.obj)
                0x00001fd0                z_setup_new_thread
 .text.z_init_static_threads
                0x00002004       0xb4 zephyr/kernel/libkernel.a(thread.c.obj)
                0x00002004                z_init_static_threads
 .text.elapsed  0x000020b8       0x14 zephyr/kernel/libkernel.a(timeout.c.obj)
 .text.remove_timeout
                0x000020cc       0x2c zephyr/kernel/libkernel.a(timeout.c.obj)
 .text.next_timeout
                0x000020f8       0x38 zephyr/kernel/libkernel.a(timeout.c.obj)
 .text.z_add_timeout
                0x00002130       0x88 zephyr/kernel/libkernel.a(timeout.c.obj)
                0x00002130                z_add_timeout
 .text.z_clock_announce
                0x000021b8       0xac zephyr/kernel/libkernel.a(timeout.c.obj)
                0x000021b8                z_clock_announce
 .text.init_static_pools
                0x00002264       0x28 zephyr/kernel/libkernel.a(mempool.c.obj)
                0x00002264                init_static_pools
 .text.nrf_cc310_platform_init_no_rng
                0x0000228c       0x34 C:/ncs.sojkk/nrfxlib/crypto/nrf_cc310_platform/lib/cortex-m4/soft-float/no-interrupts/libnrf_cc310_platform_0.9.0.a(nrf_cc310_platform.c.obj)
                0x0000228c                nrf_cc310_platform_init_no_rng
 .text.nrf_cc310_platform_abort
                0x000022c0       0x24 C:/ncs.sojkk/nrfxlib/crypto/nrf_cc310_platform/lib/cortex-m4/soft-float/no-interrupts/libnrf_cc310_platform_0.9.0.a(nrf_cc310_platform_abort.c.obj)
 .text.CC_PalAbort
                0x000022e4        0xc C:/ncs.sojkk/nrfxlib/crypto/nrf_cc310_platform/lib/cortex-m4/soft-float/no-interrupts/libnrf_cc310_platform_0.9.0.a(nrf_cc310_platform_abort.c.obj)
                0x000022e4                CC_PalAbort
 .text.nrf_cc310_platform_set_abort
                0x000022f0       0x10 C:/ncs.sojkk/nrfxlib/crypto/nrf_cc310_platform/lib/cortex-m4/soft-float/no-interrupts/libnrf_cc310_platform_0.9.0.a(nrf_cc310_platform_abort.c.obj)
                0x000022f0                nrf_cc310_platform_set_abort
 .text.mutex_free
                0x00002300        0x4 C:/ncs.sojkk/nrfxlib/crypto/nrf_cc310_platform/lib/cortex-m4/soft-float/no-interrupts/libnrf_cc310_platform_0.9.0.a(nrf_cc310_platform_mutex.c.obj)
 .text.mutex_unlock
                0x00002304       0x24 C:/ncs.sojkk/nrfxlib/crypto/nrf_cc310_platform/lib/cortex-m4/soft-float/no-interrupts/libnrf_cc310_platform_0.9.0.a(nrf_cc310_platform_mutex.c.obj)
 .text.mutex_init
                0x00002328       0x1c C:/ncs.sojkk/nrfxlib/crypto/nrf_cc310_platform/lib/cortex-m4/soft-float/no-interrupts/libnrf_cc310_platform_0.9.0.a(nrf_cc310_platform_mutex.c.obj)
 .text.mutex_lock
                0x00002344       0x24 C:/ncs.sojkk/nrfxlib/crypto/nrf_cc310_platform/lib/cortex-m4/soft-float/no-interrupts/libnrf_cc310_platform_0.9.0.a(nrf_cc310_platform_mutex.c.obj)
 .text.nrf_cc310_platform_set_mutexes
                0x00002368       0x38 C:/ncs.sojkk/nrfxlib/crypto/nrf_cc310_platform/lib/cortex-m4/soft-float/no-interrupts/libnrf_cc310_platform_0.9.0.a(nrf_cc310_platform_mutex.c.obj)
                0x00002368                nrf_cc310_platform_set_mutexes
 .text.CC_LibInitNoRng
                0x000023a0       0x6c C:/ncs.sojkk/nrfxlib/crypto/nrf_cc310_platform/lib/cortex-m4/soft-float/no-interrupts/libnrf_cc310_platform_0.9.0.a(cc_lib.c.obj)
                0x000023a0                CC_LibInitNoRng
 .text.CC_HalInit
                0x0000240c        0x4 C:/ncs.sojkk/nrfxlib/crypto/nrf_cc310_platform/lib/cortex-m4/soft-float/no-interrupts/libnrf_cc310_platform_0.9.0.a(cc_hal.c.obj)
                0x0000240c                CC_HalInit
 .text.CC_HalTerminate
                0x00002410        0x4 C:/ncs.sojkk/nrfxlib/crypto/nrf_cc310_platform/lib/cortex-m4/soft-float/no-interrupts/libnrf_cc310_platform_0.9.0.a(cc_hal.c.obj)
                0x00002410                CC_HalTerminate
 .text.CC_PalInit
                0x00002414       0x5c C:/ncs.sojkk/nrfxlib/crypto/nrf_cc310_platform/lib/cortex-m4/soft-float/no-interrupts/libnrf_cc310_platform_0.9.0.a(cc_pal.c.obj)
                0x00002414                CC_PalInit
 .text.CC_PalTerminate
                0x00002470       0x34 C:/ncs.sojkk/nrfxlib/crypto/nrf_cc310_platform/lib/cortex-m4/soft-float/no-interrupts/libnrf_cc310_platform_0.9.0.a(cc_pal.c.obj)
                0x00002470                CC_PalTerminate
 .text.CC_PalDmaInit
                0x000024a4        0x4 C:/ncs.sojkk/nrfxlib/crypto/nrf_cc310_platform/lib/cortex-m4/soft-float/no-interrupts/libnrf_cc310_platform_0.9.0.a(cc_pal_dma.c.obj)
                0x000024a4                CC_PalDmaInit
 .text.CC_PalDmaTerminate
                0x000024a8        0x4 C:/ncs.sojkk/nrfxlib/crypto/nrf_cc310_platform/lib/cortex-m4/soft-float/no-interrupts/libnrf_cc310_platform_0.9.0.a(cc_pal_dma.c.obj)
                0x000024a8                CC_PalDmaTerminate
 .text.CC_PalMutexCreate
                0x000024ac       0x14 C:/ncs.sojkk/nrfxlib/crypto/nrf_cc310_platform/lib/cortex-m4/soft-float/no-interrupts/libnrf_cc310_platform_0.9.0.a(cc_pal_mutex.c.obj)
                0x000024ac                CC_PalMutexCreate
 .text.CC_PalMutexDestroy
                0x000024c0       0x14 C:/ncs.sojkk/nrfxlib/crypto/nrf_cc310_platform/lib/cortex-m4/soft-float/no-interrupts/libnrf_cc310_platform_0.9.0.a(cc_pal_mutex.c.obj)
                0x000024c0                CC_PalMutexDestroy
 .text.CC_PalPowerSaveModeInit
                0x000024d4       0x3c C:/ncs.sojkk/nrfxlib/crypto/nrf_cc310_platform/lib/cortex-m4/soft-float/no-interrupts/libnrf_cc310_platform_0.9.0.a(cc_pal_pm.c.obj)
                0x000024d4                CC_PalPowerSaveModeInit
 .text.CC_PalPowerSaveModeSelect
                0x00002510       0x68 C:/ncs.sojkk/nrfxlib/crypto/nrf_cc310_platform/lib/cortex-m4/soft-float/no-interrupts/libnrf_cc310_platform_0.9.0.a(cc_pal_pm.c.obj)
                0x00002510                CC_PalPowerSaveModeSelect
 .text.z_sys_mem_pool_base_init
                0x00002578       0x96 zephyr/libzephyr.a(mempool.c.obj)
                0x00002578                z_sys_mem_pool_base_init
 .text.z_thread_entry
                0x0000260e       0x14 zephyr/libzephyr.a(thread_entry.c.obj)
                0x0000260e                z_thread_entry
 .text.z_arch_printk_char_out
                0x00002622        0x4 zephyr/libzephyr.a(printk.c.obj)
                0x00002622                z_arch_printk_char_out
 .text.print_err
                0x00002626       0x1c zephyr/libzephyr.a(printk.c.obj)
 .text.z_vprintk
                0x00002642      0x2ec zephyr/libzephyr.a(printk.c.obj)
                0x00002642                z_vprintk
 .text.printk   0x0000292e       0x1a zephyr/libzephyr.a(printk.c.obj)
                0x0000292e                printk
 .text._ConfigAbsSyms
                0x00002948        0x2 zephyr/libzephyr.a(configs.c.obj)
                0x00002948                _ConfigAbsSyms
 .text.z_platform_init
                0x0000294a        0x4 zephyr/libzephyr.a(soc.c.obj)
                0x0000294a                z_platform_init
 .text.get_status
                0x0000294e       0x18 zephyr/libzephyr.a(nrf_power_clock.c.obj)
 .text.clock_stop
                0x00002966       0x6c zephyr/libzephyr.a(nrf_power_clock.c.obj)
 .text.clock_async_start
                0x000029d2       0x8e zephyr/libzephyr.a(nrf_power_clock.c.obj)
 .text.clock_start
                0x00002a60        0x6 zephyr/libzephyr.a(nrf_power_clock.c.obj)
 .text.lfclk_init
                0x00002a66        0xa zephyr/libzephyr.a(nrf_power_clock.c.obj)
 .text.hfclk_init
                0x00002a70       0x2e zephyr/libzephyr.a(nrf_power_clock.c.obj)
 .text.clkstarted_handle
                0x00002a9e       0x3a zephyr/libzephyr.a(nrf_power_clock.c.obj)
 .text.z_clock_isr
                0x00002ad8        0x2 zephyr/libzephyr.a(sys_clock_init.c.obj)
                0x00002ad8                z_clock_isr
 .text.z_clock_idle_exit
                0x00002ada        0x2 zephyr/libzephyr.a(sys_clock_init.c.obj)
                0x00002ada                z_clock_idle_exit
 .text.abort_function
                0x00002adc        0x2 zephyr/libzephyr.a(nrf_cc310_platform_abort_zephyr.c.obj)
 .text.z_irq_spurious
                0x00002ade        0x4 zephyr/arch/arch/arm/core/libarch__arm__core.a(irq_manage.c.obj)
                0x00002ade                z_irq_spurious
 .text.z_arm_fatal_error
                0x00002ae2        0x4 zephyr/arch/arch/arm/core/libarch__arm__core.a(fatal.c.obj)
                0x00002ae2                z_arm_fatal_error
 .text.z_do_kernel_oops
                0x00002ae6        0x8 zephyr/arch/arch/arm/core/libarch__arm__core.a(fatal.c.obj)
                0x00002ae6                z_do_kernel_oops
 .text.z_arm_nmi
                0x00002aee        0xe zephyr/arch/arch/arm/core/libarch__arm__core.a(nmi.c.obj)
                0x00002aee                z_arm_nmi
 .text.z_arm_configure_dynamic_mpu_regions
                0x00002afc       0x10 zephyr/arch/arch/arm/core/cortex_m/mpu/libarch__arm__core__cortex_m__mpu.a(arm_core_mpu.c.obj)
                0x00002afc                z_arm_configure_dynamic_mpu_regions
 .text.strcmp   0x00002b0c       0x1a zephyr/lib/libc/minimal/liblib__libc__minimal.a(string.c.obj)
                0x00002b0c                strcmp
 .text.memcpy   0x00002b26       0x5a zephyr/lib/libc/minimal/liblib__libc__minimal.a(string.c.obj)
                0x00002b26                memcpy
 .text.memset   0x00002b80       0x42 zephyr/lib/libc/minimal/liblib__libc__minimal.a(string.c.obj)
                0x00002b80                memset
 .text._stdout_hook_default
                0x00002bc2        0x6 zephyr/lib/libc/minimal/liblib__libc__minimal.a(stdout_console.c.obj)
 .text.gpio_nrfx_write
                0x00002bc8       0x3c zephyr/drivers/gpio/libdrivers__gpio.a(gpio_nrfx.c.obj)
 .text.gpio_nrfx_read
                0x00002c04       0x30 zephyr/drivers/gpio/libdrivers__gpio.a(gpio_nrfx.c.obj)
 .text.gpio_nrfx_manage_callback
                0x00002c34       0x56 zephyr/drivers/gpio/libdrivers__gpio.a(gpio_nrfx.c.obj)
 .text.fire_callbacks
                0x00002c8a       0x2a zephyr/drivers/gpio/libdrivers__gpio.a(gpio_nrfx.c.obj)
 .text.check_level_trigger_pins
                0x00002cb4       0x52 zephyr/drivers/gpio/libdrivers__gpio.a(gpio_nrfx.c.obj)
 .text.cfg_level_pins
                0x00002d06       0x50 zephyr/drivers/gpio/libdrivers__gpio.a(gpio_nrfx.c.obj)
 .text.gpio_nrfx_pin_disable_callback
                0x00002d56       0x42 zephyr/drivers/gpio/libdrivers__gpio.a(gpio_nrfx.c.obj)
 .text.gpio_nrfx_pin_enable_callback
                0x00002d98       0x40 zephyr/drivers/gpio/libdrivers__gpio.a(gpio_nrfx.c.obj)
 .text.uart_nrfx_config_get
                0x00002dd8       0x10 zephyr/drivers/serial/libdrivers__serial.a(uart_nrfx_uart.c.obj)
 .text.hw_cc310_init
                0x00002de8       0x12 zephyr/modules/nrf/drivers/hw_cc310/lib..__nrf__drivers__hw_cc310.a(hw_cc310.c.obj)
 .text.z_arch_system_halt
                0x00002dfa       0x12 zephyr/kernel/libkernel.a(fatal.c.obj)
                0x00002dfa                z_arch_system_halt
 .text.k_sys_fatal_error_handler
                0x00002e0c        0x6 zephyr/kernel/libkernel.a(fatal.c.obj)
                0x00002e0c                k_sys_fatal_error_handler
 .text.z_fatal_error
                0x00002e12       0x1e zephyr/kernel/libkernel.a(fatal.c.obj)
                0x00002e12                z_fatal_error
 .text.z_sys_power_save_idle_exit
                0x00002e30        0x4 zephyr/kernel/libkernel.a(idle.c.obj)
                0x00002e30                z_sys_power_save_idle_exit
 .text.k_mem_slab_init
                0x00002e34       0x24 zephyr/kernel/libkernel.a(mem_slab.c.obj)
                0x00002e34                k_mem_slab_init
 .text.z_impl_k_mutex_init
                0x00002e58        0xc zephyr/kernel/libkernel.a(mutex.c.obj)
                0x00002e58                z_impl_k_mutex_init
 .text.z_is_thread_ready
                0x00002e64       0x12 zephyr/kernel/libkernel.a(sched.c.obj)
 .text.z_unpend_thread_no_timeout
                0x00002e76       0x32 zephyr/kernel/libkernel.a(sched.c.obj)
                0x00002e76                z_unpend_thread_no_timeout
 .text.z_reschedule
                0x00002ea8       0x1e zephyr/kernel/libkernel.a(sched.c.obj)
                0x00002ea8                z_reschedule
 .text.z_reschedule_irqlock
                0x00002ec6       0x20 zephyr/kernel/libkernel.a(sched.c.obj)
                0x00002ec6                z_reschedule_irqlock
 .text.z_reschedule_unlocked
                0x00002ee6       0x14 zephyr/kernel/libkernel.a(sched.c.obj)
 .text.z_priq_dumb_best
                0x00002efa        0xc zephyr/kernel/libkernel.a(sched.c.obj)
                0x00002efa                z_priq_dumb_best
 .text.z_thread_timeout
                0x00002f06       0x62 zephyr/kernel/libkernel.a(sched.c.obj)
                0x00002f06                z_thread_timeout
 .text.z_unpend_first_thread
                0x00002f68       0x5a zephyr/kernel/libkernel.a(sched.c.obj)
                0x00002f68                z_unpend_first_thread
 .text.z_is_thread_ready
                0x00002fc2       0x12 zephyr/kernel/libkernel.a(thread.c.obj)
 .text.z_thread_single_abort
                0x00002fd4       0x3e zephyr/kernel/libkernel.a(thread.c.obj)
                0x00002fd4                z_thread_single_abort
 .text.z_init_thread_base
                0x00003012       0x10 zephyr/kernel/libkernel.a(thread.c.obj)
                0x00003012                z_init_thread_base
 .text.z_abort_timeout
                0x00003022       0x2c zephyr/kernel/libkernel.a(timeout.c.obj)
                0x00003022                z_abort_timeout
 .text.z_get_next_timeout_expiry
                0x0000304e       0x20 zephyr/kernel/libkernel.a(timeout.c.obj)
                0x0000304e                z_get_next_timeout_expiry
 .text.z_set_timeout_expiry
                0x0000306e       0x34 zephyr/kernel/libkernel.a(timeout.c.obj)
                0x0000306e                z_set_timeout_expiry
 .text._OffsetAbsSyms
                0x000030a2        0x2 zephyr/CMakeFiles/offsets.dir/arch/arm/core/offsets/offsets.c.obj
                0x000030a2                _OffsetAbsSyms
 *(SORT_BY_ALIGNMENT(.gnu.linkonce.t.*))
 *(SORT_BY_ALIGNMENT(.glue_7t))
 .glue_7t       0x000030a4        0x0 linker stubs
 *(SORT_BY_ALIGNMENT(.glue_7))
 .glue_7        0x000030a4        0x0 linker stubs
 *(SORT_BY_ALIGNMENT(.vfp11_veneer))
 .vfp11_veneer  0x000030a4        0x0 linker stubs
 *(SORT_BY_ALIGNMENT(.v4_bx))
 .v4_bx         0x000030a4        0x0 linker stubs
                0x000030a4                _image_text_end = .

.ARM.exidx      0x000030a4        0x8
                0x000030a4                __exidx_start = .
 *(SORT_BY_ALIGNMENT(.ARM.exidx*) SORT_BY_ALIGNMENT(gnu.linkonce.armexidx.*))
 .ARM.exidx     0x000030a4        0x8 c:/program files (x86)/gnu tools arm embedded/7 2018-q2-update/bin/../lib/gcc/arm-none-eabi/7.3.1/thumb/v7e-m\libgcc.a(_udivmoddi4.o)
                0x000030ac                __exidx_end = .
                0x000030ac                _image_rodata_start = .

sw_isr_table    0x000030ac      0x180
                0x000030ac                . = ALIGN (0x0)
 *(SORT_BY_ALIGNMENT(.gnu.linkonce.sw_isr_table))
 .gnu.linkonce.sw_isr_table
                0x000030ac      0x180 zephyr/CMakeFiles/zephyr_final.dir/isr_tables.c.obj
                0x000030ac                _sw_isr_table

app_shmem_regions
                0x0000322c        0x0
                0x0000322c                __app_shmem_regions_start = .
 *(SORT_BY_NAME(SORT_BY_ALIGNMENT(.app_regions.*)))
                0x0000322c                __app_shmem_regions_end = .

devconfig       0x0000322c       0x90
                0x0000322c                __devconfig_start = .
 *(SORT_BY_ALIGNMENT(.devconfig.*))
 .devconfig.init
                0x0000322c        0xc zephyr/libzephyr.a(soc.c.obj)
 .devconfig.init
                0x00003238        0xc zephyr/libzephyr.a(uart_console.c.obj)
 .devconfig.init
                0x00003244       0x18 zephyr/libzephyr.a(nrf_power_clock.c.obj)
 .devconfig.init
                0x0000325c        0xc zephyr/libzephyr.a(sys_clock_init.c.obj)
 .devconfig.init
                0x00003268        0xc zephyr/arch/arch/arm/core/cortex_m/mpu/libarch__arm__core__cortex_m__mpu.a(arm_mpu.c.obj)
 .devconfig.init
                0x00003274       0x18 zephyr/drivers/gpio/libdrivers__gpio.a(gpio_nrfx.c.obj)
 .devconfig.init
                0x0000328c        0xc zephyr/drivers/serial/libdrivers__serial.a(uart_nrfx_uart.c.obj)
 .devconfig.init
                0x00003298        0xc zephyr/modules/nrf/drivers/hw_cc310/lib..__nrf__drivers__hw_cc310.a(hw_cc310.c.obj)
 .devconfig.init
                0x000032a4        0xc zephyr/kernel/libkernel.a(mem_slab.c.obj)
 .devconfig.init
                0x000032b0        0xc zephyr/kernel/libkernel.a(mempool.c.obj)
 *(SORT_BY_NAME(SORT_BY_ALIGNMENT(.devconfig*)))
                0x000032bc                __devconfig_end = .

net_l2          0x000032bc        0x0
                0x000032bc                __net_l2_start = .
 *(SORT_BY_ALIGNMENT(.net_l2.init))
 *(SORT_BY_NAME(SORT_BY_ALIGNMENT(.net_l2.init*)))
                0x000032bc                __net_l2_end = .

_bt_channels_area
                0x000032bc        0x0
                0x000032bc                _bt_l2cap_fixed_chan_list_start = .
 *(SORT_BY_NAME(SORT_BY_ALIGNMENT(._bt_l2cap_fixed_chan.static.*)))
                0x000032bc                _bt_l2cap_fixed_chan_list_end = .

_bt_services_area
                0x000032bc        0x0
                0x000032bc                _bt_gatt_service_static_list_start = .
 *(SORT_BY_NAME(SORT_BY_ALIGNMENT(._bt_gatt_service_static.static.*)))
                0x000032bc                _bt_gatt_service_static_list_end = .

log_const_sections
                0x000032bc        0x0
                0x000032bc                __log_const_start = .
 *(SORT_BY_NAME(SORT_BY_ALIGNMENT(.log_const_*)))
                0x000032bc                __log_const_end = .

log_backends_sections
                0x000032bc        0x0
                0x000032bc                __log_backends_start = .
 *(SORT_BY_ALIGNMENT(._log_backend.*))
                0x000032bc                __log_backends_end = .

shell_root_cmds_sections
                0x000032bc        0x0
                0x000032bc                __shell_root_cmds_start = .
 *(SORT_BY_NAME(SORT_BY_ALIGNMENT(.shell_root_cmd_*)))
                0x000032bc                __shell_root_cmds_end = .

font_entry_sections
                0x000032bc        0x0
                0x000032bc                __font_entry_start = .
 *(SORT_BY_NAME(SORT_BY_ALIGNMENT(._cfb_font.*)))
                0x000032bc                __font_entry_end = .

rodata          0x000032bc      0x254
 *(SORT_BY_ALIGNMENT(.rodata))
 *(SORT_BY_ALIGNMENT(.rodata.*))
 .rodata.mpu_config
                0x000032bc        0x8 zephyr/libzephyr.a(mpu_regions.c.obj)
                0x000032bc                mpu_config
 .rodata.mpu_regions
                0x000032c4       0x18 zephyr/libzephyr.a(mpu_regions.c.obj)
 .rodata.clock_control_api
                0x000032dc       0x14 zephyr/libzephyr.a(nrf_power_clock.c.obj)
 .rodata.hfclk_config
                0x000032f0        0xc zephyr/libzephyr.a(nrf_power_clock.c.obj)
 .rodata.lfclk_config
                0x000032fc        0xc zephyr/libzephyr.a(nrf_power_clock.c.obj)
 .rodata.apis   0x00003308        0x8 zephyr/libzephyr.a(nrf_cc310_platform_abort_zephyr.c.obj)
 .rodata.mutex_apis
                0x00003310       0x10 zephyr/libzephyr.a(nrf_cc310_platform_mutex_zephyr.c.obj)
 .rodata.mutexes
                0x00003320       0x14 zephyr/libzephyr.a(nrf_cc310_platform_mutex_zephyr.c.obj)
 .rodata.gpio_nrfx_drv_api_funcs
                0x00003334       0x1c zephyr/drivers/gpio/libdrivers__gpio.a(gpio_nrfx.c.obj)
 .rodata.gpio_nrfx_p0_cfg
                0x00003350        0x8 zephyr/drivers/gpio/libdrivers__gpio.a(gpio_nrfx.c.obj)
 .rodata.gpio_nrfx_p1_cfg
                0x00003358        0x8 zephyr/drivers/gpio/libdrivers__gpio.a(gpio_nrfx.c.obj)
 .rodata.uart_nrfx_uart_driver_api
                0x00003360       0x14 zephyr/drivers/serial/libdrivers__serial.a(uart_nrfx_uart.c.obj)
 .rodata.config_levels.8313
                0x00003374       0x14 zephyr/kernel/libkernel.a(device.c.obj)
 .rodata._k_neg_eagain
                0x00003388        0x4 zephyr/kernel/libkernel.a(errno.c.obj)
                0x00003388                _k_neg_eagain
 .rodata.CSWTCH.6
                0x0000338c       0x1c C:/ncs.sojkk/nrfxlib/crypto/nrf_cc310_platform/lib/cortex-m4/soft-float/no-interrupts/libnrf_cc310_platform_0.9.0.a(nrf_cc310_platform.c.obj)
 .rodata.mutex_init.str1.4
                0x000033a8       0x23 C:/ncs.sojkk/nrfxlib/crypto/nrf_cc310_platform/lib/cortex-m4/soft-float/no-interrupts/libnrf_cc310_platform_0.9.0.a(nrf_cc310_platform_mutex.c.obj)
 *fill*         0x000033cb        0x1 
 .rodata.mutex_unlock.str1.4
                0x000033cc       0x1f C:/ncs.sojkk/nrfxlib/crypto/nrf_cc310_platform/lib/cortex-m4/soft-float/no-interrupts/libnrf_cc310_platform_0.9.0.a(nrf_cc310_platform_mutex.c.obj)
 *fill*         0x000033eb        0x1 
 .rodata.CC_PalPowerSaveModeInit.str1.4
                0x000033ec       0x20 C:/ncs.sojkk/nrfxlib/crypto/nrf_cc310_platform/lib/cortex-m4/soft-float/no-interrupts/libnrf_cc310_platform_0.9.0.a(cc_pal_pm.c.obj)
 .rodata.main.str1.1
                0x0000340c       0x23 app/libapp.a(main.c.obj)
 .rodata.str1.1
                0x0000342f       0x23 zephyr/libzephyr.a(soc.c.obj)
                                  0x1 (size before relaxing)
 .rodata.str1.1
                0x0000342f        0xf zephyr/libzephyr.a(mpu_regions.c.obj)
 .rodata.str1.1
                0x0000343e        0x1 zephyr/libzephyr.a(uart_console.c.obj)
 .rodata.uart_console_init.str1.1
                0x0000343e        0x7 zephyr/libzephyr.a(uart_console.c.obj)
 .rodata.str1.1
                0x00003445       0x14 zephyr/libzephyr.a(nrf_power_clock.c.obj)
 .rodata.str1.1
                0x00003459        0xa zephyr/libzephyr.a(sys_clock_init.c.obj)
 .rodata.z_clock_driver_init.str1.1
                0x00003463        0xa zephyr/libzephyr.a(nrf_rtc_timer.c.obj)
 .rodata.mutex_free.str1.1
                0x00003463       0x26 zephyr/libzephyr.a(nrf_cc310_platform_mutex_zephyr.c.obj)
 .rodata.mutex_init.str1.1
                0x00003489       0x2d zephyr/libzephyr.a(nrf_cc310_platform_mutex_zephyr.c.obj)
 .rodata.str1.1
                0x000034b6        0x1 zephyr/arch/arch/arm/core/cortex_m/mpu/libarch__arm__core__cortex_m__mpu.a(arm_mpu.c.obj)
 .rodata.str1.1
                0x000034b6        0xe zephyr/drivers/gpio/libdrivers__gpio.a(gpio_nrfx.c.obj)
 .rodata.str1.1
                0x000034c4        0x7 zephyr/drivers/serial/libdrivers__serial.a(uart_nrfx_uart.c.obj)
 .rodata.uart_nrfx_uart0_config
                0x000034c4        0x1 zephyr/drivers/serial/libdrivers__serial.a(uart_nrfx_uart.c.obj)
 .rodata.str1.1
                0x000034c5        0xb zephyr/modules/nrf/drivers/hw_cc310/lib..__nrf__drivers__hw_cc310.a(hw_cc310.c.obj)
 .rodata.bg_thread_main.str1.1
                0x000034d0       0x36 zephyr/kernel/libkernel.a(init.c.obj)
 .rodata.z_cstart.str1.1
                0x00003506        0xa zephyr/kernel/libkernel.a(init.c.obj)
 .rodata.str1.1
                0x00003510        0x1 zephyr/kernel/libkernel.a(mem_slab.c.obj)
 .rodata.str1.1
                0x00003510        0x1 zephyr/kernel/libkernel.a(mempool.c.obj)
 *(SORT_BY_ALIGNMENT(.gnu.linkonce.r.*))
                0x00003514                . = ALIGN (0x4)
                0x00003514                _ext_abis_start = .
 *(SORT_BY_ALIGNMENT(.ext_abis))
                0x00000001                _ext_abis_size = ABSOLUTE (((. - _ext_abis_start) / 0x4))
                0x00003514                . = ALIGN (0x4)
                0x00003514                _image_rodata_end = .
                0x00003520                . = ALIGN (_region_min_align)
                0x00004000                . = ALIGN ((0x1 << LOG2CEIL ((_image_rodata_end - _image_rom_start))))
                0x00004000                _image_rom_end = .
                0x20000000                . = 0x20000000
                0x20000000                . = ALIGN (_region_min_align)
                0x20000000                _image_ram_start = .

.ramfunc        0x20000000        0x0 load address 0x00003510
                0x20000000                . = ALIGN (_region_min_align)
                0x20000000                . = ALIGN ((0x1 << LOG2CEIL (_ramfunc_ram_size)))
                0x20000000                _ramfunc_ram_start = .
 *(SORT_BY_ALIGNMENT(.ramfunc))
 *(SORT_BY_ALIGNMENT(.ramfunc.*))
                0x20000000                . = ALIGN (_region_min_align)
                0x20000000                . = ALIGN ((0x1 << LOG2CEIL (_ramfunc_ram_size)))
                0x20000000                _ramfunc_ram_end = .
                0x00000000                _ramfunc_ram_size = (_ramfunc_ram_end - _ramfunc_ram_start)
                0x00003510                _ramfunc_rom_start = LOADADDR (.ramfunc)

bss             0x20000000      0x6b6
                0x20000000                . = ALIGN (0x4)
                0x20000000                __bss_start = .
                0x20000000                __kernel_ram_start = .
 *(SORT_BY_ALIGNMENT(.bss))
 *(SORT_BY_ALIGNMENT(.bss.*))
 .bss.curr_tick
                0x20000000        0x8 zephyr/kernel/libkernel.a(timeout.c.obj)
 .bss.uart_console_dev
                0x20000008        0x4 zephyr/libzephyr.a(uart_console.c.obj)
 .bss.hfclk     0x2000000c        0xc zephyr/libzephyr.a(nrf_power_clock.c.obj)
 .bss.lfclk     0x20000018        0xc zephyr/libzephyr.a(nrf_power_clock.c.obj)
 .bss.last_count
                0x20000024        0x4 zephyr/libzephyr.a(nrf_rtc_timer.c.obj)
 .bss.mutex_slab
                0x20000028       0x1c zephyr/libzephyr.a(nrf_cc310_platform_mutex_zephyr.c.obj)
                0x20000028                mutex_slab
 .bss.mutex_slab_buffer
                0x20000044      0x500 zephyr/libzephyr.a(nrf_cc310_platform_mutex_zephyr.c.obj)
                0x20000044                mutex_slab_buffer
 .bss.gpio_nrfx_p0_data
                0x20000544       0x20 zephyr/drivers/gpio/libdrivers__gpio.a(gpio_nrfx.c.obj)
 .bss.gpio_nrfx_p1_data
                0x20000564       0x20 zephyr/drivers/gpio/libdrivers__gpio.a(gpio_nrfx.c.obj)
 .bss.z_idle_thread
                0x20000584       0x6c zephyr/kernel/libkernel.a(init.c.obj)
                0x20000584                z_idle_thread
 .bss.z_main_thread
                0x200005f0       0x6c zephyr/kernel/libkernel.a(init.c.obj)
                0x200005f0                z_main_thread
 .bss._kernel   0x2000065c       0x30 zephyr/kernel/libkernel.a(sched.c.obj)
                0x2000065c                _kernel
 .bss.pending_current
                0x2000068c        0x4 zephyr/kernel/libkernel.a(sched.c.obj)
 .bss.slice_max_prio
                0x20000690        0x4 zephyr/kernel/libkernel.a(sched.c.obj)
 .bss.slice_time
                0x20000694        0x4 zephyr/kernel/libkernel.a(sched.c.obj)
 .bss.announce_remaining
                0x20000698        0x4 zephyr/kernel/libkernel.a(timeout.c.obj)
 .bss.nrf_cc310_platform_initialized
                0x2000069c        0x4 C:/ncs.sojkk/nrfxlib/crypto/nrf_cc310_platform/lib/cortex-m4/soft-float/no-interrupts/libnrf_cc310_platform_0.9.0.a(nrf_cc310_platform.c.obj)
 .bss.asym_mutex
                0x200006a0        0x4 C:/ncs.sojkk/nrfxlib/crypto/nrf_cc310_platform/lib/cortex-m4/soft-float/no-interrupts/libnrf_cc310_platform_0.9.0.a(nrf_cc310_platform_mutex.c.obj)
 .bss.power_mutex
                0x200006a4        0x4 C:/ncs.sojkk/nrfxlib/crypto/nrf_cc310_platform/lib/cortex-m4/soft-float/no-interrupts/libnrf_cc310_platform_0.9.0.a(nrf_cc310_platform_mutex.c.obj)
 .bss.rng_mutex
                0x200006a8        0x4 C:/ncs.sojkk/nrfxlib/crypto/nrf_cc310_platform/lib/cortex-m4/soft-float/no-interrupts/libnrf_cc310_platform_0.9.0.a(nrf_cc310_platform_mutex.c.obj)
 .bss.sym_mutex
                0x200006ac        0x4 C:/ncs.sojkk/nrfxlib/crypto/nrf_cc310_platform/lib/cortex-m4/soft-float/no-interrupts/libnrf_cc310_platform_0.9.0.a(nrf_cc310_platform_mutex.c.obj)
 .bss.use_count
                0x200006b0        0x4 C:/ncs.sojkk/nrfxlib/crypto/nrf_cc310_platform/lib/cortex-m4/soft-float/no-interrupts/libnrf_cc310_platform_0.9.0.a(cc_pal_pm.c.obj)
 .bss.static_regions_num
                0x200006b4        0x1 zephyr/arch/arch/arm/core/cortex_m/mpu/libarch__arm__core__cortex_m__mpu.a(arm_mpu.c.obj)
 .bss.gpio_initialized.9129
                0x200006b5        0x1 zephyr/drivers/gpio/libdrivers__gpio.a(gpio_nrfx.c.obj)
 .bss.lock      0x200006b6        0x0 zephyr/kernel/libkernel.a(mem_slab.c.obj)
 .bss.lock      0x200006b6        0x0 zephyr/kernel/libkernel.a(mutex.c.obj)
 .bss.lock      0x200006b6        0x0 zephyr/kernel/libkernel.a(thread.c.obj)
 *(SORT_BY_ALIGNMENT(COMMON))
 *(SORT_BY_ALIGNMENT(.kernel_bss.*))
                0x200006b8                __bss_end = ALIGN (0x4)

noinit          0x200006b8      0xd40
 *(SORT_BY_ALIGNMENT(.noinit))
 *(SORT_BY_ALIGNMENT(.noinit.*))
 .noinit."C:/ncs.sojkk/zephyr/kernel/init.c".3
                0x200006b8      0x400 zephyr/kernel/libkernel.a(init.c.obj)
                0x200006b8                z_main_stack
 .noinit."C:/ncs.sojkk/zephyr/kernel/init.c".4
                0x20000ab8      0x140 zephyr/kernel/libkernel.a(init.c.obj)
                0x20000ab8                z_idle_stack
 .noinit."C:/ncs.sojkk/zephyr/kernel/init.c".5
                0x20000bf8      0x800 zephyr/kernel/libkernel.a(init.c.obj)
                0x20000bf8                _interrupt_stack
 *(SORT_BY_ALIGNMENT(.kernel_noinit.*))

datas           0x200013f8       0x7c load address 0x00003510
                0x200013f8                __data_ram_start = .
 *(SORT_BY_ALIGNMENT(.data))
 *(SORT_BY_ALIGNMENT(.data.*))
 .data._char_out
                0x200013f8        0x4 zephyr/libzephyr.a(printk.c.obj)
                0x200013f8                _char_out
 .data.asym_mutex
                0x200013fc        0x8 zephyr/libzephyr.a(nrf_cc310_platform_mutex_zephyr.c.obj)
                0x200013fc                asym_mutex
 .data.power_mutex
                0x20001404        0x8 zephyr/libzephyr.a(nrf_cc310_platform_mutex_zephyr.c.obj)
                0x20001404                power_mutex
 .data.rng_mutex
                0x2000140c        0x8 zephyr/libzephyr.a(nrf_cc310_platform_mutex_zephyr.c.obj)
                0x2000140c                rng_mutex
 .data.sym_mutex
                0x20001414        0x8 zephyr/libzephyr.a(nrf_cc310_platform_mutex_zephyr.c.obj)
                0x20001414                sym_mutex
 .data._stdout_hook
                0x2000141c        0x4 zephyr/lib/libc/minimal/liblib__libc__minimal.a(stdout_console.c.obj)
 .data.uart_nrfx_uart0_data
                0x20001420        0x8 zephyr/drivers/serial/libdrivers__serial.a(uart_nrfx_uart.c.obj)
 .data.SystemCoreClock
                0x20001428        0x4 zephyr/modules/nordic/lib..__modules__hal__nordic.a(system_nrf52840.c.obj)
                0x20001428                SystemCoreClock
 .data.timeout_list
                0x2000142c        0x8 zephyr/kernel/libkernel.a(timeout.c.obj)
 .data.platform_abort_apis
                0x20001434        0x8 C:/ncs.sojkk/nrfxlib/crypto/nrf_cc310_platform/lib/cortex-m4/soft-float/no-interrupts/libnrf_cc310_platform_0.9.0.a(nrf_cc310_platform_abort.c.obj)
                0x20001434                platform_abort_apis
 .data.platform_mutex_apis
                0x2000143c       0x10 C:/ncs.sojkk/nrfxlib/crypto/nrf_cc310_platform/lib/cortex-m4/soft-float/no-interrupts/libnrf_cc310_platform_0.9.0.a(nrf_cc310_platform_mutex.c.obj)
                0x2000143c                platform_mutex_apis
 .data.platform_mutexes
                0x2000144c       0x14 C:/ncs.sojkk/nrfxlib/crypto/nrf_cc310_platform/lib/cortex-m4/soft-float/no-interrupts/libnrf_cc310_platform_0.9.0.a(nrf_cc310_platform_mutex.c.obj)
                0x2000144c                platform_mutexes
 .data.CCAsymCryptoMutex
                0x20001460        0x4 C:/ncs.sojkk/nrfxlib/crypto/nrf_cc310_platform/lib/cortex-m4/soft-float/no-interrupts/libnrf_cc310_platform_0.9.0.a(cc_pal.c.obj)
                0x20001460                CCAsymCryptoMutex
 .data.CCPowerMutex
                0x20001464        0x4 C:/ncs.sojkk/nrfxlib/crypto/nrf_cc310_platform/lib/cortex-m4/soft-float/no-interrupts/libnrf_cc310_platform_0.9.0.a(cc_pal.c.obj)
                0x20001464                CCPowerMutex
 .data.CCRndCryptoMutex
                0x20001468        0x4 C:/ncs.sojkk/nrfxlib/crypto/nrf_cc310_platform/lib/cortex-m4/soft-float/no-interrupts/libnrf_cc310_platform_0.9.0.a(cc_pal.c.obj)
                0x20001468                CCRndCryptoMutex
 .data.CCSymCryptoMutex
                0x2000146c        0x4 C:/ncs.sojkk/nrfxlib/crypto/nrf_cc310_platform/lib/cortex-m4/soft-float/no-interrupts/libnrf_cc310_platform_0.9.0.a(cc_pal.c.obj)
                0x2000146c                CCSymCryptoMutex
 .data.pCCRndCryptoMutex
                0x20001470        0x4 C:/ncs.sojkk/nrfxlib/crypto/nrf_cc310_platform/lib/cortex-m4/soft-float/no-interrupts/libnrf_cc310_platform_0.9.0.a(cc_pal.c.obj)
                0x20001470                pCCRndCryptoMutex
 *(SORT_BY_ALIGNMENT(.kernel.*))
                0x00003510                __data_rom_start = LOADADDR (datas)

initlevel       0x20001474       0x90 load address 0x0000358c
                0x20001474                __device_init_start = .
                0x20001474                __device_PRE_KERNEL_1_start = .
 *(SORT_BY_NAME(SORT_BY_ALIGNMENT(.init_PRE_KERNEL_1[0-9])))
 .init_PRE_KERNEL_10
                0x20001474        0xc zephyr/libzephyr.a(soc.c.obj)
 *(SORT_BY_NAME(SORT_BY_ALIGNMENT(.init_PRE_KERNEL_1[1-9][0-9])))
 .init_PRE_KERNEL_130
                0x20001480        0xc zephyr/kernel/libkernel.a(mem_slab.c.obj)
 .init_PRE_KERNEL_130
                0x2000148c        0xc zephyr/kernel/libkernel.a(mempool.c.obj)
 .init_PRE_KERNEL_140
                0x20001498        0xc zephyr/arch/arch/arm/core/cortex_m/mpu/libarch__arm__core__cortex_m__mpu.a(arm_mpu.c.obj)
 .init_PRE_KERNEL_150
                0x200014a4       0x18 zephyr/libzephyr.a(nrf_power_clock.c.obj)
 .init_PRE_KERNEL_150
                0x200014bc        0xc zephyr/drivers/serial/libdrivers__serial.a(uart_nrfx_uart.c.obj)
 .init_PRE_KERNEL_160
                0x200014c8        0xc zephyr/libzephyr.a(uart_console.c.obj)
                0x200014d4                __device_PRE_KERNEL_2_start = .
 *(SORT_BY_NAME(SORT_BY_ALIGNMENT(.init_PRE_KERNEL_2[0-9])))
 .init_PRE_KERNEL_20
                0x200014d4        0xc zephyr/libzephyr.a(sys_clock_init.c.obj)
 *(SORT_BY_NAME(SORT_BY_ALIGNMENT(.init_PRE_KERNEL_2[1-9][0-9])))
                0x200014e0                __device_POST_KERNEL_start = .
 *(SORT_BY_NAME(SORT_BY_ALIGNMENT(.init_POST_KERNEL[0-9])))
 *(SORT_BY_NAME(SORT_BY_ALIGNMENT(.init_POST_KERNEL[1-9][0-9])))
 .init_POST_KERNEL40
                0x200014e0       0x18 zephyr/drivers/gpio/libdrivers__gpio.a(gpio_nrfx.c.obj)
 .init_POST_KERNEL40
                0x200014f8        0xc zephyr/modules/nrf/drivers/hw_cc310/lib..__nrf__drivers__hw_cc310.a(hw_cc310.c.obj)
                0x20001504                __device_APPLICATION_start = .
 *(SORT_BY_NAME(SORT_BY_ALIGNMENT(.init_APPLICATION[0-9])))
 *(SORT_BY_NAME(SORT_BY_ALIGNMENT(.init_APPLICATION[1-9][0-9])))
                0x20001504                __device_init_end = .

initlevel_error
                0x20001474        0x0
 *(SORT_BY_NAME(SORT_BY_ALIGNMENT(.init_[_A-Z0-9]*)))
                0x00000001                ASSERT ((SIZEOF (initlevel_error) == 0x0), Undefined initialization levels used.)

initshell       0x20001504        0x0 load address 0x0000361c
                0x20001504                __shell_module_start = .
 *(SORT_BY_ALIGNMENT(.shell_module_*))
                0x20001504                __shell_module_end = .
                0x20001504                __shell_cmd_start = .
 *(SORT_BY_ALIGNMENT(.shell_cmd_*))
                0x20001504                __shell_cmd_end = .

log_dynamic_sections
                0x20001504        0x0 load address 0x0000361c
                0x20001504                __log_dynamic_start = .
 *(SORT_BY_NAME(SORT_BY_ALIGNMENT(.log_dynamic_*)))
                0x20001504                __log_dynamic_end = .

_static_thread_area
                0x20001504        0x0 load address 0x0000361c
                0x20001504                __static_thread_data_list_start = .
 *(SORT_BY_NAME(SORT_BY_ALIGNMENT(.__static_thread_data.static.*)))
                0x20001504                __static_thread_data_list_end = .

_k_timer_area   0x20001504        0x0 load address 0x0000361c
                0x20001504                _k_timer_list_start = .
 *(SORT_BY_ALIGNMENT(._k_timer.static.*))
                0x20001504                _k_timer_list_end = .

_k_mem_slab_area
                0x20001504        0x0 load address 0x0000361c
                0x20001504                _k_mem_slab_list_start = .
 *(SORT_BY_ALIGNMENT(._k_mem_slab.static.*))
                0x20001504                _k_mem_slab_list_end = .

_k_mem_pool_area
                0x20001504        0x0 load address 0x0000361c
                0x20001504                _k_mem_pool_list_start = .
 *(SORT_BY_ALIGNMENT(._k_mem_pool.static.*))
                0x20001504                _k_mem_pool_list_end = .

_k_sem_area     0x20001504        0x0 load address 0x0000361c
                0x20001504                _k_sem_list_start = .
 *(SORT_BY_ALIGNMENT(._k_sem.static.*))
 *(SORT_BY_ALIGNMENT(._sys_sem.static.*))
                0x20001504                _k_sem_list_end = .

_k_mutex_area   0x20001504       0x64 load address 0x0000361c
                0x20001504                _k_mutex_list_start = .
 *(SORT_BY_ALIGNMENT(._k_mutex.static.*))
 ._k_mutex.static.fdtable_lock
                0x20001504       0x14 zephyr/libzephyr.a(fdtable.c.obj)
 ._k_mutex.static.asym_mutex_int
                0x20001518       0x14 zephyr/libzephyr.a(nrf_cc310_platform_mutex_zephyr.c.obj)
                0x20001518                asym_mutex_int
 ._k_mutex.static.power_mutex_int
                0x2000152c       0x14 zephyr/libzephyr.a(nrf_cc310_platform_mutex_zephyr.c.obj)
                0x2000152c                power_mutex_int
 ._k_mutex.static.rng_mutex_int
                0x20001540       0x14 zephyr/libzephyr.a(nrf_cc310_platform_mutex_zephyr.c.obj)
                0x20001540                rng_mutex_int
 ._k_mutex.static.sym_mutex_int
                0x20001554       0x14 zephyr/libzephyr.a(nrf_cc310_platform_mutex_zephyr.c.obj)
                0x20001554                sym_mutex_int
                0x20001568                _k_mutex_list_end = .

_k_queue_area   0x20001568        0x0 load address 0x00003680
                0x20001568                _k_queue_list_start = .
 *(SORT_BY_ALIGNMENT(._k_queue.static.*))
 *(SORT_BY_ALIGNMENT(._k_fifo.static.*))
 *(SORT_BY_ALIGNMENT(._k_lifo.static.*))
                0x20001568                _k_queue_list_end = .

_k_stack_area   0x20001568        0x0 load address 0x00003680
                0x20001568                _k_stack_list_start = .
 *(SORT_BY_ALIGNMENT(._k_stack.static.*))
                0x20001568                _k_stack_list_end = .

_k_msgq_area    0x20001568        0x0 load address 0x00003680
                0x20001568                _k_msgq_list_start = .
 *(SORT_BY_ALIGNMENT(._k_msgq.static.*))
                0x20001568                _k_msgq_list_end = .

_k_mbox_area    0x20001568        0x0 load address 0x00003680
                0x20001568                _k_mbox_list_start = .
 *(SORT_BY_ALIGNMENT(._k_mbox.static.*))
                0x20001568                _k_mbox_list_end = .

_k_pipe_area    0x20001568        0x0 load address 0x00003680
                0x20001568                _k_pipe_list_start = .
 *(SORT_BY_ALIGNMENT(._k_pipe.static.*))
                0x20001568                _k_pipe_list_end = .

_net_buf_pool_area
                0x20001568        0x0 load address 0x00003680
                0x20001568                _net_buf_pool_list = .
 *(SORT_BY_NAME(SORT_BY_ALIGNMENT(._net_buf_pool.static.*)))

net_if          0x20001568        0x0 load address 0x00003680
                0x20001568                __net_if_start = .
 *(SORT_BY_ALIGNMENT(.net_if.*))
 *(SORT_BY_NAME(SORT_BY_ALIGNMENT(.net_if.*)))
                0x20001568                __net_if_end = .

net_if_dev      0x20001568        0x0 load address 0x00003680
                0x20001568                __net_if_dev_start = .
 *(SORT_BY_ALIGNMENT(.net_if_dev.*))
 *(SORT_BY_NAME(SORT_BY_ALIGNMENT(.net_if_dev.*)))
                0x20001568                __net_if_dev_end = .

net_l2_data     0x20001568        0x0 load address 0x00003680
                0x20001568                __net_l2_data_start = .
 *(SORT_BY_ALIGNMENT(.net_l2.data))
 *(SORT_BY_NAME(SORT_BY_ALIGNMENT(.net_l2.data*)))
                0x20001568                __net_l2_data_end = .

priv_stacks_noinit
                0x20001568        0x0 load address 0x00003680
                0x20001568                z_priv_stacks_ram_start = .
 *(SORT_BY_ALIGNMENT(.priv_stacks.noinit))
                0x20001568                z_priv_stacks_ram_end = .
                0x20001568                __data_ram_end = .
                0x20001568                _image_ram_end = .
                0x20001568                _end = .
                0x20040000                __kernel_ram_end = 0x20040000
                0x00040000                __kernel_ram_size = (__kernel_ram_end - __kernel_ram_start)

.stab
 *(SORT_BY_ALIGNMENT(.stab))

.stabstr
 *(SORT_BY_ALIGNMENT(.stabstr))

.stab.excl
 *(SORT_BY_ALIGNMENT(.stab.excl))

.stab.exclstr
 *(SORT_BY_ALIGNMENT(.stab.exclstr))

.stab.index
 *(SORT_BY_ALIGNMENT(.stab.index))

.stab.indexstr
 *(SORT_BY_ALIGNMENT(.stab.indexstr))

.gnu.build.attributes
 *(SORT_BY_ALIGNMENT(.gnu.build.attributes) SORT_BY_ALIGNMENT(.gnu.build.attributes.*))

.comment        0x00000000       0xfe
 *(SORT_BY_ALIGNMENT(.comment))
 .comment       0x00000000       0x7f zephyr/CMakeFiles/zephyr_final.dir/isr_tables.c.obj
                                 0x80 (size before relaxing)
 .comment       0x0000007f       0x80 app/libapp.a(main.c.obj)
 .comment       0x0000007f       0x80 zephyr/libzephyr.a(isr_tables.c.obj)
 .comment       0x0000007f       0x80 zephyr/libzephyr.a(fdtable.c.obj)
 .comment       0x0000007f       0x80 zephyr/libzephyr.a(mempool.c.obj)
 .comment       0x0000007f       0x80 zephyr/libzephyr.a(thread_entry.c.obj)
 .comment       0x0000007f       0x80 zephyr/libzephyr.a(printk.c.obj)
 .comment       0x0000007f       0x80 zephyr/libzephyr.a(configs.c.obj)
 .comment       0x0000007f       0x80 zephyr/libzephyr.a(soc.c.obj)
 .comment       0x0000007f       0x80 zephyr/libzephyr.a(mpu_regions.c.obj)
 .comment       0x0000007f       0x80 zephyr/libzephyr.a(uart_console.c.obj)
 .comment       0x0000007f       0x80 zephyr/libzephyr.a(nrf_power_clock.c.obj)
 .comment       0x0000007f       0x80 zephyr/libzephyr.a(sys_clock_init.c.obj)
 .comment       0x0000007f       0x80 zephyr/libzephyr.a(nrf_rtc_timer.c.obj)
 .comment       0x0000007f       0x80 zephyr/libzephyr.a(nrf_cc310_platform_abort_zephyr.c.obj)
 .comment       0x0000007f       0x80 zephyr/libzephyr.a(nrf_cc310_platform_mutex_zephyr.c.obj)
 .comment       0x0000007f       0x80 zephyr/arch/arch/arm/core/libarch__arm__core.a(swap.c.obj)
 .comment       0x0000007f       0x80 zephyr/arch/arch/arm/core/libarch__arm__core.a(irq_manage.c.obj)
 .comment       0x0000007f       0x80 zephyr/arch/arch/arm/core/libarch__arm__core.a(thread.c.obj)
 .comment       0x0000007f       0x80 zephyr/arch/arch/arm/core/libarch__arm__core.a(fatal.c.obj)
 .comment       0x0000007f       0x80 zephyr/arch/arch/arm/core/libarch__arm__core.a(nmi.c.obj)
 .comment       0x0000007f       0x80 zephyr/arch/arch/arm/core/libarch__arm__core.a(prep_c.c.obj)
 .comment       0x0000007f       0x80 zephyr/arch/arch/arm/core/cortex_m/libarch__arm__core__cortex_m.a(fault.c.obj)
 .comment       0x0000007f       0x80 zephyr/arch/arch/arm/core/cortex_m/libarch__arm__core__cortex_m.a(irq_init.c.obj)
 .comment       0x0000007f       0x80 zephyr/arch/arch/arm/core/cortex_m/libarch__arm__core__cortex_m.a(thread_abort.c.obj)
 .comment       0x0000007f       0x80 zephyr/arch/arch/arm/core/cortex_m/mpu/libarch__arm__core__cortex_m__mpu.a(arm_core_mpu.c.obj)
 .comment       0x0000007f       0x80 zephyr/arch/arch/arm/core/cortex_m/mpu/libarch__arm__core__cortex_m__mpu.a(arm_mpu.c.obj)
 .comment       0x0000007f       0x80 zephyr/lib/libc/minimal/liblib__libc__minimal.a(string.c.obj)
 .comment       0x0000007f       0x80 zephyr/lib/libc/minimal/liblib__libc__minimal.a(stdout_console.c.obj)
 .comment       0x0000007f       0x80 zephyr/drivers/gpio/libdrivers__gpio.a(gpio_nrfx.c.obj)
 .comment       0x0000007f       0x80 zephyr/drivers/serial/libdrivers__serial.a(uart_nrfx_uart.c.obj)
 .comment       0x0000007f       0x80 zephyr/modules/nrf/drivers/hw_cc310/lib..__nrf__drivers__hw_cc310.a(hw_cc310.c.obj)
 .comment       0x0000007f       0x80 zephyr/modules/nordic/lib..__modules__hal__nordic.a(system_nrf52840.c.obj)
 .comment       0x0000007f       0x80 zephyr/kernel/libkernel.a(device.c.obj)
 .comment       0x0000007f       0x80 zephyr/kernel/libkernel.a(errno.c.obj)
 .comment       0x0000007f       0x80 zephyr/kernel/libkernel.a(fatal.c.obj)
 .comment       0x0000007f       0x80 zephyr/kernel/libkernel.a(idle.c.obj)
 .comment       0x0000007f       0x80 zephyr/kernel/libkernel.a(init.c.obj)
 .comment       0x0000007f       0x80 zephyr/kernel/libkernel.a(mem_slab.c.obj)
 .comment       0x0000007f       0x80 zephyr/kernel/libkernel.a(mutex.c.obj)
 .comment       0x0000007f       0x80 zephyr/kernel/libkernel.a(sched.c.obj)
 .comment       0x0000007f       0x80 zephyr/kernel/libkernel.a(thread.c.obj)
 .comment       0x0000007f       0x80 zephyr/kernel/libkernel.a(timeout.c.obj)
 .comment       0x0000007f       0x80 zephyr/kernel/libkernel.a(mempool.c.obj)
 .comment       0x0000007f       0x80 zephyr/CMakeFiles/offsets.dir/arch/arm/core/offsets/offsets.c.obj
 .comment       0x0000007f       0x7f C:/ncs.sojkk/nrfxlib/crypto/nrf_cc310_platform/lib/cortex-m4/soft-float/no-interrupts/libnrf_cc310_platform_0.9.0.a(nrf_cc310_platform.c.obj)
                                 0x80 (size before relaxing)
 .comment       0x000000fe       0x80 C:/ncs.sojkk/nrfxlib/crypto/nrf_cc310_platform/lib/cortex-m4/soft-float/no-interrupts/libnrf_cc310_platform_0.9.0.a(nrf_cc310_platform_abort.c.obj)
 .comment       0x000000fe       0x80 C:/ncs.sojkk/nrfxlib/crypto/nrf_cc310_platform/lib/cortex-m4/soft-float/no-interrupts/libnrf_cc310_platform_0.9.0.a(nrf_cc310_platform_mutex.c.obj)
 .comment       0x000000fe       0x80 C:/ncs.sojkk/nrfxlib/crypto/nrf_cc310_platform/lib/cortex-m4/soft-float/no-interrupts/libnrf_cc310_platform_0.9.0.a(cc_lib.c.obj)
 .comment       0x000000fe       0x80 C:/ncs.sojkk/nrfxlib/crypto/nrf_cc310_platform/lib/cortex-m4/soft-float/no-interrupts/libnrf_cc310_platform_0.9.0.a(cc_hal.c.obj)
 .comment       0x000000fe       0x80 C:/ncs.sojkk/nrfxlib/crypto/nrf_cc310_platform/lib/cortex-m4/soft-float/no-interrupts/libnrf_cc310_platform_0.9.0.a(cc_pal.c.obj)
 .comment       0x000000fe       0x80 C:/ncs.sojkk/nrfxlib/crypto/nrf_cc310_platform/lib/cortex-m4/soft-float/no-interrupts/libnrf_cc310_platform_0.9.0.a(cc_pal_dma.c.obj)
 .comment       0x000000fe       0x80 C:/ncs.sojkk/nrfxlib/crypto/nrf_cc310_platform/lib/cortex-m4/soft-float/no-interrupts/libnrf_cc310_platform_0.9.0.a(cc_pal_mutex.c.obj)
 .comment       0x000000fe       0x80 C:/ncs.sojkk/nrfxlib/crypto/nrf_cc310_platform/lib/cortex-m4/soft-float/no-interrupts/libnrf_cc310_platform_0.9.0.a(cc_pal_pm.c.obj)

.debug
 *(SORT_BY_ALIGNMENT(.debug))

.line
 *(SORT_BY_ALIGNMENT(.line))

.debug_srcinfo
 *(SORT_BY_ALIGNMENT(.debug_srcinfo))

.debug_sfnames
 *(SORT_BY_ALIGNMENT(.debug_sfnames))

.debug_aranges  0x00000000      0xd20
 *(SORT_BY_ALIGNMENT(.debug_aranges))
 .debug_aranges
                0x00000000       0x20 zephyr/arch/arch/arm/core/libarch__arm__core.a(exc_exit.S.obj)
 .debug_aranges
                0x00000020       0x28 zephyr/arch/arch/arm/core/libarch__arm__core.a(swap_helper.S.obj)
 .debug_aranges
                0x00000048       0x30 zephyr/arch/arch/arm/core/libarch__arm__core.a(cpu_idle.S.obj)
 .debug_aranges
                0x00000078       0x20 zephyr/arch/arch/arm/core/libarch__arm__core.a(fault_s.S.obj)
 .debug_aranges
                0x00000098       0x20 zephyr/arch/arch/arm/core/libarch__arm__core.a(nmi_on_reset.S.obj)
 .debug_aranges
                0x000000b8       0x20 zephyr/arch/arch/arm/core/libarch__arm__core.a(isr_wrapper.S.obj)
 .debug_aranges
                0x000000d8       0x20 zephyr/arch/arch/arm/core/cortex_m/libarch__arm__core__cortex_m.a(reset.S.obj)
 .debug_aranges
                0x000000f8       0x18 zephyr/CMakeFiles/zephyr_final.dir/isr_tables.c.obj
 .debug_aranges
                0x00000110       0x20 app/libapp.a(main.c.obj)
 .debug_aranges
                0x00000130       0x18 zephyr/libzephyr.a(isr_tables.c.obj)
 .debug_aranges
                0x00000148       0x50 zephyr/libzephyr.a(fdtable.c.obj)
 .debug_aranges
                0x00000198       0x60 zephyr/libzephyr.a(mempool.c.obj)
 .debug_aranges
                0x000001f8       0x20 zephyr/libzephyr.a(thread_entry.c.obj)
 .debug_aranges
                0x00000218       0x80 zephyr/libzephyr.a(printk.c.obj)
 .debug_aranges
                0x00000298       0x20 zephyr/libzephyr.a(configs.c.obj)
 .debug_aranges
                0x000002b8       0x38 zephyr/libzephyr.a(soc.c.obj)
 .debug_aranges
                0x000002f0       0x18 zephyr/libzephyr.a(mpu_regions.c.obj)
 .debug_aranges
                0x00000308       0x30 zephyr/libzephyr.a(uart_console.c.obj)
 .debug_aranges
                0x00000338       0x60 zephyr/libzephyr.a(nrf_power_clock.c.obj)
 .debug_aranges
                0x00000398       0x40 zephyr/libzephyr.a(sys_clock_init.c.obj)
 .debug_aranges
                0x000003d8       0x40 zephyr/libzephyr.a(nrf_rtc_timer.c.obj)
 .debug_aranges
                0x00000418       0x28 zephyr/libzephyr.a(nrf_cc310_platform_abort_zephyr.c.obj)
 .debug_aranges
                0x00000440       0x40 zephyr/libzephyr.a(nrf_cc310_platform_mutex_zephyr.c.obj)
 .debug_aranges
                0x00000480       0x20 zephyr/arch/arch/arm/core/libarch__arm__core.a(swap.c.obj)
 .debug_aranges
                0x000004a0       0x50 zephyr/arch/arch/arm/core/libarch__arm__core.a(irq_manage.c.obj)
 .debug_aranges
                0x000004f0       0x28 zephyr/arch/arch/arm/core/libarch__arm__core.a(thread.c.obj)
 .debug_aranges
                0x00000518       0x30 zephyr/arch/arch/arm/core/libarch__arm__core.a(fatal.c.obj)
 .debug_aranges
                0x00000548       0x20 zephyr/arch/arch/arm/core/libarch__arm__core.a(nmi.c.obj)
 .debug_aranges
                0x00000568       0x20 zephyr/arch/arch/arm/core/libarch__arm__core.a(prep_c.c.obj)
 .debug_aranges
                0x00000588       0x40 zephyr/arch/arch/arm/core/cortex_m/libarch__arm__core__cortex_m.a(fault.c.obj)
 .debug_aranges
                0x000005c8       0x20 zephyr/arch/arch/arm/core/cortex_m/libarch__arm__core__cortex_m.a(irq_init.c.obj)
 .debug_aranges
                0x000005e8       0x20 zephyr/arch/arch/arm/core/cortex_m/libarch__arm__core__cortex_m.a(thread_abort.c.obj)
 .debug_aranges
                0x00000608       0x28 zephyr/arch/arch/arm/core/cortex_m/mpu/libarch__arm__core__cortex_m__mpu.a(arm_core_mpu.c.obj)
 .debug_aranges
                0x00000630       0x48 zephyr/arch/arch/arm/core/cortex_m/mpu/libarch__arm__core__cortex_m__mpu.a(arm_mpu.c.obj)
 .debug_aranges
                0x00000678       0x90 zephyr/lib/libc/minimal/liblib__libc__minimal.a(string.c.obj)
 .debug_aranges
                0x00000708       0x58 zephyr/lib/libc/minimal/liblib__libc__minimal.a(stdout_console.c.obj)
 .debug_aranges
                0x00000760       0x80 zephyr/drivers/gpio/libdrivers__gpio.a(gpio_nrfx.c.obj)
 .debug_aranges
                0x000007e0       0x48 zephyr/drivers/serial/libdrivers__serial.a(uart_nrfx_uart.c.obj)
 .debug_aranges
                0x00000828       0x20 zephyr/modules/nrf/drivers/hw_cc310/lib..__nrf__drivers__hw_cc310.a(hw_cc310.c.obj)
 .debug_aranges
                0x00000848       0x30 zephyr/modules/nordic/lib..__modules__hal__nordic.a(system_nrf52840.c.obj)
 .debug_aranges
                0x00000878       0x30 zephyr/kernel/libkernel.a(device.c.obj)
 .debug_aranges
                0x000008a8       0x20 zephyr/kernel/libkernel.a(errno.c.obj)
 .debug_aranges
                0x000008c8       0x38 zephyr/kernel/libkernel.a(fatal.c.obj)
 .debug_aranges
                0x00000900       0x28 zephyr/kernel/libkernel.a(idle.c.obj)
 .debug_aranges
                0x00000928       0x48 zephyr/kernel/libkernel.a(init.c.obj)
 .debug_aranges
                0x00000970       0x38 zephyr/kernel/libkernel.a(mem_slab.c.obj)
 .debug_aranges
                0x000009a8       0x30 zephyr/kernel/libkernel.a(mutex.c.obj)
 .debug_aranges
                0x000009d8      0x190 zephyr/kernel/libkernel.a(sched.c.obj)
 .debug_aranges
                0x00000b68       0xd0 zephyr/kernel/libkernel.a(thread.c.obj)
 .debug_aranges
                0x00000c38       0x78 zephyr/kernel/libkernel.a(timeout.c.obj)
 .debug_aranges
                0x00000cb0       0x50 zephyr/kernel/libkernel.a(mempool.c.obj)
 .debug_aranges
                0x00000d00       0x20 zephyr/CMakeFiles/offsets.dir/arch/arm/core/offsets/offsets.c.obj

.debug_pubnames
 *(SORT_BY_ALIGNMENT(.debug_pubnames))

.debug_info     0x00000000    0x2ad81
 *(SORT_BY_ALIGNMENT(.debug_info) SORT_BY_ALIGNMENT(.gnu.linkonce.wi.*))
 .debug_info    0x00000000      0x1c4 zephyr/CMakeFiles/zephyr_final.dir/isr_tables.c.obj
 .debug_info    0x000001c4      0x8fc app/libapp.a(main.c.obj)
 .debug_info    0x00000ac0      0x1fa zephyr/libzephyr.a(isr_tables.c.obj)
 .debug_info    0x00000cba      0xc8c zephyr/libzephyr.a(fdtable.c.obj)
 .debug_info    0x00001946     0x1986 zephyr/libzephyr.a(mempool.c.obj)
 .debug_info    0x000032cc      0x7fd zephyr/libzephyr.a(thread_entry.c.obj)
 .debug_info    0x00003ac9     0x10a5 zephyr/libzephyr.a(printk.c.obj)
 .debug_info    0x00004b6e       0x37 zephyr/libzephyr.a(configs.c.obj)
 .debug_info    0x00004ba5     0x11ee zephyr/libzephyr.a(soc.c.obj)
 .debug_info    0x00005d93      0x1d4 zephyr/libzephyr.a(mpu_regions.c.obj)
 .debug_info    0x00005f67      0xb51 zephyr/libzephyr.a(uart_console.c.obj)
 .debug_info    0x00006ab8     0x1c87 zephyr/libzephyr.a(nrf_power_clock.c.obj)
 .debug_info    0x0000873f      0x91d zephyr/libzephyr.a(sys_clock_init.c.obj)
 .debug_info    0x0000905c     0x195c zephyr/libzephyr.a(nrf_rtc_timer.c.obj)
 .debug_info    0x0000a9b8      0x81a zephyr/libzephyr.a(nrf_cc310_platform_abort_zephyr.c.obj)
 .debug_info    0x0000b1d2      0xd94 zephyr/libzephyr.a(nrf_cc310_platform_mutex_zephyr.c.obj)
 .debug_info    0x0000bf66       0x26 zephyr/arch/arch/arm/core/libarch__arm__core.a(exc_exit.S.obj)
 .debug_info    0x0000bf8c       0x22 zephyr/arch/arch/arm/core/libarch__arm__core.a(swap_helper.S.obj)
 .debug_info    0x0000bfae       0x22 zephyr/arch/arch/arm/core/libarch__arm__core.a(cpu_idle.S.obj)
 .debug_info    0x0000bfd0       0x26 zephyr/arch/arch/arm/core/libarch__arm__core.a(fault_s.S.obj)
 .debug_info    0x0000bff6       0x26 zephyr/arch/arch/arm/core/libarch__arm__core.a(nmi_on_reset.S.obj)
 .debug_info    0x0000c01c       0x26 zephyr/arch/arch/arm/core/libarch__arm__core.a(isr_wrapper.S.obj)
 .debug_info    0x0000c042      0xa9d zephyr/arch/arch/arm/core/libarch__arm__core.a(swap.c.obj)
 .debug_info    0x0000cadf      0xed3 zephyr/arch/arch/arm/core/libarch__arm__core.a(irq_manage.c.obj)
 .debug_info    0x0000d9b2      0xc1b zephyr/arch/arch/arm/core/libarch__arm__core.a(thread.c.obj)
 .debug_info    0x0000e5cd      0xd8b zephyr/arch/arch/arm/core/libarch__arm__core.a(fatal.c.obj)
 .debug_info    0x0000f358      0x71c zephyr/arch/arch/arm/core/libarch__arm__core.a(nmi.c.obj)
 .debug_info    0x0000fa74      0xb26 zephyr/arch/arch/arm/core/libarch__arm__core.a(prep_c.c.obj)
 .debug_info    0x0001059a       0x26 zephyr/arch/arch/arm/core/cortex_m/libarch__arm__core__cortex_m.a(reset.S.obj)
 .debug_info    0x000105c0     0x1495 zephyr/arch/arch/arm/core/cortex_m/libarch__arm__core__cortex_m.a(fault.c.obj)
 .debug_info    0x00011a55      0x635 zephyr/arch/arch/arm/core/cortex_m/libarch__arm__core__cortex_m.a(irq_init.c.obj)
 .debug_info    0x0001208a      0xb63 zephyr/arch/arch/arm/core/cortex_m/libarch__arm__core__cortex_m.a(thread_abort.c.obj)
 .debug_info    0x00012bed      0xc22 zephyr/arch/arch/arm/core/cortex_m/mpu/libarch__arm__core__cortex_m__mpu.a(arm_core_mpu.c.obj)
 .debug_info    0x0001380f     0x144f zephyr/arch/arch/arm/core/cortex_m/mpu/libarch__arm__core__cortex_m__mpu.a(arm_mpu.c.obj)
 .debug_info    0x00014c5e      0x5ec zephyr/lib/libc/minimal/liblib__libc__minimal.a(string.c.obj)
 .debug_info    0x0001524a      0x5ab zephyr/lib/libc/minimal/liblib__libc__minimal.a(stdout_console.c.obj)
 .debug_info    0x000157f5     0x265d zephyr/drivers/gpio/libdrivers__gpio.a(gpio_nrfx.c.obj)
 .debug_info    0x00017e52     0x1bfd zephyr/drivers/serial/libdrivers__serial.a(uart_nrfx_uart.c.obj)
 .debug_info    0x00019a4f      0xa0c zephyr/modules/nrf/drivers/hw_cc310/lib..__nrf__drivers__hw_cc310.a(hw_cc310.c.obj)
 .debug_info    0x0001a45b     0x1321 zephyr/modules/nordic/lib..__modules__hal__nordic.a(system_nrf52840.c.obj)
 .debug_info    0x0001b77c      0x8f3 zephyr/kernel/libkernel.a(device.c.obj)
 .debug_info    0x0001c06f      0x91c zephyr/kernel/libkernel.a(errno.c.obj)
 .debug_info    0x0001c98b     0x10d4 zephyr/kernel/libkernel.a(fatal.c.obj)
 .debug_info    0x0001da5f      0xaaa zephyr/kernel/libkernel.a(idle.c.obj)
 .debug_info    0x0001e509     0x1b9f zephyr/kernel/libkernel.a(init.c.obj)
 .debug_info    0x000200a8     0x105d zephyr/kernel/libkernel.a(mem_slab.c.obj)
 .debug_info    0x00021105     0x11a5 zephyr/kernel/libkernel.a(mutex.c.obj)
 .debug_info    0x000222aa     0x3df8 zephyr/kernel/libkernel.a(sched.c.obj)
 .debug_info    0x000260a2     0x1b86 zephyr/kernel/libkernel.a(thread.c.obj)
 .debug_info    0x00027c28     0x17ce zephyr/kernel/libkernel.a(timeout.c.obj)
 .debug_info    0x000293f6     0x10f7 zephyr/kernel/libkernel.a(mempool.c.obj)
 .debug_info    0x0002a4ed      0x894 zephyr/CMakeFiles/offsets.dir/arch/arm/core/offsets/offsets.c.obj

.debug_abbrev   0x00000000     0x8389
 *(SORT_BY_ALIGNMENT(.debug_abbrev))
 .debug_abbrev  0x00000000       0xe5 zephyr/CMakeFiles/zephyr_final.dir/isr_tables.c.obj
 .debug_abbrev  0x000000e5      0x200 app/libapp.a(main.c.obj)
 .debug_abbrev  0x000002e5       0xe5 zephyr/libzephyr.a(isr_tables.c.obj)
 .debug_abbrev  0x000003ca      0x373 zephyr/libzephyr.a(fdtable.c.obj)
 .debug_abbrev  0x0000073d      0x4ec zephyr/libzephyr.a(mempool.c.obj)
 .debug_abbrev  0x00000c29      0x21e zephyr/libzephyr.a(thread_entry.c.obj)
 .debug_abbrev  0x00000e47      0x46b zephyr/libzephyr.a(printk.c.obj)
 .debug_abbrev  0x000012b2       0x2c zephyr/libzephyr.a(configs.c.obj)
 .debug_abbrev  0x000012de      0x3a2 zephyr/libzephyr.a(soc.c.obj)
 .debug_abbrev  0x00001680       0xe3 zephyr/libzephyr.a(mpu_regions.c.obj)
 .debug_abbrev  0x00001763      0x33c zephyr/libzephyr.a(uart_console.c.obj)
 .debug_abbrev  0x00001a9f      0x4f5 zephyr/libzephyr.a(nrf_power_clock.c.obj)
 .debug_abbrev  0x00001f94      0x23b zephyr/libzephyr.a(sys_clock_init.c.obj)
 .debug_abbrev  0x000021cf      0x434 zephyr/libzephyr.a(nrf_rtc_timer.c.obj)
 .debug_abbrev  0x00002603      0x1f2 zephyr/libzephyr.a(nrf_cc310_platform_abort_zephyr.c.obj)
 .debug_abbrev  0x000027f5      0x309 zephyr/libzephyr.a(nrf_cc310_platform_mutex_zephyr.c.obj)
 .debug_abbrev  0x00002afe       0x14 zephyr/arch/arch/arm/core/libarch__arm__core.a(exc_exit.S.obj)
 .debug_abbrev  0x00002b12       0x12 zephyr/arch/arch/arm/core/libarch__arm__core.a(swap_helper.S.obj)
 .debug_abbrev  0x00002b24       0x12 zephyr/arch/arch/arm/core/libarch__arm__core.a(cpu_idle.S.obj)
 .debug_abbrev  0x00002b36       0x14 zephyr/arch/arch/arm/core/libarch__arm__core.a(fault_s.S.obj)
 .debug_abbrev  0x00002b4a       0x14 zephyr/arch/arch/arm/core/libarch__arm__core.a(nmi_on_reset.S.obj)
 .debug_abbrev  0x00002b5e       0x14 zephyr/arch/arch/arm/core/libarch__arm__core.a(isr_wrapper.S.obj)
 .debug_abbrev  0x00002b72      0x1f3 zephyr/arch/arch/arm/core/libarch__arm__core.a(swap.c.obj)
 .debug_abbrev  0x00002d65      0x313 zephyr/arch/arch/arm/core/libarch__arm__core.a(irq_manage.c.obj)
 .debug_abbrev  0x00003078      0x2bd zephyr/arch/arch/arm/core/libarch__arm__core.a(thread.c.obj)
 .debug_abbrev  0x00003335      0x34a zephyr/arch/arch/arm/core/libarch__arm__core.a(fatal.c.obj)
 .debug_abbrev  0x0000367f      0x19f zephyr/arch/arch/arm/core/libarch__arm__core.a(nmi.c.obj)
 .debug_abbrev  0x0000381e      0x208 zephyr/arch/arch/arm/core/libarch__arm__core.a(prep_c.c.obj)
 .debug_abbrev  0x00003a26       0x14 zephyr/arch/arch/arm/core/cortex_m/libarch__arm__core__cortex_m.a(reset.S.obj)
 .debug_abbrev  0x00003a3a      0x3be zephyr/arch/arch/arm/core/cortex_m/libarch__arm__core__cortex_m.a(fault.c.obj)
 .debug_abbrev  0x00003df8      0x1b7 zephyr/arch/arch/arm/core/cortex_m/libarch__arm__core__cortex_m.a(irq_init.c.obj)
 .debug_abbrev  0x00003faf      0x257 zephyr/arch/arch/arm/core/cortex_m/libarch__arm__core__cortex_m.a(thread_abort.c.obj)
 .debug_abbrev  0x00004206      0x1ee zephyr/arch/arch/arm/core/cortex_m/mpu/libarch__arm__core__cortex_m__mpu.a(arm_core_mpu.c.obj)
 .debug_abbrev  0x000043f4      0x3e3 zephyr/arch/arch/arm/core/cortex_m/mpu/libarch__arm__core__cortex_m__mpu.a(arm_mpu.c.obj)
 .debug_abbrev  0x000047d7      0x18f zephyr/lib/libc/minimal/liblib__libc__minimal.a(string.c.obj)
 .debug_abbrev  0x00004966      0x219 zephyr/lib/libc/minimal/liblib__libc__minimal.a(stdout_console.c.obj)
 .debug_abbrev  0x00004b7f      0x543 zephyr/drivers/gpio/libdrivers__gpio.a(gpio_nrfx.c.obj)
 .debug_abbrev  0x000050c2      0x46f zephyr/drivers/serial/libdrivers__serial.a(uart_nrfx_uart.c.obj)
 .debug_abbrev  0x00005531      0x208 zephyr/modules/nrf/drivers/hw_cc310/lib..__nrf__drivers__hw_cc310.a(hw_cc310.c.obj)
 .debug_abbrev  0x00005739      0x22e zephyr/modules/nordic/lib..__modules__hal__nordic.a(system_nrf52840.c.obj)
 .debug_abbrev  0x00005967      0x270 zephyr/kernel/libkernel.a(device.c.obj)
 .debug_abbrev  0x00005bd7      0x1bf zephyr/kernel/libkernel.a(errno.c.obj)
 .debug_abbrev  0x00005d96      0x33d zephyr/kernel/libkernel.a(fatal.c.obj)
 .debug_abbrev  0x000060d3      0x2d0 zephyr/kernel/libkernel.a(idle.c.obj)
 .debug_abbrev  0x000063a3      0x4c5 zephyr/kernel/libkernel.a(init.c.obj)
 .debug_abbrev  0x00006868      0x37f zephyr/kernel/libkernel.a(mem_slab.c.obj)
 .debug_abbrev  0x00006be7      0x388 zephyr/kernel/libkernel.a(mutex.c.obj)
 .debug_abbrev  0x00006f6f      0x5fd zephyr/kernel/libkernel.a(sched.c.obj)
 .debug_abbrev  0x0000756c      0x521 zephyr/kernel/libkernel.a(thread.c.obj)
 .debug_abbrev  0x00007a8d      0x3e9 zephyr/kernel/libkernel.a(timeout.c.obj)
 .debug_abbrev  0x00007e76      0x383 zephyr/kernel/libkernel.a(mempool.c.obj)
 .debug_abbrev  0x000081f9      0x190 zephyr/CMakeFiles/offsets.dir/arch/arm/core/offsets/offsets.c.obj

.debug_line     0x00000000     0xc58c
 *(SORT_BY_ALIGNMENT(.debug_line) SORT_BY_ALIGNMENT(.debug_line.*) SORT_BY_ALIGNMENT(.debug_line_end))
 .debug_line    0x00000000      0x18f zephyr/CMakeFiles/zephyr_final.dir/isr_tables.c.obj
 .debug_line    0x0000018f      0x329 app/libapp.a(main.c.obj)
 .debug_line    0x000004b8      0x1a8 zephyr/libzephyr.a(isr_tables.c.obj)
 .debug_line    0x00000660      0x45c zephyr/libzephyr.a(fdtable.c.obj)
 .debug_line    0x00000abc      0x6f8 zephyr/libzephyr.a(mempool.c.obj)
 .debug_line    0x000011b4      0x315 zephyr/libzephyr.a(thread_entry.c.obj)
 .debug_line    0x000014c9      0x544 zephyr/libzephyr.a(printk.c.obj)
 .debug_line    0x00001a0d      0x143 zephyr/libzephyr.a(configs.c.obj)
 .debug_line    0x00001b50      0x470 zephyr/libzephyr.a(soc.c.obj)
 .debug_line    0x00001fc0      0x1b6 zephyr/libzephyr.a(mpu_regions.c.obj)
 .debug_line    0x00002176      0x3b7 zephyr/libzephyr.a(uart_console.c.obj)
 .debug_line    0x0000252d      0x630 zephyr/libzephyr.a(nrf_power_clock.c.obj)
 .debug_line    0x00002b5d      0x330 zephyr/libzephyr.a(sys_clock_init.c.obj)
 .debug_line    0x00002e8d      0x5cd zephyr/libzephyr.a(nrf_rtc_timer.c.obj)
 .debug_line    0x0000345a      0x36a zephyr/libzephyr.a(nrf_cc310_platform_abort_zephyr.c.obj)
 .debug_line    0x000037c4      0x450 zephyr/libzephyr.a(nrf_cc310_platform_mutex_zephyr.c.obj)
 .debug_line    0x00003c14       0x6d zephyr/arch/arch/arm/core/libarch__arm__core.a(exc_exit.S.obj)
 .debug_line    0x00003c81       0xb3 zephyr/arch/arch/arm/core/libarch__arm__core.a(swap_helper.S.obj)
 .debug_line    0x00003d34       0x8b zephyr/arch/arch/arm/core/libarch__arm__core.a(cpu_idle.S.obj)
 .debug_line    0x00003dbf       0x6b zephyr/arch/arch/arm/core/libarch__arm__core.a(fault_s.S.obj)
 .debug_line    0x00003e2a       0x61 zephyr/arch/arch/arm/core/libarch__arm__core.a(nmi_on_reset.S.obj)
 .debug_line    0x00003e8b       0x8a zephyr/arch/arch/arm/core/libarch__arm__core.a(isr_wrapper.S.obj)
 .debug_line    0x00003f15      0x3a9 zephyr/arch/arch/arm/core/libarch__arm__core.a(swap.c.obj)
 .debug_line    0x000042be      0x431 zephyr/arch/arch/arm/core/libarch__arm__core.a(irq_manage.c.obj)
 .debug_line    0x000046ef      0x412 zephyr/arch/arch/arm/core/libarch__arm__core.a(thread.c.obj)
 .debug_line    0x00004b01      0x42b zephyr/arch/arch/arm/core/libarch__arm__core.a(fatal.c.obj)
 .debug_line    0x00004f2c      0x30a zephyr/arch/arch/arm/core/libarch__arm__core.a(nmi.c.obj)
 .debug_line    0x00005236      0x39b zephyr/arch/arch/arm/core/libarch__arm__core.a(prep_c.c.obj)
 .debug_line    0x000055d1       0x73 zephyr/arch/arch/arm/core/cortex_m/libarch__arm__core__cortex_m.a(reset.S.obj)
 .debug_line    0x00005644      0x4ca zephyr/arch/arch/arm/core/cortex_m/libarch__arm__core__cortex_m.a(fault.c.obj)
 .debug_line    0x00005b0e      0x206 zephyr/arch/arch/arm/core/cortex_m/libarch__arm__core__cortex_m.a(irq_init.c.obj)
 .debug_line    0x00005d14      0x3db zephyr/arch/arch/arm/core/cortex_m/libarch__arm__core__cortex_m.a(thread_abort.c.obj)
 .debug_line    0x000060ef      0x428 zephyr/arch/arch/arm/core/cortex_m/mpu/libarch__arm__core__cortex_m__mpu.a(arm_core_mpu.c.obj)
 .debug_line    0x00006517      0x5bd zephyr/arch/arch/arm/core/cortex_m/mpu/libarch__arm__core__cortex_m__mpu.a(arm_mpu.c.obj)
 .debug_line    0x00006ad4      0x2e0 zephyr/lib/libc/minimal/liblib__libc__minimal.a(string.c.obj)
 .debug_line    0x00006db4      0x213 zephyr/lib/libc/minimal/liblib__libc__minimal.a(stdout_console.c.obj)
 .debug_line    0x00006fc7      0x7e8 zephyr/drivers/gpio/libdrivers__gpio.a(gpio_nrfx.c.obj)
 .debug_line    0x000077af      0x500 zephyr/drivers/serial/libdrivers__serial.a(uart_nrfx_uart.c.obj)
 .debug_line    0x00007caf      0x37a zephyr/modules/nrf/drivers/hw_cc310/lib..__nrf__drivers__hw_cc310.a(hw_cc310.c.obj)
 .debug_line    0x00008029      0x19d zephyr/modules/nordic/lib..__modules__hal__nordic.a(system_nrf52840.c.obj)
 .debug_line    0x000081c6      0x35c zephyr/kernel/libkernel.a(device.c.obj)
 .debug_line    0x00008522      0x38f zephyr/kernel/libkernel.a(errno.c.obj)
 .debug_line    0x000088b1      0x46e zephyr/kernel/libkernel.a(fatal.c.obj)
 .debug_line    0x00008d1f      0x458 zephyr/kernel/libkernel.a(idle.c.obj)
 .debug_line    0x00009177      0x65b zephyr/kernel/libkernel.a(init.c.obj)
 .debug_line    0x000097d2      0x4bc zephyr/kernel/libkernel.a(mem_slab.c.obj)
 .debug_line    0x00009c8e      0x4d8 zephyr/kernel/libkernel.a(mutex.c.obj)
 .debug_line    0x0000a166      0xdb7 zephyr/kernel/libkernel.a(sched.c.obj)
 .debug_line    0x0000af1d      0x6f4 zephyr/kernel/libkernel.a(thread.c.obj)
 .debug_line    0x0000b611      0x6c0 zephyr/kernel/libkernel.a(timeout.c.obj)
 .debug_line    0x0000bcd1      0x505 zephyr/kernel/libkernel.a(mempool.c.obj)
 .debug_line    0x0000c1d6      0x3b6 zephyr/CMakeFiles/offsets.dir/arch/arm/core/offsets/offsets.c.obj

.debug_frame    0x00000000     0x1bc0
 *(SORT_BY_ALIGNMENT(.debug_frame))
 .debug_frame   0x00000000       0x20 app/libapp.a(main.c.obj)
 .debug_frame   0x00000020       0xb4 zephyr/libzephyr.a(fdtable.c.obj)
 .debug_frame   0x000000d4      0x140 zephyr/libzephyr.a(mempool.c.obj)
 .debug_frame   0x00000214       0x28 zephyr/libzephyr.a(thread_entry.c.obj)
 .debug_frame   0x0000023c      0x1a0 zephyr/libzephyr.a(printk.c.obj)
 .debug_frame   0x000003dc       0x20 zephyr/libzephyr.a(configs.c.obj)
 .debug_frame   0x000003fc       0x50 zephyr/libzephyr.a(soc.c.obj)
 .debug_frame   0x0000044c       0x60 zephyr/libzephyr.a(uart_console.c.obj)
 .debug_frame   0x000004ac       0xec zephyr/libzephyr.a(nrf_power_clock.c.obj)
 .debug_frame   0x00000598       0x70 zephyr/libzephyr.a(sys_clock_init.c.obj)
 .debug_frame   0x00000608       0x80 zephyr/libzephyr.a(nrf_rtc_timer.c.obj)
 .debug_frame   0x00000688       0x30 zephyr/libzephyr.a(nrf_cc310_platform_abort_zephyr.c.obj)
 .debug_frame   0x000006b8       0x90 zephyr/libzephyr.a(nrf_cc310_platform_mutex_zephyr.c.obj)
 .debug_frame   0x00000748       0x20 zephyr/arch/arch/arm/core/libarch__arm__core.a(swap.c.obj)
 .debug_frame   0x00000768       0x88 zephyr/arch/arch/arm/core/libarch__arm__core.a(irq_manage.c.obj)
 .debug_frame   0x000007f0       0x50 zephyr/arch/arch/arm/core/libarch__arm__core.a(thread.c.obj)
 .debug_frame   0x00000840       0x48 zephyr/arch/arch/arm/core/libarch__arm__core.a(fatal.c.obj)
 .debug_frame   0x00000888       0x2c zephyr/arch/arch/arm/core/libarch__arm__core.a(nmi.c.obj)
 .debug_frame   0x000008b4       0x28 zephyr/arch/arch/arm/core/libarch__arm__core.a(prep_c.c.obj)
 .debug_frame   0x000008dc       0x70 zephyr/arch/arch/arm/core/cortex_m/libarch__arm__core__cortex_m.a(fault.c.obj)
 .debug_frame   0x0000094c       0x20 zephyr/arch/arch/arm/core/cortex_m/libarch__arm__core__cortex_m.a(irq_init.c.obj)
 .debug_frame   0x0000096c       0x34 zephyr/arch/arch/arm/core/cortex_m/libarch__arm__core__cortex_m.a(thread_abort.c.obj)
 .debug_frame   0x000009a0       0x40 zephyr/arch/arch/arm/core/cortex_m/mpu/libarch__arm__core__cortex_m__mpu.a(arm_core_mpu.c.obj)
 .debug_frame   0x000009e0       0xa0 zephyr/arch/arch/arm/core/cortex_m/mpu/libarch__arm__core__cortex_m__mpu.a(arm_mpu.c.obj)
 .debug_frame   0x00000a80      0x170 zephyr/lib/libc/minimal/liblib__libc__minimal.a(string.c.obj)
 .debug_frame   0x00000bf0       0xb8 zephyr/lib/libc/minimal/liblib__libc__minimal.a(stdout_console.c.obj)
 .debug_frame   0x00000ca8      0x1a8 zephyr/drivers/gpio/libdrivers__gpio.a(gpio_nrfx.c.obj)
 .debug_frame   0x00000e50       0x9c zephyr/drivers/serial/libdrivers__serial.a(uart_nrfx_uart.c.obj)
 .debug_frame   0x00000eec       0x2c zephyr/modules/nrf/drivers/hw_cc310/lib..__nrf__drivers__hw_cc310.a(hw_cc310.c.obj)
 .debug_frame   0x00000f18       0x48 zephyr/modules/nordic/lib..__modules__hal__nordic.a(system_nrf52840.c.obj)
 .debug_frame   0x00000f60       0x68 zephyr/kernel/libkernel.a(device.c.obj)
 .debug_frame   0x00000fc8       0x20 zephyr/kernel/libkernel.a(errno.c.obj)
 .debug_frame   0x00000fe8       0x74 zephyr/kernel/libkernel.a(fatal.c.obj)
 .debug_frame   0x0000105c       0x38 zephyr/kernel/libkernel.a(idle.c.obj)
 .debug_frame   0x00001094       0x90 zephyr/kernel/libkernel.a(init.c.obj)
 .debug_frame   0x00001124       0x88 zephyr/kernel/libkernel.a(mem_slab.c.obj)
 .debug_frame   0x000011ac       0x68 zephyr/kernel/libkernel.a(mutex.c.obj)
 .debug_frame   0x00001214      0x4d8 zephyr/kernel/libkernel.a(sched.c.obj)
 .debug_frame   0x000016ec      0x22c zephyr/kernel/libkernel.a(thread.c.obj)
 .debug_frame   0x00001918      0x13c zephyr/kernel/libkernel.a(timeout.c.obj)
 .debug_frame   0x00001a54       0xd4 zephyr/kernel/libkernel.a(mempool.c.obj)
 .debug_frame   0x00001b28       0x20 zephyr/CMakeFiles/offsets.dir/arch/arm/core/offsets/offsets.c.obj
 .debug_frame   0x00001b48       0x44 c:/program files (x86)/gnu tools arm embedded/7 2018-q2-update/bin/../lib/gcc/arm-none-eabi/7.3.1/thumb/v7e-m\libgcc.a(_aeabi_ldivmod.o)
 .debug_frame   0x00001b8c       0x34 c:/program files (x86)/gnu tools arm embedded/7 2018-q2-update/bin/../lib/gcc/arm-none-eabi/7.3.1/thumb/v7e-m\libgcc.a(_udivmoddi4.o)

.debug_str      0x00000000     0x6514
 *(SORT_BY_ALIGNMENT(.debug_str))
 .debug_str     0x00000000      0x288 zephyr/CMakeFiles/zephyr_final.dir/isr_tables.c.obj
                                0x2fb (size before relaxing)
 .debug_str     0x00000288      0x37e app/libapp.a(main.c.obj)
                                0x71b (size before relaxing)
 .debug_str     0x00000606       0x51 zephyr/libzephyr.a(isr_tables.c.obj)
                                0x33f (size before relaxing)
 .debug_str     0x00000657      0x270 zephyr/libzephyr.a(fdtable.c.obj)
                                0x87c (size before relaxing)
 .debug_str     0x000008c7      0x337 zephyr/libzephyr.a(mempool.c.obj)
                                0x9dd (size before relaxing)
 .debug_str     0x00000bfe       0x7d zephyr/libzephyr.a(thread_entry.c.obj)
                                0x653 (size before relaxing)
 .debug_str     0x00000c7b      0x179 zephyr/libzephyr.a(printk.c.obj)
                                0x942 (size before relaxing)
 .debug_str     0x00000df4       0x2f zephyr/libzephyr.a(configs.c.obj)
                                0x1a9 (size before relaxing)
 .debug_str     0x00000e23      0x46c zephyr/libzephyr.a(soc.c.obj)
                                0xb3c (size before relaxing)
 .debug_str     0x0000128f       0x3b zephyr/libzephyr.a(mpu_regions.c.obj)
                                0x318 (size before relaxing)
 .debug_str     0x000012ca      0x12a zephyr/libzephyr.a(uart_console.c.obj)
                                0x8cd (size before relaxing)
 .debug_str     0x000013f4      0x9f2 zephyr/libzephyr.a(nrf_power_clock.c.obj)
                               0x11ed (size before relaxing)
 .debug_str     0x00001de6      0x107 zephyr/libzephyr.a(sys_clock_init.c.obj)
                                0x822 (size before relaxing)
 .debug_str     0x00001eed      0x684 zephyr/libzephyr.a(nrf_rtc_timer.c.obj)
                               0x1033 (size before relaxing)
 .debug_str     0x00002571      0x129 zephyr/libzephyr.a(nrf_cc310_platform_abort_zephyr.c.obj)
                                0x7f9 (size before relaxing)
 .debug_str     0x0000269a      0x2d2 zephyr/libzephyr.a(nrf_cc310_platform_mutex_zephyr.c.obj)
                                0xb12 (size before relaxing)
 .debug_str     0x0000296c       0x3b zephyr/arch/arch/arm/core/libarch__arm__core.a(exc_exit.S.obj)
                                 0x85 (size before relaxing)
 .debug_str     0x000029a7       0x30 zephyr/arch/arch/arm/core/libarch__arm__core.a(swap_helper.S.obj)
                                 0x88 (size before relaxing)
 .debug_str     0x000029d7       0x2d zephyr/arch/arch/arm/core/libarch__arm__core.a(cpu_idle.S.obj)
                                 0x85 (size before relaxing)
 .debug_str     0x00002a04       0x2c zephyr/arch/arch/arm/core/libarch__arm__core.a(fault_s.S.obj)
                                 0x84 (size before relaxing)
 .debug_str     0x00002a30       0x31 zephyr/arch/arch/arm/core/libarch__arm__core.a(nmi_on_reset.S.obj)
                                 0x89 (size before relaxing)
 .debug_str     0x00002a61       0x30 zephyr/arch/arch/arm/core/libarch__arm__core.a(isr_wrapper.S.obj)
                                 0x88 (size before relaxing)
 .debug_str     0x00002a91       0x43 zephyr/arch/arch/arm/core/libarch__arm__core.a(swap.c.obj)
                                0x749 (size before relaxing)
 .debug_str     0x00002ad4      0x113 zephyr/arch/arch/arm/core/libarch__arm__core.a(irq_manage.c.obj)
                                0xb73 (size before relaxing)