Archive member included to satisfy reference by file (symbol)

app/libapp.a(main.c.obj)      (--whole-archive)
app/libapp.a(orientation_detector.c.obj)
                              (--whole-archive)
app/libapp.a(ui.c.obj)        (--whole-archive)
app/libapp.a(cloud_codec.c.obj)
                              (--whole-archive)
app/libapp.a(service_info.c.obj)
                              (--whole-archive)
app/libapp.a(gps_controller.c.obj)
                              (--whole-archive)
app/libapp.a(env_sensors.c.obj)
                              (--whole-archive)
zephyr/libzephyr.a(isr_tables.c.obj)
                              (--whole-archive)
zephyr/libzephyr.a(sw_isr_common.c.obj)
                              (--whole-archive)
zephyr/libzephyr.a(arm_core_cmse.c.obj)
                              (--whole-archive)
zephyr/libzephyr.a(crc32_sw.c.obj)
                              (--whole-archive)
zephyr/libzephyr.a(crc16_sw.c.obj)
                              (--whole-archive)
zephyr/libzephyr.a(crc8_sw.c.obj)
                              (--whole-archive)
zephyr/libzephyr.a(crc7_sw.c.obj)
                              (--whole-archive)
zephyr/libzephyr.a(dec.c.obj)
                              (--whole-archive)
zephyr/libzephyr.a(fdtable.c.obj)
                              (--whole-archive)
zephyr/libzephyr.a(hex.c.obj)
                              (--whole-archive)
zephyr/libzephyr.a(mempool.c.obj)
                              (--whole-archive)
zephyr/libzephyr.a(rb.c.obj)  (--whole-archive)
zephyr/libzephyr.a(sem.c.obj)
                              (--whole-archive)
zephyr/libzephyr.a(thread_entry.c.obj)
                              (--whole-archive)
zephyr/libzephyr.a(timeutil.c.obj)
                              (--whole-archive)
zephyr/libzephyr.a(work_q.c.obj)
                              (--whole-archive)
zephyr/libzephyr.a(json.c.obj)
                              (--whole-archive)
zephyr/libzephyr.a(printk.c.obj)
                              (--whole-archive)
zephyr/libzephyr.a(assert.c.obj)
                              (--whole-archive)
zephyr/libzephyr.a(configs.c.obj)
                              (--whole-archive)
zephyr/libzephyr.a(soc.c.obj)
                              (--whole-archive)
zephyr/libzephyr.a(mpu_regions.c.obj)
                              (--whole-archive)
zephyr/libzephyr.a(validate_base_addresses.c.obj)
                              (--whole-archive)
zephyr/libzephyr.a(log_list.c.obj)
                              (--whole-archive)
zephyr/libzephyr.a(log_core.c.obj)
                              (--whole-archive)
zephyr/libzephyr.a(log_msg.c.obj)
                              (--whole-archive)
zephyr/libzephyr.a(log_output.c.obj)
                              (--whole-archive)
zephyr/libzephyr.a(log_backend_uart.c.obj)
                              (--whole-archive)
zephyr/libzephyr.a(tty.c.obj)
                              (--whole-archive)
zephyr/libzephyr.a(getchar.c.obj)
                              (--whole-archive)
zephyr/libzephyr.a(mcuboot.c.obj)
                              (--whole-archive)
zephyr/libzephyr.a(flash_img.c.obj)
                              (--whole-archive)
zephyr/libzephyr.a(addr_utils.c.obj)
                              (--whole-archive)
zephyr/libzephyr.a(socket_offload.c.obj)
                              (--whole-archive)
zephyr/libzephyr.a(rand32_entropy_device.c.obj)
                              (--whole-archive)
zephyr/libzephyr.a(flash_map.c.obj)
                              (--whole-archive)
zephyr/libzephyr.a(flash_map_default.c.obj)
                              (--whole-archive)
zephyr/libzephyr.a(power.c.obj)
                              (--whole-archive)
zephyr/libzephyr.a(reboot.c.obj)
                              (--whole-archive)
zephyr/libzephyr.a(policy_residency.c.obj)
                              (--whole-archive)
zephyr/libzephyr.a(uart_console.c.obj)
                              (--whole-archive)
zephyr/libzephyr.a(nrf_power_clock.c.obj)
                              (--whole-archive)
zephyr/libzephyr.a(sys_clock_init.c.obj)
                              (--whole-archive)
zephyr/libzephyr.a(nrf_rtc_timer.c.obj)
                              (--whole-archive)
zephyr/libzephyr.a(secure_services_ns.c.obj)
                              (--whole-archive)
zephyr/libzephyr.a(log_backend_rtt.c.obj)
                              (--whole-archive)
zephyr/libzephyr.a(SEGGER_RTT.c.obj)
                              (--whole-archive)
zephyr/libzephyr.a(SEGGER_RTT_zephyr.c.obj)
                              (--whole-archive)
zephyr/arch/arch/arm/core/libarch__arm__core.a(exc_exit.S.obj)
                              (--whole-archive)
zephyr/arch/arch/arm/core/libarch__arm__core.a(swap_helper.S.obj)
                              (--whole-archive)
zephyr/arch/arch/arm/core/libarch__arm__core.a(cpu_idle.S.obj)
                              (--whole-archive)
[...]
Memory Configuration

Name             Origin             Length             Attributes
FLASH            0x00018200         0x0005ce00         xr
SRAM             0x20020000         0x00020000         xw
IDT_LIST         0x20040000         0x00000800         xw
*default*        0x00000000         0xffffffff

Linker script and memory map

LOAD zephyr/CMakeFiles/zephyr_final.dir/misc/empty_file.c.obj
LOAD zephyr/CMakeFiles/zephyr_final.dir/isr_tables.c.obj
                0x00000020                _region_min_align = 0x20

.rel.plt        0x00018200        0x0
 *(SORT_BY_ALIGNMENT(.rel.plt))
                [!provide]                PROVIDE (__rel_iplt_start = .)
 *(SORT_BY_ALIGNMENT(.rel.iplt))
 .rel.iplt      0x00018200        0x0 zephyr/CMakeFiles/zephyr_final.dir/isr_tables.c.obj
                [!provide]                PROVIDE (__rel_iplt_end = .)

.rela.plt       0x00000000        0x0
 *(SORT_BY_ALIGNMENT(.rela.plt))
                [!provide]                PROVIDE (__rela_iplt_start = .)
 *(SORT_BY_ALIGNMENT(.rela.iplt))
                [!provide]                PROVIDE (__rela_iplt_end = .)

.rel.dyn
 *(SORT_BY_ALIGNMENT(.rel.*))

.rela.dyn
 *(SORT_BY_ALIGNMENT(.rela.*))

/DISCARD/
 *(SORT_BY_ALIGNMENT(.plt))
 *(SORT_BY_ALIGNMENT(.iplt))
 *(SORT_BY_ALIGNMENT(.got.plt))
 *(SORT_BY_ALIGNMENT(.igot.plt))
 *(SORT_BY_ALIGNMENT(.got))
 *(SORT_BY_ALIGNMENT(.igot))
 *(SORT_BY_ALIGNMENT(.irq_info))
 *(SORT_BY_ALIGNMENT(.intList))
                0x00018200                _image_rom_start = 0x18200

text            0x00018200      0x220
                0x00000000                . = 0x0
                0x00000000                _vector_start = .
 *(SORT_BY_ALIGNMENT(.exc_vector_table))
 *(SORT_BY_ALIGNMENT(.exc_vector_table.*))
 .exc_vector_table._vector_table_section
                0x00018200       0x40 zephyr/arch/arch/arm/core/cortex_m/libarch__arm__core__cortex_m.a(vector_table.S.obj)
                0x00018200                _vector_table
 *(SORT_BY_ALIGNMENT(.gnu.linkonce.irq_vector_table))
 .gnu.linkonce.irq_vector_table
                0x00018240      0x104 zephyr/CMakeFiles/zephyr_final.dir/isr_tables.c.obj
                0x00018240                _irq_vector_table
 *(SORT_BY_ALIGNMENT(.vectors))
 *(SORT_BY_ALIGNMENT(.openocd_dbg))
 *(SORT_BY_ALIGNMENT(.openocd_dbg.*))
                0x00018344                _vector_end = .
                0x00000200                . = 0x200
 *fill*         0x00018344       0xbc 
 *(SORT_BY_ALIGNMENT(.firmware_info))
 .firmware_info
                0x00018400       0x20 zephyr/modules/nrf/subsys/fw_info/lib..__nrf__subsys__fw_info.a(fw_info.c.obj)
                0x00018400                m_firmware_info

_TEXT_SECTION_NAME_2
                0x00018420    0x308d4
                0x00018420                _image_text_start = .
 *(SORT_BY_ALIGNMENT(.text))
 .text          0x00018420      0x378 c:/program files (x86)/gnu tools arm embedded/7 2018-q2-update/bin/../lib/gcc/arm-none-eabi/7.3.1/thumb/v8-m.main/fpv5-sp/hard\libgcc.a(_arm_addsubdf3.o)
                0x00018420                __aeabi_drsub
                0x00018428                __aeabi_dsub
                0x00018428                __subdf3
                0x0001842c                __aeabi_dadd
                0x0001842c                __adddf3
                0x000186a4                __floatunsidf
                0x000186a4                __aeabi_ui2d
                0x000186c4                __floatsidf
                0x000186c4                __aeabi_i2d
                0x000186e8                __aeabi_f2d
                0x000186e8                __extendsfdf2
                0x0001872c                __floatundidf
                0x0001872c                __aeabi_ul2d
                0x0001873c                __floatdidf
                0x0001873c                __aeabi_l2d
 .text          0x00018798      0x424 c:/program files (x86)/gnu tools arm embedded/7 2018-q2-update/bin/../lib/gcc/arm-none-eabi/7.3.1/thumb/v8-m.main/fpv5-sp/hard\libgcc.a(_arm_muldivdf3.o)
                0x00018798                __aeabi_dmul
                0x00018798                __muldf3
                0x000189ec                __divdf3
                0x000189ec                __aeabi_ddiv
 .text          0x00018bbc      0x110 c:/program files (x86)/gnu tools arm embedded/7 2018-q2-update/bin/../lib/gcc/arm-none-eabi/7.3.1/thumb/v8-m.main/fpv5-sp/hard\libgcc.a(_arm_cmpdf2.o)
                0x00018bbc                __gtdf2
                0x00018bbc                __gedf2
                0x00018bc4                __ltdf2
                0x00018bc4                __ledf2
                0x00018bcc                __nedf2
                0x00018bcc                __eqdf2
                0x00018bcc                __cmpdf2
                0x00018c48                __aeabi_cdrcmple
                0x00018c58                __aeabi_cdcmpeq
                0x00018c58                __aeabi_cdcmple
                0x00018c68                __aeabi_dcmpeq
                0x00018c7c                __aeabi_dcmplt
                0x00018c90                __aeabi_dcmple
                0x00018ca4                __aeabi_dcmpge
                0x00018cb8                __aeabi_dcmpgt
 .text          0x00018ccc       0x50 c:/program files (x86)/gnu tools arm embedded/7 2018-q2-update/bin/../lib/gcc/arm-none-eabi/7.3.1/thumb/v8-m.main/fpv5-sp/hard\libgcc.a(_arm_fixdfsi.o)
                0x00018ccc                __aeabi_d2iz
                0x00018ccc                __fixdfsi
 .text          0x00018d1c       0xa0 c:/program files (x86)/gnu tools arm embedded/7 2018-q2-update/bin/../lib/gcc/arm-none-eabi/7.3.1/thumb/v8-m.main/fpv5-sp/hard\libgcc.a(_aeabi_ldivmod.o)
                0x00018d1c                __aeabi_ldivmod
 .text          0x00018dbc       0x30 c:/program files (x86)/gnu tools arm embedded/7 2018-q2-update/bin/../lib/gcc/arm-none-eabi/7.3.1/thumb/v8-m.main/fpv5-sp/hard\libgcc.a(_aeabi_uldivmod.o)
                0x00018dbc                __aeabi_uldivmod
 .text          0x00018dec      0x2e0 c:/program files (x86)/gnu tools arm embedded/7 2018-q2-update/bin/../lib/gcc/arm-none-eabi/7.3.1/thumb/v8-m.main/fpv5-sp/hard\libgcc.a(_udivmoddi4.o)
                0x00018dec                __udivmoddi4
 .text          0x000190cc        0x4 c:/program files (x86)/gnu tools arm embedded/7 2018-q2-update/bin/../lib/gcc/arm-none-eabi/7.3.1/thumb/v8-m.main/fpv5-sp/hard\libgcc.a(_dvmd_tls.o)
                0x000190cc                __aeabi_idiv0
                0x000190cc                __aeabi_ldiv0
 .text          0x000190d0      0x6a8 C:/ncs.sojkk/nrfxlib/crypto/nrf_oberon/lib/cortex-m33/hard-float/liboberon_3.0.2.a(ocrypto_bigint256.s.obj)
                0x000190d0                ocrypto_bigint_add128
                0x000190f6                ocrypto_bigint_sub128
                0x0001911c                ocrypto_bigint_add256
                0x0001915c                ocrypto_bigint_sub256
                0x0001919c                ocrypto_bigint_cadd256
                0x000191f8                ocrypto_bigint_csub256
                0x00019272                ocrypto_bigint_cswap256
                0x00019288                ocrypto_bigint_mul128
                0x00019370                ocrypto_bigint_sqr256
                0x00019372                ocrypto_bigint_mul256
 .text          0x00019778       0x5c C:/ncs.sojkk/nrfxlib/crypto/nrf_oberon/lib/cortex-m33/hard-float/liboberon_3.0.2.a(ocrypto_constant_time.s.obj)
                0x00019778                ocrypto_constant_time_equal
                0x0001979e                ocrypto_constant_time_is_zero
                0x000197b8                ocrypto_constant_time_copy
                0x000197c6                ocrypto_constant_time_fill_zero
 .text          0x000197d4      0x6dc C:/ncs.sojkk/nrfxlib/crypto/nrf_oberon/lib/cortex-m33/hard-float/liboberon_3.0.2.a(ocrypto_mod_p256_base.s.obj)
                0x000197d4                ocrypto_mod_p256_add
                0x00019852                ocrypto_mod_p256_sub
                0x000198ac                ocrypto_mod_p256_square
                0x000198ae                ocrypto_mod_p256_mul
 .text          0x00019eb0       0xec C:/Program Files (x86)/GNU Tools Arm Embedded/7 2018-q2-update/arm-none-eabi/lib/thumb/v8-m.main/fpv5-sp/hard\libc.a(lib_a-memcpy.o)
                0x00019eb0                memcpy
 .text          0x00019f9c      0x1bc C:/Program Files (x86)/GNU Tools Arm Embedded/7 2018-q2-update/arm-none-eabi/lib/thumb/v8-m.main/fpv5-sp/hard\libc.a(lib_a-strcmp.o)
                0x00019f9c                strcmp
 .text          0x0001a158       0x2c c:/program files (x86)/gnu tools arm embedded/7 2018-q2-update/bin/../lib/gcc/arm-none-eabi/7.3.1/thumb/v8-m.main/fpv5-sp/hard\libgcc.a(_arm_unorddf2.o)
                0x0001a158                __unorddf2
                0x0001a158                __aeabi_dcmpun
 .text          0x0001a184       0x40 c:/program files (x86)/gnu tools arm embedded/7 2018-q2-update/bin/../lib/gcc/arm-none-eabi/7.3.1/thumb/v8-m.main/fpv5-sp/hard\libgcc.a(_arm_fixunsdfsi.o)
                0x0001a184                __aeabi_d2uiz
                0x0001a184                __fixunsdfsi
 .text          0x0001a1c4       0xa0 c:/program files (x86)/gnu tools arm embedded/7 2018-q2-update/bin/../lib/gcc/arm-none-eabi/7.3.1/thumb/v8-m.main/fpv5-sp/hard\libgcc.a(_arm_truncdfsf2.o)
                0x0001a1c4                __truncdfsf2
                0x0001a1c4                __aeabi_d2f
 *(SORT_BY_ALIGNMENT(.text.*))
 *fill*         0x0001a264        0x4 
 .text.orientation_detector_poll
                0x0001a268       0xc0 app/libapp.a(orientation_detector.c.obj)
                0x0001a268                orientation_detector_poll
 .text.env_sensors_poll_fn
                0x0001a328      0x130 app/libapp.a(env_sensors.c.obj)
 .text.parse_value
                0x0001a458      0x2f8 zephyr/modules/nrf/ext/cjson/lib..__nrf__ext__cjson.a(cJSON.c.obj)
 .text.cJSON_CreateNumber
                0x0001a750       0x68 zephyr/modules/nrf/ext/cjson/lib..__nrf__ext__cjson.a(cJSON.c.obj)
                0x0001a750                cJSON_CreateNumber
 .text.double_to_sensor_value
                0x0001a7b8       0x38 zephyr/modules/nrf/drivers/sensor/sensor_sim/lib..__nrf__drivers__sensor__sensor_sim.a(sensor_sim.c.obj)
 .text.sensor_sim_sample_fetch
                0x0001a7f0      0x194 zephyr/modules/nrf/drivers/sensor/sensor_sim/lib..__nrf__drivers__sensor__sensor_sim.a(sensor_sim.c.obj)
 *fill*         0x0001a984        0x4 
 .text._strtod_l
                0x0001a988      0xf34 C:/Program Files (x86)/GNU Tools Arm Embedded/7 2018-q2-update/arm-none-eabi/lib/thumb/v8-m.main/fpv5-sp/hard\libc.a(lib_a-strtod.o)
                0x0001a988                _strtod_l
 *fill*         0x0001b8bc        0x4 
 .text._svfprintf_r
                0x0001b8c0     0x19dc C:/Program Files (x86)/GNU Tools Arm Embedded/7 2018-q2-update/arm-none-eabi/lib/thumb/v8-m.main/fpv5-sp/hard\libc.a(lib_a-svfprintf.o)
                0x0001b8c0                _svfprintf_r
 *fill*         0x0001d29c        0x4 
 .text._dtoa_r  0x0001d2a0      0xec8 C:/Program Files (x86)/GNU Tools Arm Embedded/7 2018-q2-update/arm-none-eabi/lib/thumb/v8-m.main/fpv5-sp/hard\libc.a(lib_a-dtoa.o)
                0x0001d2a0                _dtoa_r
 .text.sin      0x0001e168       0xc0 C:/Program Files (x86)/GNU Tools Arm Embedded/7 2018-q2-update/arm-none-eabi/lib/thumb/v8-m.main/fpv5-sp/hard\libm.a(lib_a-s_sin.o)
                0x0001e168                sin
 .text.__ieee754_rem_pio2
                0x0001e228      0x454 C:/Program Files (x86)/GNU Tools Arm Embedded/7 2018-q2-update/arm-none-eabi/lib/thumb/v8-m.main/fpv5-sp/hard\libm.a(lib_a-e_rem_pio2.o)
                0x0001e228                __ieee754_rem_pio2
 *fill*         0x0001e67c        0x4 
 .text.__kernel_cos
                0x0001e680      0x284 C:/Program Files (x86)/GNU Tools Arm Embedded/7 2018-q2-update/arm-none-eabi/lib/thumb/v8-m.main/fpv5-sp/hard\libm.a(lib_a-k_cos.o)
                0x0001e680                __kernel_cos
 *fill*         0x0001e904        0x4 
 .text.__kernel_rem_pio2
                0x0001e908      0x83c C:/Program Files (x86)/GNU Tools Arm Embedded/7 2018-q2-update/arm-none-eabi/lib/thumb/v8-m.main/fpv5-sp/hard\libm.a(lib_a-k_rem_pio2.o)
                0x0001e908                __kernel_rem_pio2
 *fill*         0x0001f144        0x4 
 .text.__kernel_sin
                0x0001f148      0x194 C:/Program Files (x86)/GNU Tools Arm Embedded/7 2018-q2-update/arm-none-eabi/lib/thumb/v8-m.main/fpv5-sp/hard\libm.a(lib_a-k_sin.o)
                0x0001f148                __kernel_sin
 *fill*         0x0001f2dc        0x4 
 .text.floor    0x0001f2e0      0x110 C:/Program Files (x86)/GNU Tools Arm Embedded/7 2018-q2-update/arm-none-eabi/lib/thumb/v8-m.main/fpv5-sp/hard\libm.a(lib_a-s_floor.o)
                0x0001f2e0                floor
 .text.scalbn   0x0001f3f0      0x110 C:/Program Files (x86)/GNU Tools Arm Embedded/7 2018-q2-update/arm-none-eabi/lib/thumb/v8-m.main/fpv5-sp/hard\libm.a(lib_a-s_scalbn.o)
                0x0001f3f0                scalbn
 .text.k_delayed_work_submit
                0x0001f500       0x10 app/libapp.a(main.c.obj)
 .text.long_press_handler
                0x0001f510       0x50 app/libapp.a(main.c.obj)
 .text.k_work_submit_to_queue.constprop.12
                0x0001f560       0x28 app/libapp.a(main.c.obj)
 .text.modem_rsrp_handler
                0x0001f588       0x18 app/libapp.a(main.c.obj)
 .text.gps_trigger_handler
                0x0001f5a0       0x84 app/libapp.a(main.c.obj)
 .text.error_handler
                0x0001f624       0x54 app/libapp.a(main.c.obj)
                0x0001f624                error_handler
 .text.k_sys_fatal_error_handler
                0x0001f678       0x1c app/libapp.a(main.c.obj)
                0x0001f678                k_sys_fatal_error_handler
 .text.sensor_data_send
                0x0001f694       0x80 app/libapp.a(main.c.obj)
 .text.device_status_send
                0x0001f714       0xa8 app/libapp.a(main.c.obj)
 .text.modem_rsrp_data_send
                0x0001f7bc       0x70 app/libapp.a(main.c.obj)
 .text.send_flip_data_work_fn
                0x0001f82c        0xc app/libapp.a(main.c.obj)
 .text.send_gps_data_work_fn
                0x0001f838        0xc app/libapp.a(main.c.obj)
 .text.ui_evt_handler
                0x0001f844      0x178 app/libapp.a(main.c.obj)
 .text.send_env_data_work_fn
                0x0001f9bc      0x104 app/libapp.a(main.c.obj)
 .text.sensors_start
                0x0001fac0       0xac app/libapp.a(main.c.obj)
                0x0001fac0                sensors_start
 .text.on_pairing_done
                0x0001fb6c       0xf0 app/libapp.a(main.c.obj)
                0x0001fb6c                on_pairing_done
 .text.cloud_event_handler
                0x0001fc5c      0x138 app/libapp.a(main.c.obj)
                0x0001fc5c                cloud_event_handler
 .text.handle_bsdlib_init_ret
                0x0001fd94       0x54 app/libapp.a(main.c.obj)
                0x0001fd94                handle_bsdlib_init_ret
 .text.main     0x0001fde8      0x2a4 app/libapp.a(main.c.obj)
                0x0001fde8                main
 .text.orientation_detector_init
                0x0002008c        0xc app/libapp.a(orientation_detector.c.obj)
                0x0002008c                orientation_detector_init
 .text.button_handler
                0x00020098       0x54 app/libapp.a(ui.c.obj)
 .text.leds_update
                0x000200ec       0x5c app/libapp.a(ui.c.obj)
 .text.ui_led_set_pattern
                0x00020148        0xc app/libapp.a(ui.c.obj)
                0x00020148                ui_led_set_pattern
 .text.ui_init  0x00020154       0xcc app/libapp.a(ui.c.obj)
                0x00020154                ui_init
 .text.cloud_search_cmd
                0x00020220       0xc4 app/libapp.a(cloud_codec.c.obj)
 .text.cloud_encode_data
                0x000202e4       0xc4 app/libapp.a(cloud_codec.c.obj)
                0x000202e4                cloud_encode_data
 .text.cloud_encode_digital_twin_data
                0x000203a8      0x12c app/libapp.a(cloud_codec.c.obj)
                0x000203a8                cloud_encode_digital_twin_data
 .text.cloud_decode_command
                0x000204d4       0x64 app/libapp.a(cloud_codec.c.obj)
                0x000204d4                cloud_decode_command
 .text.cloud_decode_init
                0x00020538        0xc app/libapp.a(cloud_codec.c.obj)
                0x00020538                cloud_decode_init
 .text.cloud_encode_env_sensors_data
                0x00020544       0x9c app/libapp.a(cloud_codec.c.obj)
                0x00020544                cloud_encode_env_sensors_data
 .text.service_info_json_object_encode
                0x000205e0       0x90 app/libapp.a(service_info.c.obj)
                0x000205e0                service_info_json_object_encode
 .text.gps_work_handler
                0x00020670      0x12c app/libapp.a(gps_controller.c.obj)
 .text.gps_control_is_active
                0x0002079c       0x14 app/libapp.a(gps_controller.c.obj)
                0x0002079c                gps_control_is_active
 .text.gps_control_is_enabled
                0x000207b0       0x14 app/libapp.a(gps_controller.c.obj)
                0x000207b0                gps_control_is_enabled
 .text.gps_control_stop
                0x000207c4       0x28 app/libapp.a(gps_controller.c.obj)
                0x000207c4                gps_control_stop
 .text.gps_control_disable
                0x000207ec       0x20 app/libapp.a(gps_controller.c.obj)
                0x000207ec                gps_control_disable
 .text.gps_control_start
                0x0002080c       0x28 app/libapp.a(gps_controller.c.obj)
                0x0002080c                gps_control_start
 .text.gps_control_enable
                0x00020834       0x1c app/libapp.a(gps_controller.c.obj)
                0x00020834                gps_control_enable
 .text.gps_control_init
                0x00020850       0x70 app/libapp.a(gps_controller.c.obj)
                0x00020850                gps_control_init
 .text.env_sensors_init_and_start
                0x000208c0       0x7c app/libapp.a(env_sensors.c.obj)
                0x000208c0                env_sensors_init_and_start
 .text.env_sensors_get_temperature
                0x0002093c       0xb0 app/libapp.a(env_sensors.c.obj)
                0x0002093c                env_sensors_get_temperature
 .text.env_sensors_get_humidity
                0x000209ec       0xb0 app/libapp.a(env_sensors.c.obj)
                0x000209ec                env_sensors_get_humidity
 .text.env_sensors_get_pressure
                0x00020a9c       0xb0 app/libapp.a(env_sensors.c.obj)
                0x00020a9c                env_sensors_get_pressure
 .text.z_sys_mem_pool_block_free
                0x00020b4c      0x154 zephyr/libzephyr.a(mempool.c.obj)
                0x00020b4c                z_sys_mem_pool_block_free
 .text.lexer_boolean
                0x00020ca0       0x54 zephyr/libzephyr.a(json.c.obj)
 .text.lexer_json
                0x00020cf4       0xc4 zephyr/libzephyr.a(json.c.obj)
 .text.lexer_number
                0x00020db8       0x38 zephyr/libzephyr.a(json.c.obj)
 .text.lexer_string
                0x00020df0       0xe8 zephyr/libzephyr.a(json.c.obj)
 .text.lexer_null
                0x00020ed8       0x38 zephyr/libzephyr.a(json.c.obj)
 .text.decode_value
                0x00020f10      0x15c zephyr/libzephyr.a(json.c.obj)
 .text.json_obj_parse
                0x0002106c       0x64 zephyr/libzephyr.a(json.c.obj)
                0x0002106c                json_obj_parse
 .text._printk_dec_ulong
                0x000210d0       0x98 zephyr/libzephyr.a(printk.c.obj)
 .text.__printk_hook_install
                0x00021168        0xc zephyr/libzephyr.a(printk.c.obj)
                0x00021168                __printk_hook_install
 .text.nordicsemi_nrf91_init
                0x00021174       0x28 zephyr/libzephyr.a(soc.c.obj)
 .text.z_arch_busy_wait
                0x0002119c       0x14 zephyr/libzephyr.a(soc.c.obj)
                0x0002119c                z_arch_busy_wait
 .text.log_generic
                0x000211b0       0x5c zephyr/libzephyr.a(log_core.c.obj)
                0x000211b0                log_generic
 .text.log_core_init
                0x0002120c       0x18 zephyr/libzephyr.a(log_core.c.obj)
                0x0002120c                log_core_init
 .text.log_source_name_get
                0x00021224       0x1c zephyr/libzephyr.a(log_core.c.obj)
                0x00021224                log_source_name_get
 .text.log_backend_enable
                0x00021240       0x5c zephyr/libzephyr.a(log_core.c.obj)
                0x00021240                log_backend_enable
 .text.log_init
                0x0002129c       0x6c zephyr/libzephyr.a(log_core.c.obj)
                0x0002129c                log_init
 .text.z_impl_log_panic
                0x00021308       0x44 zephyr/libzephyr.a(log_core.c.obj)
                0x00021308                z_impl_log_panic
 .text.print_formatted
                0x0002134c       0x24 zephyr/libzephyr.a(log_output.c.obj)
 .text.prefix_print
                0x00021370      0x11c zephyr/libzephyr.a(log_output.c.obj)
 .text.postfix_print
                0x0002148c       0x3c zephyr/libzephyr.a(log_output.c.obj)
 .text.hexdump_line_print
                0x000214c8       0xe0 zephyr/libzephyr.a(log_output.c.obj)
 .text.out_func
                0x000215a8       0x50 zephyr/libzephyr.a(log_output.c.obj)
 .text.log_output_string
                0x000215f8       0x70 zephyr/libzephyr.a(log_output.c.obj)
                0x000215f8                log_output_string
 .text.log_output_hexdump
                0x00021668       0x74 zephyr/libzephyr.a(log_output.c.obj)
                0x00021668                log_output_hexdump
 .text.log_output_timestamp_freq_set
                0x000216dc       0x30 zephyr/libzephyr.a(log_output.c.obj)
                0x000216dc                log_output_timestamp_freq_set
 .text.panic    0x0002170c        0xc zephyr/libzephyr.a(log_backend_uart.c.obj)
 .text.log_backend_uart_init
                0x00021718       0x30 zephyr/libzephyr.a(log_backend_uart.c.obj)
 .text.sync_hexdump
                0x00021748       0x4c zephyr/libzephyr.a(log_backend_uart.c.obj)
 .text.sync_string
                0x00021794       0x48 zephyr/libzephyr.a(log_backend_uart.c.obj)
 .text.boot_write_trailer_byte
                0x000217dc       0x50 zephyr/libzephyr.a(mcuboot.c.obj)
 .text.boot_request_upgrade
                0x0002182c       0x64 zephyr/libzephyr.a(mcuboot.c.obj)
                0x0002182c                boot_request_upgrade
 .text.flash_progressive_erase
                0x00021890       0xc4 zephyr/libzephyr.a(flash_img.c.obj)
 .text.flash_sync
                0x00021954      0x12c zephyr/libzephyr.a(flash_img.c.obj)
 .text.socket_offload_register
                0x00021a80       0x4c zephyr/libzephyr.a(socket_offload.c.obj)
                0x00021a80                socket_offload_register
 .text.sys_rand32_get
                0x00021acc       0x90 zephyr/libzephyr.a(rand32_entropy_device.c.obj)
                0x00021acc                sys_rand32_get
 .text.get_flash_area_from_id
                0x00021b5c       0x2c zephyr/libzephyr.a(flash_map.c.obj)
 .text.flash_area_open
                0x00021b88       0x28 zephyr/libzephyr.a(flash_map.c.obj)
                0x00021b88                flash_area_open
 .text.sys_reboot
                0x00021bb0       0x30 zephyr/libzephyr.a(reboot.c.obj)
                0x00021bb0                sys_reboot
 .text.console_out
                0x00021be0       0x34 zephyr/libzephyr.a(uart_console.c.obj)
 .text.uart_console_hook_install
                0x00021c14       0x18 zephyr/libzephyr.a(uart_console.c.obj)
                0x00021c14                uart_console_hook_install
 .text.uart_console_init
                0x00021c2c       0x1c zephyr/libzephyr.a(uart_console.c.obj)
 .text.hfclk_init
                0x00021c48       0x30 zephyr/libzephyr.a(nrf_power_clock.c.obj)
 .text.clock_async_start
                0x00021c78       0xbc zephyr/libzephyr.a(nrf_power_clock.c.obj)
 .text.nrf_power_clock_isr
                0x00021d34       0x58 zephyr/libzephyr.a(nrf_power_clock.c.obj)
                0x00021d34                nrf_power_clock_isr
 .text.z_clock_isr
                0x00021d8c       0x28 zephyr/libzephyr.a(sys_clock_init.c.obj)
                0x00021d8c                z_clock_isr
 .text.rtc1_nrf_isr
                0x00021db4       0xb0 zephyr/libzephyr.a(nrf_rtc_timer.c.obj)
                0x00021db4                rtc1_nrf_isr
 .text.z_clock_driver_init
                0x00021e64       0x78 zephyr/libzephyr.a(nrf_rtc_timer.c.obj)
                0x00021e64                z_clock_driver_init
 .text.z_clock_set_timeout
                0x00021edc      0x104 zephyr/libzephyr.a(nrf_rtc_timer.c.obj)
                0x00021edc                z_clock_set_timeout
 .text.z_clock_elapsed
                0x00021fe0       0x9c zephyr/libzephyr.a(nrf_rtc_timer.c.obj)
                0x00021fe0                z_clock_elapsed
 .text.z_timer_cycle_get_32
                0x0002207c       0xa0 zephyr/libzephyr.a(nrf_rtc_timer.c.obj)
                0x0002207c                z_timer_cycle_get_32
 .text.log_backend_rtt_init
                0x0002211c       0x14 zephyr/libzephyr.a(log_backend_rtt.c.obj)
 .text.panic    0x00022130       0x18 zephyr/libzephyr.a(log_backend_rtt.c.obj)
 .text.on_failed_write.part.0
                0x00022148       0x18 zephyr/libzephyr.a(log_backend_rtt.c.obj)
 .text.sync_hexdump
                0x00022160       0x4c zephyr/libzephyr.a(log_backend_rtt.c.obj)
 .text.sync_string
                0x000221ac       0x48 zephyr/libzephyr.a(log_backend_rtt.c.obj)
 .text.data_out_block_mode
                0x000221f4       0x98 zephyr/libzephyr.a(log_backend_rtt.c.obj)
 .text._DoInit  0x0002228c       0x60 zephyr/libzephyr.a(SEGGER_RTT.c.obj)
 .text.SEGGER_RTT_WriteSkipNoLock
                0x000222ec       0x94 zephyr/libzephyr.a(SEGGER_RTT.c.obj)
                0x000222ec                SEGGER_RTT_WriteSkipNoLock
 .text.SEGGER_RTT_HasDataUp
                0x00022380       0x14 zephyr/libzephyr.a(SEGGER_RTT.c.obj)
                0x00022380                SEGGER_RTT_HasDataUp
 .text._HandlerModeExit
                0x00022394       0x1c zephyr/arch/arch/arm/core/libarch__arm__core.a(exc_exit.S.obj)
                0x00022394                z_arm_int_exit
                0x00022394                z_arm_exc_exit
 .text.z_arm_pendsv
                0x000223b0       0xc4 zephyr/arch/arch/arm/core/libarch__arm__core.a(swap_helper.S.obj)
                0x000223b0                z_arm_pendsv
 .text.z_arm_svc
                0x00022474       0x20 zephyr/arch/arch/arm/core/libarch__arm__core.a(swap_helper.S.obj)
                0x00022474                z_arm_svc
 .text.z_arm_cpu_idle_init
                0x00022494        0xc zephyr/arch/arch/arm/core/libarch__arm__core.a(cpu_idle.S.obj)
                0x00022494                z_arm_cpu_idle_init
 .text.z_arch_cpu_idle
                0x000224a0        0xc zephyr/arch/arch/arm/core/libarch__arm__core.a(cpu_idle.S.obj)
                0x000224a0                z_arch_cpu_idle
 .text.__fault  0x000224ac       0x24 zephyr/arch/arch/arm/core/libarch__arm__core.a(fault_s.S.obj)
                0x000224ac                z_arm_usage_fault
                0x000224ac                z_arm_mpu_fault
                0x000224ac                z_arm_reserved
                0x000224ac                z_arm_debug_monitor
                0x000224ac                z_arm_hard_fault
                0x000224ac                z_arm_bus_fault
 .text.z_SysNmiOnReset
                0x000224d0        0x8 zephyr/arch/arch/arm/core/libarch__arm__core.a(nmi_on_reset.S.obj)
                0x000224d0                z_SysNmiOnReset
 .text._isr_wrapper
                0x000224d8       0x40 zephyr/arch/arch/arm/core/libarch__arm__core.a(isr_wrapper.S.obj)
                0x000224d8                _isr_wrapper
 .text.z_arch_swap
                0x00022518       0x34 zephyr/arch/arch/arm/core/libarch__arm__core.a(swap.c.obj)
                0x00022518                z_arch_swap
 .text.z_arch_irq_enable
                0x0002254c       0x20 zephyr/arch/arch/arm/core/libarch__arm__core.a(irq_manage.c.obj)
                0x0002254c                z_arch_irq_enable
 .text.z_arm_irq_priority_set
                0x0002256c       0x64 zephyr/arch/arch/arm/core/libarch__arm__core.a(irq_manage.c.obj)
                0x0002256c                z_arm_irq_priority_set
 .text._arch_isr_direct_pm
                0x000225d0       0x1c zephyr/arch/arch/arm/core/libarch__arm__core.a(irq_manage.c.obj)
                0x000225d0                _arch_isr_direct_pm
 .text.z_arch_new_thread
                0x000225ec       0xa4 zephyr/arch/arch/arm/core/libarch__arm__core.a(thread.c.obj)
                0x000225ec                z_arch_new_thread
 .text.z_arch_switch_to_main_thread
                0x00022690       0x5c zephyr/arch/arch/arm/core/libarch__arm__core.a(thread.c.obj)
                0x00022690                z_arch_switch_to_main_thread
 .text.z_arm_fatal_error
                0x000226ec      0x134 zephyr/arch/arch/arm/core/libarch__arm__core.a(fatal.c.obj)
                0x000226ec                z_arm_fatal_error
 .text.z_arm_prep_c
                0x00022820       0x50 zephyr/arch/arch/arm/core/libarch__arm__core.a(prep_c.c.obj)
                0x00022820                z_arm_prep_c
 .text._reset_section
                0x00022870       0x30 zephyr/arch/arch/arm/core/cortex_m/libarch__arm__core__cortex_m.a(reset.S.obj)
                0x00022870                __start
                0x00022870                z_arm_reset
 .text.bus_fault.isra.2
                0x000228a0      0x14c zephyr/arch/arch/arm/core/cortex_m/libarch__arm__core__cortex_m.a(fault.c.obj)
 .text.usage_fault.isra.3
                0x000229ec      0x140 zephyr/arch/arch/arm/core/cortex_m/libarch__arm__core__cortex_m.a(fault.c.obj)
 .text.mem_manage_fault.isra.6
                0x00022b2c      0x160 zephyr/arch/arch/arm/core/cortex_m/libarch__arm__core__cortex_m.a(fault.c.obj)
 .text.z_arm_fault
                0x00022c8c      0x1a4 zephyr/arch/arch/arm/core/cortex_m/libarch__arm__core__cortex_m.a(fault.c.obj)
                0x00022c8c                z_arm_fault
 .text.z_arm_fault_init
                0x00022e30       0x18 zephyr/arch/arch/arm/core/cortex_m/libarch__arm__core__cortex_m.a(fault.c.obj)
                0x00022e30                z_arm_fault_init
 .text.sys_arch_reboot
                0x00022e48       0x24 zephyr/arch/arch/arm/core/cortex_m/libarch__arm__core__cortex_m.a(scb.c.obj)
                0x00022e48                sys_arch_reboot
 .text.z_arm_int_lib_init
                0x00022e6c       0x18 zephyr/arch/arch/arm/core/cortex_m/libarch__arm__core__cortex_m.a(irq_init.c.obj)
                0x00022e6c                z_arm_int_lib_init
 .text.z_impl_k_thread_abort
                0x00022e84       0x7c zephyr/arch/arch/arm/core/cortex_m/libarch__arm__core__cortex_m.a(thread_abort.c.obj)
                0x00022e84                z_impl_k_thread_abort
 .text.z_arm_configure_static_mpu_regions
                0x00022f00       0x54 zephyr/arch/arch/arm/core/cortex_m/mpu/libarch__arm__core__cortex_m__mpu.a(arm_core_mpu.c.obj)
                0x00022f00                z_arm_configure_static_mpu_regions
 .text.region_init
                0x00022f54       0x30 zephyr/arch/arch/arm/core/cortex_m/mpu/libarch__arm__core__cortex_m__mpu.a(arm_mpu.c.obj)
 .text.region_allocate_and_init
                0x00022f84       0x44 zephyr/arch/arch/arm/core/cortex_m/mpu/libarch__arm__core__cortex_m__mpu.a(arm_mpu.c.obj)
 .text.mpu_configure_regions.constprop.2
                0x00022fc8      0x18c zephyr/arch/arch/arm/core/cortex_m/mpu/libarch__arm__core__cortex_m__mpu.a(arm_mpu.c.obj)
 .text.arm_core_mpu_enable
                0x00023154       0x14 zephyr/arch/arch/arm/core/cortex_m/mpu/libarch__arm__core__cortex_m__mpu.a(arm_mpu.c.obj)
                0x00023154                arm_core_mpu_enable
 .text.arm_core_mpu_disable
                0x00023168       0x10 zephyr/arch/arch/arm/core/cortex_m/mpu/libarch__arm__core__cortex_m__mpu.a(arm_mpu.c.obj)
                0x00023168                arm_core_mpu_disable
 .text.arm_mpu_init
                0x00023178       0xb0 zephyr/arch/arch/arm/core/cortex_m/mpu/libarch__arm__core__cortex_m__mpu.a(arm_mpu.c.obj)
 .text.arm_core_mpu_configure_static_mpu_regions
                0x00023228       0x48 zephyr/arch/arch/arm/core/cortex_m/mpu/libarch__arm__core__cortex_m__mpu.a(arm_mpu.c.obj)
                0x00023228                arm_core_mpu_configure_static_mpu_regions
 .text.arm_core_mpu_mark_areas_for_dynamic_regions
                0x00023270       0xd8 zephyr/arch/arch/arm/core/cortex_m/mpu/libarch__arm__core__cortex_m__mpu.a(arm_mpu.c.obj)
                0x00023270                arm_core_mpu_mark_areas_for_dynamic_regions
 .text.arm_core_mpu_configure_dynamic_mpu_regions
                0x00023348       0x74 zephyr/arch/arch/arm/core/cortex_m/mpu/libarch__arm__core__cortex_m__mpu.a(arm_mpu.c.obj)
                0x00023348                arm_core_mpu_configure_dynamic_mpu_regions
 .text.__stdout_hook_install
                0x000233bc        0xc zephyr/lib/libc/newlib/liblib__libc__newlib.a(libc-hooks.c.obj)
                0x000233bc                __stdout_hook_install
 .text.z_impl_zephyr_read_stdin
                0x000233c8       0x28 zephyr/lib/libc/newlib/liblib__libc__newlib.a(libc-hooks.c.obj)
                0x000233c8                z_impl_zephyr_read_stdin
 .text.z_impl_zephyr_write_stdout
                0x000233f0       0x38 zephyr/lib/libc/newlib/liblib__libc__newlib.a(libc-hooks.c.obj)
                0x000233f0                z_impl_zephyr_write_stdout
 .text._exit    0x00023428       0x10 zephyr/lib/libc/newlib/liblib__libc__newlib.a(libc-hooks.c.obj)
                0x00023428                _exit
 .text._sbrk    0x00023438       0x44 zephyr/lib/libc/newlib/liblib__libc__newlib.a(libc-hooks.c.obj)
                0x00023438                sbrk
                0x00023438                _sbrk
 .text.net_if_flag_is_set
                0x0002347c       0x3c zephyr/subsys/net/ip/libsubsys__net__ip.a(net_if.c.obj)
 .text.net_if_flag_set.constprop.23
                0x000234b8       0x40 zephyr/subsys/net/ip/libsubsys__net__ip.a(net_if.c.obj)
 .text.net_if_up
                0x000234f8       0x6c zephyr/subsys/net/ip/libsubsys__net__ip.a(net_if.c.obj)
                0x000234f8                net_if_up
 .text.net_if_init
                0x00023564       0x30 zephyr/subsys/net/ip/libsubsys__net__ip.a(net_if.c.obj)
                0x00023564                net_if_init
 .text.net_if_post_init
                0x00023594       0x30 zephyr/subsys/net/ip/libsubsys__net__ip.a(net_if.c.obj)
                0x00023594                net_if_post_init
 .text.connect_request_encode
                0x000235c4      0x100 zephyr/subsys/net/lib/mqtt/libsubsys__net__lib__mqtt.a(mqtt_encoder.c.obj)
                0x000235c4                connect_request_encode
 .text.disconnect_encode
                0x000236c4       0x24 zephyr/subsys/net/lib/mqtt/libsubsys__net__lib__mqtt.a(mqtt_encoder.c.obj)
                0x000236c4                disconnect_encode
 .text.ping_request_encode
                0x000236e8       0x24 zephyr/subsys/net/lib/mqtt/libsubsys__net__lib__mqtt.a(mqtt_encoder.c.obj)
                0x000236e8                ping_request_encode
 .text.close    0x0002370c       0x58 zephyr/subsys/net/lib/mqtt/libsubsys__net__lib__mqtt.a(mqtt_transport_socket_tcp.c.obj)
 .text.mqtt_client_tcp_connect
                0x00023764       0xd4 zephyr/subsys/net/lib/mqtt/libsubsys__net__lib__mqtt.a(mqtt_transport_socket_tcp.c.obj)
                0x00023764                mqtt_client_tcp_connect
 .text.mqtt_client_tcp_write
                0x00023838       0x98 zephyr/subsys/net/lib/mqtt/libsubsys__net__lib__mqtt.a(mqtt_transport_socket_tcp.c.obj)
                0x00023838                mqtt_client_tcp_write
 .text.mqtt_client_tcp_read
                0x000238d0       0x7c zephyr/subsys/net/lib/mqtt/libsubsys__net__lib__mqtt.a(mqtt_transport_socket_tcp.c.obj)
                0x000238d0                mqtt_client_tcp_read
 .text.mqtt_transport_connect
                0x0002394c       0x10 zephyr/subsys/net/lib/mqtt/libsubsys__net__lib__mqtt.a(mqtt_transport.c.obj)
                0x0002394c                mqtt_transport_connect
 .text.mqtt_transport_write
                0x0002395c       0x18 zephyr/subsys/net/lib/mqtt/libsubsys__net__lib__mqtt.a(mqtt_transport.c.obj)
                0x0002395c                mqtt_transport_write
 .text.mqtt_transport_read
                0x00023974       0x18 zephyr/subsys/net/lib/mqtt/libsubsys__net__lib__mqtt.a(mqtt_transport.c.obj)
                0x00023974                mqtt_transport_read
 .text.mqtt_transport_disconnect
                0x0002398c       0x14 zephyr/subsys/net/lib/mqtt/libsubsys__net__lib__mqtt.a(mqtt_transport.c.obj)
                0x0002398c                mqtt_transport_disconnect
 .text.mqtt_mutex_unlock
                0x000239a0       0x58 zephyr/subsys/net/lib/mqtt/libsubsys__net__lib__mqtt.a(mqtt.c.obj)
 .text.mqtt_mutex_lock
                0x000239f8       0x40 zephyr/subsys/net/lib/mqtt/libsubsys__net__lib__mqtt.a(mqtt.c.obj)
 .text.close    0x00023a38       0x58 zephyr/subsys/net/lib/mqtt/libsubsys__net__lib__mqtt.a(mqtt_transport_socket_tls.c.obj)
 .text.setsockopt.constprop.1
                0x00023a90       0x70 zephyr/subsys/net/lib/mqtt/libsubsys__net__lib__mqtt.a(mqtt_transport_socket_tls.c.obj)
 .text.mqtt_client_tls_connect
                0x00023b00      0x140 zephyr/subsys/net/lib/mqtt/libsubsys__net__lib__mqtt.a(mqtt_transport_socket_tls.c.obj)
                0x00023b00                mqtt_client_tls_connect
 .text.mqtt_client_tls_write
                0x00023c40       0x98 zephyr/subsys/net/lib/mqtt/libsubsys__net__lib__mqtt.a(mqtt_transport_socket_tls.c.obj)
                0x00023c40                mqtt_client_tls_write
 .text.mqtt_client_tls_read
                0x00023cd8       0x7c zephyr/subsys/net/lib/mqtt/libsubsys__net__lib__mqtt.a(mqtt_transport_socket_tls.c.obj)
                0x00023cd8                mqtt_client_tls_read
 .text.gpio_nrfx_manage_callback
                0x00023d54       0xac zephyr/drivers/gpio/libdrivers__gpio.a(gpio_nrfx.c.obj)
 .text.nrf_gpio_pin_port_decode.isra.6.part.7
                0x00023e00       0x1c zephyr/drivers/gpio/libdrivers__gpio.a(gpio_nrfx.c.obj)
 .text.nrf_gpio_cfg_sense_set
                0x00023e1c       0x30 zephyr/drivers/gpio/libdrivers__gpio.a(gpio_nrfx.c.obj)
 .text.gpiote_pin_int_cfg
                0x00023e4c      0x13c zephyr/drivers/gpio/libdrivers__gpio.a(gpio_nrfx.c.obj)
 .text.gpio_nrfx_init
                0x00023f88       0x30 zephyr/drivers/gpio/libdrivers__gpio.a(gpio_nrfx.c.obj)
 .text.gpio_nrfx_config
                0x00023fb8      0x130 zephyr/drivers/gpio/libdrivers__gpio.a(gpio_nrfx.c.obj)
 .text.gpiote_event_handler
                0x000240e8      0x180 zephyr/drivers/gpio/libdrivers__gpio.a(gpio_nrfx.c.obj)
 .text.flash_nrf_write_protection
                0x00024268        0xc zephyr/drivers/flash/libdrivers__flash.a(soc_flash_nrf.c.obj)
 .text.flash_nrf_pages_layout
                0x00024274       0x10 zephyr/drivers/flash/libdrivers__flash.a(soc_flash_nrf.c.obj)
 .text.nrf_flash_init
                0x00024284       0x30 zephyr/drivers/flash/libdrivers__flash.a(soc_flash_nrf.c.obj)
 .text.flash_nrf_erase
                0x000242b4       0x70 zephyr/drivers/flash/libdrivers__flash.a(soc_flash_nrf.c.obj)
 .text.flash_nrf_write
                0x00024324       0xb4 zephyr/drivers/flash/libdrivers__flash.a(soc_flash_nrf.c.obj)
 .text.uarte_nrfx_configure
                0x000243d8      0x178 zephyr/drivers/serial/libdrivers__serial.a(uart_nrfx_uarte.c.obj)
 .text.uarte_0_init
                0x00024550       0x90 zephyr/drivers/serial/libdrivers__serial.a(uart_nrfx_uarte.c.obj)
 .text.entropy_cc310_rng_get_entropy
                0x000245e0       0x5c zephyr/drivers/entropy/libdrivers__entropy.a(entropy_cc310.c.obj)
 .text.parse_string
                0x0002463c      0x1c8 zephyr/modules/nrf/ext/cjson/lib..__nrf__ext__cjson.a(cJSON.c.obj)
 .text.print_string_ptr
                0x00024804      0x148 zephyr/modules/nrf/ext/cjson/lib..__nrf__ext__cjson.a(cJSON.c.obj)
 .text.print_value
                0x0002494c      0x31c zephyr/modules/nrf/ext/cjson/lib..__nrf__ext__cjson.a(cJSON.c.obj)
 .text.print.constprop.14
                0x00024c68       0x98 zephyr/modules/nrf/ext/cjson/lib..__nrf__ext__cjson.a(cJSON.c.obj)
 .text.cJSON_strdup.isra.2.constprop.16
                0x00024d00       0x2c zephyr/modules/nrf/ext/cjson/lib..__nrf__ext__cjson.a(cJSON.c.obj)
 .text.add_item_to_object.constprop.12
                0x00024d2c       0x50 zephyr/modules/nrf/ext/cjson/lib..__nrf__ext__cjson.a(cJSON.c.obj)
 .text.cJSON_InitHooks
                0x00024d7c       0x44 zephyr/modules/nrf/ext/cjson/lib..__nrf__ext__cjson.a(cJSON.c.obj)
                0x00024d7c                cJSON_InitHooks
 .text.cJSON_Delete
                0x00024dc0       0x44 zephyr/modules/nrf/ext/cjson/lib..__nrf__ext__cjson.a(cJSON.c.obj)
                0x00024dc0                cJSON_Delete
 .text.cJSON_ParseWithOpts
                0x00024e04       0xe8 zephyr/modules/nrf/ext/cjson/lib..__nrf__ext__cjson.a(cJSON.c.obj)
                0x00024e04                cJSON_ParseWithOpts
 .text.cJSON_CreateNull
                0x00024eec       0x18 zephyr/modules/nrf/ext/cjson/lib..__nrf__ext__cjson.a(cJSON.c.obj)
                0x00024eec                cJSON_CreateNull
 .text.cJSON_CreateString
                0x00024f04       0x30 zephyr/modules/nrf/ext/cjson/lib..__nrf__ext__cjson.a(cJSON.c.obj)
                0x00024f04                cJSON_CreateString
 .text.cJSON_CreateArray
                0x00024f34       0x18 zephyr/modules/nrf/ext/cjson/lib..__nrf__ext__cjson.a(cJSON.c.obj)
                0x00024f34                cJSON_CreateArray
 .text.cJSON_CreateObject
                0x00024f4c       0x18 zephyr/modules/nrf/ext/cjson/lib..__nrf__ext__cjson.a(cJSON.c.obj)
                0x00024f4c                cJSON_CreateObject
 .text.cJSON_Init
                0x00024f64       0x1c zephyr/modules/nrf/ext/cjson/lib..__nrf__ext__cjson.a(cJSON_os.c.obj)
                0x00024f64                cJSON_Init
 .text._bsdlib_init
                0x00024f80       0x1c zephyr/modules/nrf/lib/bsdlib/lib..__nrf__lib__bsdlib.a(bsdlib.c.obj)
 .text.bsdlib_get_init_ret
                0x00024f9c        0xc zephyr/modules/nrf/lib/bsdlib/lib..__nrf__lib__bsdlib.a(bsdlib.c.obj)
                0x00024f9c                bsdlib_get_init_ret
 .text.thread_monitor_entry_get
                0x00024fa8       0x44 zephyr/modules/nrf/lib/bsdlib/lib..__nrf__lib__bsdlib.a(bsd_os.c.obj)
 .text.rpc_proxy_irq_handler
                0x00024fec       0x4c zephyr/modules/nrf/lib/bsdlib/lib..__nrf__lib__bsdlib.a(bsd_os.c.obj)
                0x00024fec                rpc_proxy_irq_handler
 .text.bsd_os_timedwait
                0x00025038      0x120 zephyr/modules/nrf/lib/bsdlib/lib..__nrf__lib__bsdlib.a(bsd_os.c.obj)
                0x00025038                bsd_os_timedwait
 .text.bsd_os_errno_set
                0x00025158      0x1d8 zephyr/modules/nrf/lib/bsdlib/lib..__nrf__lib__bsdlib.a(bsd_os.c.obj)
                0x00025158                bsd_os_errno_set
 .text.bsd_os_application_irq_set
                0x00025330       0x10 zephyr/modules/nrf/lib/bsdlib/lib..__nrf__lib__bsdlib.a(bsd_os.c.obj)
                0x00025330                bsd_os_application_irq_set
 .text.bsd_os_application_irq_clear
                0x00025340       0x10 zephyr/modules/nrf/lib/bsdlib/lib..__nrf__lib__bsdlib.a(bsd_os.c.obj)
                0x00025340                bsd_os_application_irq_clear
 .text.bsd_os_trace_irq_set
                0x00025350       0x10 zephyr/modules/nrf/lib/bsdlib/lib..__nrf__lib__bsdlib.a(bsd_os.c.obj)
                0x00025350                bsd_os_trace_irq_set
 .text.bsd_os_trace_irq_clear
                0x00025360       0x10 zephyr/modules/nrf/lib/bsdlib/lib..__nrf__lib__bsdlib.a(bsd_os.c.obj)
                0x00025360                bsd_os_trace_irq_clear
 .text.trace_uart_init
                0x00025370       0x2c zephyr/modules/nrf/lib/bsdlib/lib..__nrf__lib__bsdlib.a(bsd_os.c.obj)
                0x00025370                trace_uart_init
 .text.bsd_os_init
                0x0002539c       0x30 zephyr/modules/nrf/lib/bsdlib/lib..__nrf__lib__bsdlib.a(bsd_os.c.obj)
                0x0002539c                bsd_os_init
 .text.bsd_os_trace_put
                0x000253cc       0x34 zephyr/modules/nrf/lib/bsdlib/lib..__nrf__lib__bsdlib.a(bsd_os.c.obj)
                0x000253cc                bsd_os_trace_put
 .text.z_to_nrf_optname
                0x00025400       0xd0 zephyr/modules/nrf/lib/bsdlib/lib..__nrf__lib__bsdlib.a(nrf91_sockets.c.obj)
 .text.nrf91_socket_iface_init
                0x000254d0       0x18 zephyr/modules/nrf/lib/bsdlib/lib..__nrf__lib__bsdlib.a(nrf91_sockets.c.obj)
 .text.dk_set_leds_state.part.0
                0x000254e8       0x80 zephyr/modules/nrf/lib/dk_buttons_and_leds/lib..__nrf__lib__dk_buttons_and_leds.a(dk_buttons_and_leds.c.obj)
 .text.button_pressed
                0x00025568      0x124 zephyr/modules/nrf/lib/dk_buttons_and_leds/lib..__nrf__lib__dk_buttons_and_leds.a(dk_buttons_and_leds.c.obj)
 .text.buttons_scan_fn
                0x0002568c      0x1ec zephyr/modules/nrf/lib/dk_buttons_and_leds/lib..__nrf__lib__dk_buttons_and_leds.a(dk_buttons_and_leds.c.obj)
 .text.dk_leds_init
                0x00025878       0xa0 zephyr/modules/nrf/lib/dk_buttons_and_leds/lib..__nrf__lib__dk_buttons_and_leds.a(dk_buttons_and_leds.c.obj)
                0x00025878                dk_leds_init
 .text.dk_read_buttons
                0x00025918       0x20 zephyr/modules/nrf/lib/dk_buttons_and_leds/lib..__nrf__lib__dk_buttons_and_leds.a(dk_buttons_and_leds.c.obj)
                0x00025918                dk_read_buttons
 .text.dk_buttons_init
                0x00025938      0x1f0 zephyr/modules/nrf/lib/dk_buttons_and_leds/lib..__nrf__lib__dk_buttons_and_leds.a(dk_buttons_and_leds.c.obj)
                0x00025938                dk_buttons_init
 .text.find_node
                0x00025b28       0x30 zephyr/modules/nrf/lib/at_notif/lib..__nrf__lib__at_notif.a(at_notif.c.obj)
 .text.module_init
                0x00025b58       0x1c zephyr/modules/nrf/lib/at_notif/lib..__nrf__lib__at_notif.a(at_notif.c.obj)
 .text.notif_dispatch
                0x00025b74       0x38 zephyr/modules/nrf/lib/at_notif/lib..__nrf__lib__at_notif.a(at_notif.c.obj)
 .text.at_notif_register_handler
                0x00025bac       0x70 zephyr/modules/nrf/lib/at_notif/lib..__nrf__lib__at_notif.a(at_notif.c.obj)
                0x00025bac                at_notif_register_handler
 .text.at_notif_deregister_handler
                0x00025c1c       0x74 zephyr/modules/nrf/lib/at_notif/lib..__nrf__lib__at_notif.a(at_notif.c.obj)
                0x00025c1c                at_notif_deregister_handler
 .text.write_uart_string
                0x00025c90       0x1c zephyr/modules/nrf/lib/at_host/lib..__nrf__lib__at_host.a(at_host.c.obj)
 .text.cmd_send
                0x00025cac       0xa8 zephyr/modules/nrf/lib/at_host/lib..__nrf__lib__at_host.a(at_host.c.obj)
 .text.isr      0x00025d54      0x15c zephyr/modules/nrf/lib/at_host/lib..__nrf__lib__at_host.a(at_host.c.obj)
 .text.at_host_init
                0x00025eb0      0x15c zephyr/modules/nrf/lib/at_host/lib..__nrf__lib__at_host.a(at_host.c.obj)
 .text.at_parse_process_element
                0x0002600c      0x178 zephyr/modules/nrf/lib/at_cmd_parser/lib..__nrf__lib__at_cmd_parser.a(at_cmd_parser.c.obj)
 .text.at_parse_detect_type
                0x00026184       0xac zephyr/modules/nrf/lib/at_cmd_parser/lib..__nrf__lib__at_cmd_parser.a(at_cmd_parser.c.obj)
 .text.at_parser_max_params_from_str
                0x00026230      0x114 zephyr/modules/nrf/lib/at_cmd_parser/lib..__nrf__lib__at_cmd_parser.a(at_cmd_parser.c.obj)
                0x00026230                at_parser_max_params_from_str
 .text.at_params_get
                0x00026344       0x44 zephyr/modules/nrf/lib/at_cmd_parser/lib..__nrf__lib__at_cmd_parser.a(at_params.c.obj)
 .text.at_param_size
                0x00026388       0x50 zephyr/modules/nrf/lib/at_cmd_parser/lib..__nrf__lib__at_cmd_parser.a(at_params.c.obj)
 .text.at_param_clear
                0x000263d8       0x44 zephyr/modules/nrf/lib/at_cmd_parser/lib..__nrf__lib__at_cmd_parser.a(at_params.c.obj)
 .text.at_params_list_clear
                0x0002641c       0x70 zephyr/modules/nrf/lib/at_cmd_parser/lib..__nrf__lib__at_cmd_parser.a(at_params.c.obj)
                0x0002641c                at_params_list_clear
 .text.modem_info_parse.isra.0
                0x0002648c       0x2c zephyr/modules/nrf/lib/modem_info/lib..__nrf__lib__modem_info.a(modem_info.c.obj)
 .text.modem_info_rsrp_subscribe_handler
                0x000264b8       0xa0 zephyr/modules/nrf/lib/modem_info/lib..__nrf__lib__modem_info.a(modem_info.c.obj)
 .text.modem_info_type_get
                0x00026558       0x14 zephyr/modules/nrf/lib/modem_info/lib..__nrf__lib__modem_info.a(modem_info.c.obj)
                0x00026558                modem_info_type_get
 .text.modem_info_name_get
                0x0002656c       0x30 zephyr/modules/nrf/lib/modem_info/lib..__nrf__lib__modem_info.a(modem_info.c.obj)
                0x0002656c                modem_info_name_get
 .text.modem_info_short_get
                0x0002659c       0x64 zephyr/modules/nrf/lib/modem_info/lib..__nrf__lib__modem_info.a(modem_info.c.obj)
                0x0002659c                modem_info_short_get
 .text.modem_info_string_get
                0x00026600      0x124 zephyr/modules/nrf/lib/modem_info/lib..__nrf__lib__modem_info.a(modem_info.c.obj)
                0x00026600                modem_info_string_get
 .text.modem_info_rsrp_register
                0x00026724       0x68 zephyr/modules/nrf/lib/modem_info/lib..__nrf__lib__modem_info.a(modem_info.c.obj)
                0x00026724                modem_info_rsrp_register
 .text.modem_info_init
                0x0002678c        0xc zephyr/modules/nrf/lib/modem_info/lib..__nrf__lib__modem_info.a(modem_info.c.obj)
                0x0002678c                modem_info_init
 .text.modem_data_get
                0x00026798       0x94 zephyr/modules/nrf/lib/modem_info/lib..__nrf__lib__modem_info.a(modem_info_params.c.obj)
 .text.modem_info_params_init
                0x0002682c       0xa0 zephyr/modules/nrf/lib/modem_info/lib..__nrf__lib__modem_info.a(modem_info_params.c.obj)
                0x0002682c                modem_info_params_init
 .text.modem_info_params_get
                0x000268cc      0x1a8 zephyr/modules/nrf/lib/modem_info/lib..__nrf__lib__modem_info.a(modem_info_params.c.obj)
                0x000268cc                modem_info_params_get
 .text.network_data_add
                0x00026a74       0xf4 zephyr/modules/nrf/lib/modem_info/lib..__nrf__lib__modem_info.a(modem_info_json.c.obj)
 .text.device_data_add
                0x00026b68       0x68 zephyr/modules/nrf/lib/modem_info/lib..__nrf__lib__modem_info.a(modem_info_json.c.obj)
 .text.modem_info_json_object_encode
                0x00026bd0       0xc0 zephyr/modules/nrf/lib/modem_info/lib..__nrf__lib__modem_info.a(modem_info_json.c.obj)
                0x00026bd0                modem_info_json_object_encode
 .text.cloud_get_binding
                0x00026c90       0x34 zephyr/modules/nrf/subsys/net/lib/cloud/lib..__nrf__subsys__net__lib__cloud.a(cloud.c.obj)
                0x00026c90                cloud_get_binding
 .text.uninit   0x00026cc4       0x34 zephyr/modules/nrf/subsys/net/lib/nrf_cloud/lib..__nrf__subsys__net__lib__nrf_cloud.a(nrf_cloud.c.obj)
 .text.event_handler
                0x00026cf8      0x218 zephyr/modules/nrf/subsys/net/lib/nrf_cloud/lib..__nrf__subsys__net__lib__nrf_cloud.a(nrf_cloud.c.obj)
 .text.nfsm_get_current_state
                0x00026f10        0xc zephyr/modules/nrf/subsys/net/lib/nrf_cloud/lib..__nrf__subsys__net__lib__nrf_cloud.a(nrf_cloud.c.obj)
                0x00026f10                nfsm_get_current_state
 .text.nfsm_set_current_state_and_notify
                0x00026f1c       0x58 zephyr/modules/nrf/subsys/net/lib/nrf_cloud/lib..__nrf__subsys__net__lib__nrf_cloud.a(nrf_cloud.c.obj)
                0x00026f1c                nfsm_set_current_state_and_notify
 .text.nrf_cloud_init
                0x00026f74       0x40 zephyr/modules/nrf/subsys/net/lib/nrf_cloud/lib..__nrf__subsys__net__lib__nrf_cloud.a(nrf_cloud.c.obj)
                0x00026f74                nrf_cloud_init
 .text.init     0x00026fb4       0x28 zephyr/modules/nrf/subsys/net/lib/nrf_cloud/lib..__nrf__subsys__net__lib__nrf_cloud.a(nrf_cloud.c.obj)
 .text.nrf_cloud_connect
                0x00026fdc       0x18 zephyr/modules/nrf/subsys/net/lib/nrf_cloud/lib..__nrf__subsys__net__lib__nrf_cloud.a(nrf_cloud.c.obj)
                0x00026fdc                nrf_cloud_connect
 .text.nrf_cloud_disconnect
                0x00026ff4       0x18 zephyr/modules/nrf/subsys/net/lib/nrf_cloud/lib..__nrf__subsys__net__lib__nrf_cloud.a(nrf_cloud.c.obj)
                0x00026ff4                nrf_cloud_disconnect
 .text.nrf_cloud_user_associate
                0x0002700c       0x54 zephyr/modules/nrf/subsys/net/lib/nrf_cloud/lib..__nrf__subsys__net__lib__nrf_cloud.a(nrf_cloud.c.obj)
                0x0002700c                nrf_cloud_user_associate
 .text.send     0x00027060      0x124 zephyr/modules/nrf/subsys/net/lib/nrf_cloud/lib..__nrf__subsys__net__lib__nrf_cloud.a(nrf_cloud.c.obj)
 .text.nct_input
                0x00027184        0xc zephyr/modules/nrf/subsys/net/lib/nrf_cloud/lib..__nrf__subsys__net__lib__nrf_cloud.a(nrf_cloud.c.obj)
                0x00027184                nct_input
 .text.nct_apply_update
                0x00027190       0x10 zephyr/modules/nrf/subsys/net/lib/nrf_cloud/lib..__nrf__subsys__net__lib__nrf_cloud.a(nrf_cloud.c.obj)
                0x00027190                nct_apply_update
 .text.encode_ua_button_sequence
                0x000271a0       0x88 zephyr/modules/nrf/subsys/net/lib/nrf_cloud/lib..__nrf__subsys__net__lib__nrf_cloud.a(nrf_cloud_codec.c.obj)
 .text.nrf_cloud_encode_ua
                0x00027228      0x1c0 zephyr/modules/nrf/subsys/net/lib/nrf_cloud/lib..__nrf__subsys__net__lib__nrf_cloud.a(nrf_cloud_codec.c.obj)
                0x00027228                nrf_cloud_encode_ua
 .text.nrf_cloud_decode_requested_state
                0x000273e8      0x1c0 zephyr/modules/nrf/subsys/net/lib/nrf_cloud/lib..__nrf__subsys__net__lib__nrf_cloud.a(nrf_cloud_codec.c.obj)
                0x000273e8                nrf_cloud_decode_requested_state
 .text.nrf_cloud_encode_state
                0x000275a8      0x2b8 zephyr/modules/nrf/subsys/net/lib/nrf_cloud/lib..__nrf__subsys__net__lib__nrf_cloud.a(nrf_cloud_codec.c.obj)
                0x000275a8                nrf_cloud_encode_state
 .text.nrf_cloud_decode_data_endpoint
                0x00027860      0x188 zephyr/modules/nrf/subsys/net/lib/nrf_cloud/lib..__nrf__subsys__net__lib__nrf_cloud.a(nrf_cloud_codec.c.obj)
                0x00027860                nrf_cloud_decode_data_endpoint
 .text.drop_event_handler
                0x000279e8       0x3c zephyr/modules/nrf/subsys/net/lib/nrf_cloud/lib..__nrf__subsys__net__lib__nrf_cloud.a(nrf_cloud_fsm.c.obj)
 .text.state_ua_initiate
                0x00027a24       0x70 zephyr/modules/nrf/subsys/net/lib/nrf_cloud/lib..__nrf__subsys__net__lib__nrf_cloud.a(nrf_cloud_fsm.c.obj)
 .text.state_ua_pin_wait
                0x00027a94       0xac zephyr/modules/nrf/subsys/net/lib/nrf_cloud/lib..__nrf__subsys__net__lib__nrf_cloud.a(nrf_cloud_fsm.c.obj)
 .text.initiate_cmd_handler
                0x00027b40       0x60 zephyr/modules/nrf/subsys/net/lib/nrf_cloud/lib..__nrf__subsys__net__lib__nrf_cloud.a(nrf_cloud_fsm.c.obj)
 .text.state_ua_pin_complete
                0x00027ba0       0xb0 zephyr/modules/nrf/subsys/net/lib/nrf_cloud/lib..__nrf__subsys__net__lib__nrf_cloud.a(nrf_cloud_fsm.c.obj)
 .text.state_ua_input_wait
                0x00027c50       0x84 zephyr/modules/nrf/subsys/net/lib/nrf_cloud/lib..__nrf__subsys__net__lib__nrf_cloud.a(nrf_cloud_fsm.c.obj)
 .text.state_ua_complete
                0x00027cd4       0x84 zephyr/modules/nrf/subsys/net/lib/nrf_cloud/lib..__nrf__subsys__net__lib__nrf_cloud.a(nrf_cloud_fsm.c.obj)
 .text.initiate_n_complete_request_handler
                0x00027d58       0xf0 zephyr/modules/nrf/subsys/net/lib/nrf_cloud/lib..__nrf__subsys__net__lib__nrf_cloud.a(nrf_cloud_fsm.c.obj)
 .text.all_ua_request_handler
                0x00027e48      0x1a8 zephyr/modules/nrf/subsys/net/lib/nrf_cloud/lib..__nrf__subsys__net__lib__nrf_cloud.a(nrf_cloud_fsm.c.obj)
 .text.cc_connection_handler
                0x00027ff0       0x50 zephyr/modules/nrf/subsys/net/lib/nrf_cloud/lib..__nrf__subsys__net__lib__nrf_cloud.a(nrf_cloud_fsm.c.obj)
 .text.initiate_cmd_in_dc_conn_handler
                0x00028040       0x68 zephyr/modules/nrf/subsys/net/lib/nrf_cloud/lib..__nrf__subsys__net__lib__nrf_cloud.a(nrf_cloud_fsm.c.obj)
 .text.nfsm_handle_incoming_event
                0x000280a8       0x80 zephyr/modules/nrf/subsys/net/lib/nrf_cloud/lib..__nrf__subsys__net__lib__nrf_cloud.a(nrf_cloud_fsm.c.obj)
                0x000280a8                nfsm_handle_incoming_event
 .text.dc_endpoint_reset
                0x00028128       0x18 zephyr/modules/nrf/subsys/net/lib/nrf_cloud/lib..__nrf__subsys__net__lib__nrf_cloud.a(nrf_cloud_transport.c.obj)
 .text.dc_send  0x00028140       0x74 zephyr/modules/nrf/subsys/net/lib/nrf_cloud/lib..__nrf__subsys__net__lib__nrf_cloud.a(nrf_cloud_transport.c.obj)
 .text.dc_endpoint_free
                0x000281b4       0x30 zephyr/modules/nrf/subsys/net/lib/nrf_cloud/lib..__nrf__subsys__net__lib__nrf_cloud.a(nrf_cloud_transport.c.obj)
 .text.aws_fota_cb_handler
                0x000281e4       0x6c zephyr/modules/nrf/subsys/net/lib/nrf_cloud/lib..__nrf__subsys__net__lib__nrf_cloud.a(nrf_cloud_transport.c.obj)
 .text.nct_mqtt_evt_handler
                0x00028250      0x2e4 zephyr/modules/nrf/subsys/net/lib/nrf_cloud/lib..__nrf__subsys__net__lib__nrf_cloud.a(nrf_cloud_transport.c.obj)
 .text.nct_mqtt_connect
                0x00028534       0xc4 zephyr/modules/nrf/subsys/net/lib/nrf_cloud/lib..__nrf__subsys__net__lib__nrf_cloud.a(nrf_cloud_transport.c.obj)
                0x00028534                nct_mqtt_connect
 .text.nct_init
                0x000285f8      0x2b8 zephyr/modules/nrf/subsys/net/lib/nrf_cloud/lib..__nrf__subsys__net__lib__nrf_cloud.a(nrf_cloud_transport.c.obj)
                0x000285f8                nct_init
 .text.nct_connect
                0x000288b0      0x170 zephyr/modules/nrf/subsys/net/lib/nrf_cloud/lib..__nrf__subsys__net__lib__nrf_cloud.a(nrf_cloud_transport.c.obj)
                0x000288b0                nct_connect
 .text.nct_cc_connect
                0x00028a20       0x58 zephyr/modules/nrf/subsys/net/lib/nrf_cloud/lib..__nrf__subsys__net__lib__nrf_cloud.a(nrf_cloud_transport.c.obj)
                0x00028a20                nct_cc_connect
 .text.nct_cc_send
                0x00028a78      0x10c zephyr/modules/nrf/subsys/net/lib/nrf_cloud/lib..__nrf__subsys__net__lib__nrf_cloud.a(nrf_cloud_transport.c.obj)
                0x00028a78                nct_cc_send
 .text.nct_dc_endpoint_set
                0x00028b84       0x6c zephyr/modules/nrf/subsys/net/lib/nrf_cloud/lib..__nrf__subsys__net__lib__nrf_cloud.a(nrf_cloud_transport.c.obj)
                0x00028b84                nct_dc_endpoint_set
 .text.nct_dc_endpoint_get
                0x00028bf0       0x68 zephyr/modules/nrf/subsys/net/lib/nrf_cloud/lib..__nrf__subsys__net__lib__nrf_cloud.a(nrf_cloud_transport.c.obj)
                0x00028bf0                nct_dc_endpoint_get
 .text.nct_dc_connect
                0x00028c58       0x68 zephyr/modules/nrf/subsys/net/lib/nrf_cloud/lib..__nrf__subsys__net__lib__nrf_cloud.a(nrf_cloud_transport.c.obj)
                0x00028c58                nct_dc_connect
 .text.nct_dc_disconnect
                0x00028cc0       0x58 zephyr/modules/nrf/subsys/net/lib/nrf_cloud/lib..__nrf__subsys__net__lib__nrf_cloud.a(nrf_cloud_transport.c.obj)
                0x00028cc0                nct_dc_disconnect
 .text.nct_disconnect
                0x00028d18       0x48 zephyr/modules/nrf/subsys/net/lib/nrf_cloud/lib..__nrf__subsys__net__lib__nrf_cloud.a(nrf_cloud_transport.c.obj)
                0x00028d18                nct_disconnect
 .text.nct_process
                0x00028d60       0x18 zephyr/modules/nrf/subsys/net/lib/nrf_cloud/lib..__nrf__subsys__net__lib__nrf_cloud.a(nrf_cloud_transport.c.obj)
                0x00028d60                nct_process
 .text.nct_socket_get
                0x00028d78        0xc zephyr/modules/nrf/subsys/net/lib/nrf_cloud/lib..__nrf__subsys__net__lib__nrf_cloud.a(nrf_cloud_transport.c.obj)
                0x00028d78                nct_socket_get
 .text.fragment_evt_send
                0x00028d84       0x8c zephyr/modules/nrf/subsys/net/lib/download_client/lib..__nrf__subsys__net__lib__download_client.a(download_client.c.obj)
 .text.setsockopt
                0x00028e10       0x70 zephyr/modules/nrf/subsys/net/lib/download_client/lib..__nrf__subsys__net__lib__download_client.a(download_client.c.obj)
 .text.close    0x00028e80       0x58 zephyr/modules/nrf/subsys/net/lib/download_client/lib..__nrf__subsys__net__lib__download_client.a(download_client.c.obj)
 .text.get_request_send
                0x00028ed8      0x19c zephyr/modules/nrf/subsys/net/lib/download_client/lib..__nrf__subsys__net__lib__download_client.a(download_client.c.obj)
 .text.download_client_init
                0x00029074       0x54 zephyr/modules/nrf/subsys/net/lib/download_client/lib..__nrf__subsys__net__lib__download_client.a(download_client.c.obj)
                0x00029074                download_client_init
 .text.download_client_connect
                0x000290c8      0x384 zephyr/modules/nrf/subsys/net/lib/download_client/lib..__nrf__subsys__net__lib__download_client.a(download_client.c.obj)
                0x000290c8                download_client_connect
 .text.download_client_disconnect
                0x0002944c       0x60 zephyr/modules/nrf/subsys/net/lib/download_client/lib..__nrf__subsys__net__lib__download_client.a(download_client.c.obj)
                0x0002944c                download_client_disconnect
 .text.reconnect
                0x000294ac       0x50 zephyr/modules/nrf/subsys/net/lib/download_client/lib..__nrf__subsys__net__lib__download_client.a(download_client.c.obj)
 .text.download_thread
                0x000294fc      0x3fc zephyr/modules/nrf/subsys/net/lib/download_client/lib..__nrf__subsys__net__lib__download_client.a(download_client.c.obj)
                0x000294fc                download_thread
 .text.download_client_start
                0x000298f8       0x84 zephyr/modules/nrf/subsys/net/lib/download_client/lib..__nrf__subsys__net__lib__download_client.a(download_client.c.obj)
                0x000298f8                download_client_start
 .text.download_with_offset
                0x0002997c       0x78 zephyr/modules/nrf/subsys/net/lib/fota_download/lib..__nrf__subsys__net__lib__fota_download.a(fota_download.c.obj)
 .text.download_client_callback
                0x000299f4      0x1e8 zephyr/modules/nrf/subsys/net/lib/fota_download/lib..__nrf__subsys__net__lib__fota_download.a(fota_download.c.obj)
 .text.fota_download_start
                0x00029bdc       0x50 zephyr/modules/nrf/subsys/net/lib/fota_download/lib..__nrf__subsys__net__lib__fota_download.a(fota_download.c.obj)
                0x00029bdc                fota_download_start
 .text.fota_download_init
                0x00029c2c       0x38 zephyr/modules/nrf/subsys/net/lib/fota_download/lib..__nrf__subsys__net__lib__fota_download.a(fota_download.c.obj)
                0x00029c2c                fota_download_init
 .text.construct_topic
                0x00029c64       0xf8 zephyr/modules/nrf/subsys/net/lib/aws_jobs/lib..__nrf__subsys__net__lib__aws_jobs.a(aws_jobs.c.obj)
 .text.reg_topic
                0x00029d5c       0xb0 zephyr/modules/nrf/subsys/net/lib/aws_jobs/lib..__nrf__subsys__net__lib__aws_jobs.a(aws_jobs.c.obj)
 .text.publish  0x00029e0c       0xbc zephyr/modules/nrf/subsys/net/lib/aws_jobs/lib..__nrf__subsys__net__lib__aws_jobs.a(aws_jobs.c.obj)
 .text.aws_jobs_subscribe_topic_notify_next
                0x00029ec8       0x1c zephyr/modules/nrf/subsys/net/lib/aws_jobs/lib..__nrf__subsys__net__lib__aws_jobs.a(aws_jobs.c.obj)
                0x00029ec8                aws_jobs_subscribe_topic_notify_next
 .text.aws_jobs_unsubscribe_topic_notify_next
                0x00029ee4       0x1c zephyr/modules/nrf/subsys/net/lib/aws_jobs/lib..__nrf__subsys__net__lib__aws_jobs.a(aws_jobs.c.obj)
                0x00029ee4                aws_jobs_unsubscribe_topic_notify_next
 .text.aws_jobs_subscribe_topic_get
                0x00029f00       0x1c zephyr/modules/nrf/subsys/net/lib/aws_jobs/lib..__nrf__subsys__net__lib__aws_jobs.a(aws_jobs.c.obj)
                0x00029f00                aws_jobs_subscribe_topic_get
 .text.aws_jobs_subscribe_topic_update
                0x00029f1c       0x1c zephyr/modules/nrf/subsys/net/lib/aws_jobs/lib..__nrf__subsys__net__lib__aws_jobs.a(aws_jobs.c.obj)
                0x00029f1c                aws_jobs_subscribe_topic_update
 .text.aws_jobs_update_job_execution
                0x00029f38       0xcc zephyr/modules/nrf/subsys/net/lib/aws_jobs/lib..__nrf__subsys__net__lib__aws_jobs.a(aws_jobs.c.obj)
                0x00029f38                aws_jobs_update_job_execution
 .text.aws_jobs_get_job_execution
                0x0002a004       0x2c zephyr/modules/nrf/subsys/net/lib/aws_jobs/lib..__nrf__subsys__net__lib__aws_jobs.a(aws_jobs.c.obj)
                0x0002a004                aws_jobs_get_job_execution
 .text.update_job_execution.constprop.0
                0x0002a030       0xd4 zephyr/modules/nrf/subsys/net/lib/aws_fota/lib..__nrf__subsys__net__lib__aws_fota.a(aws_fota.c.obj)
 .text.http_fota_handler
                0x0002a104       0xc8 zephyr/modules/nrf/subsys/net/lib/aws_fota/lib..__nrf__subsys__net__lib__aws_fota.a(aws_fota.c.obj)
 .text.get_published_payload.constprop.1
                0x0002a1cc       0x40 zephyr/modules/nrf/subsys/net/lib/aws_fota/lib..__nrf__subsys__net__lib__aws_fota.a(aws_fota.c.obj)
 .text.aws_fota_mqtt_evt_handler
                0x0002a20c      0x4f4 zephyr/modules/nrf/subsys/net/lib/aws_fota/lib..__nrf__subsys__net__lib__aws_fota.a(aws_fota.c.obj)
                0x0002a20c                aws_fota_mqtt_evt_handler
 .text.aws_fota_init
                0x0002a700       0x84 zephyr/modules/nrf/subsys/net/lib/aws_fota/lib..__nrf__subsys__net__lib__aws_fota.a(aws_fota.c.obj)
                0x0002a700                aws_fota_init
 .text.aws_fota_parse_notify_next_document
                0x0002a784       0x48 zephyr/modules/nrf/subsys/net/lib/aws_fota/lib..__nrf__subsys__net__lib__aws_fota.a(aws_fota_json.c.obj)
                0x0002a784                aws_fota_parse_notify_next_document
 .text.dfu_target_img_type
                0x0002a7cc       0x5c zephyr/modules/nrf/subsys/dfu/lib..__nrf__subsys__dfu.a(dfu_target.c.obj)
                0x0002a7cc                dfu_target_img_type
 .text.dfu_target_init
                0x0002a828       0x6c zephyr/modules/nrf/subsys/dfu/lib..__nrf__subsys__dfu.a(dfu_target.c.obj)
                0x0002a828                dfu_target_init
 .text.dfu_target_offset_get
                0x0002a894       0x14 zephyr/modules/nrf/subsys/dfu/lib..__nrf__subsys__dfu.a(dfu_target.c.obj)
                0x0002a894                dfu_target_offset_get
 .text.dfu_target_write
                0x0002a8a8       0x18 zephyr/modules/nrf/subsys/dfu/lib..__nrf__subsys__dfu.a(dfu_target.c.obj)
                0x0002a8a8                dfu_target_write
 .text.dfu_target_done
                0x0002a8c0       0x54 zephyr/modules/nrf/subsys/dfu/lib..__nrf__subsys__dfu.a(dfu_target.c.obj)
                0x0002a8c0                dfu_target_done
 .text.getsockopt.constprop.2
                0x0002a914       0x70 zephyr/modules/nrf/subsys/dfu/lib..__nrf__subsys__dfu.a(dfu_target_modem.c.obj)
 .text.get_modem_error
                0x0002a984       0x5c zephyr/modules/nrf/subsys/dfu/lib..__nrf__subsys__dfu.a(dfu_target_modem.c.obj)
 .text.setsockopt.constprop.3
                0x0002a9e0       0x70 zephyr/modules/nrf/subsys/dfu/lib..__nrf__subsys__dfu.a(dfu_target_modem.c.obj)
 .text.delete_banked_modem_fw
                0x0002aa50       0xf0 zephyr/modules/nrf/subsys/dfu/lib..__nrf__subsys__dfu.a(dfu_target_modem.c.obj)
 .text.dfu_target_modem_identify
                0x0002ab40       0x10 zephyr/modules/nrf/subsys/dfu/lib..__nrf__subsys__dfu.a(dfu_target_modem.c.obj)
                0x0002ab40                dfu_target_modem_identify
 .text.dfu_target_modem_init
                0x0002ab50      0x1f8 zephyr/modules/nrf/subsys/dfu/lib..__nrf__subsys__dfu.a(dfu_target_modem.c.obj)
                0x0002ab50                dfu_target_modem_init
 .text.dfu_target_modem_offset_get
                0x0002ad48       0x10 zephyr/modules/nrf/subsys/dfu/lib..__nrf__subsys__dfu.a(dfu_target_modem.c.obj)
                0x0002ad48                dfu_target_modem_offset_get
 .text.dfu_target_modem_write
                0x0002ad58       0xe4 zephyr/modules/nrf/subsys/dfu/lib..__nrf__subsys__dfu.a(dfu_target_modem.c.obj)
                0x0002ad58                dfu_target_modem_write
 .text.dfu_target_modem_done
                0x0002ae3c      0x128 zephyr/modules/nrf/subsys/dfu/lib..__nrf__subsys__dfu.a(dfu_target_modem.c.obj)
                0x0002ae3c                dfu_target_modem_done
 .text.dfu_target_mcuboot_identify
                0x0002af64       0x10 zephyr/modules/nrf/subsys/dfu/lib..__nrf__subsys__dfu.a(dfu_target_mcuboot.c.obj)
                0x0002af64                dfu_target_mcuboot_identify
 .text.dfu_target_mcuboot_init
                0x0002af74       0x80 zephyr/modules/nrf/subsys/dfu/lib..__nrf__subsys__dfu.a(dfu_target_mcuboot.c.obj)
                0x0002af74                dfu_target_mcuboot_init
 .text.dfu_target_mcuboot_offset_get
                0x0002aff4       0x10 zephyr/modules/nrf/subsys/dfu/lib..__nrf__subsys__dfu.a(dfu_target_mcuboot.c.obj)
                0x0002aff4                dfu_target_mcuboot_offset_get
 .text.dfu_target_mcuboot_write
                0x0002b004       0x58 zephyr/modules/nrf/subsys/dfu/lib..__nrf__subsys__dfu.a(dfu_target_mcuboot.c.obj)
                0x0002b004                dfu_target_mcuboot_write
 .text.dfu_target_mcuboot_done
                0x0002b05c       0xa8 zephyr/modules/nrf/subsys/dfu/lib..__nrf__subsys__dfu.a(dfu_target_mcuboot.c.obj)
                0x0002b05c                dfu_target_mcuboot_done
 .text.abi_getter
                0x0002b104       0x4c zephyr/modules/nrf/subsys/fw_info/lib..__nrf__subsys__fw_info.a(fw_info.c.obj)
                0x0002b104                abi_getter
 .text.close    0x0002b150       0x58 zephyr/modules/nrf/drivers/at_cmd/lib..__nrf__drivers__at_cmd.a(at_cmd.c.obj)
 .text.callback_worker
                0x0002b1a8       0x20 zephyr/modules/nrf/drivers/at_cmd/lib..__nrf__drivers__at_cmd.a(at_cmd.c.obj)
 .text.open_socket
                0x0002b1c8       0x74 zephyr/modules/nrf/drivers/at_cmd/lib..__nrf__drivers__at_cmd.a(at_cmd.c.obj)
 .text.at_write
                0x0002b23c      0x104 zephyr/modules/nrf/drivers/at_cmd/lib..__nrf__drivers__at_cmd.a(at_cmd.c.obj)
 .text.socket_thread_fn
                0x0002b340      0x2d8 zephyr/modules/nrf/drivers/at_cmd/lib..__nrf__drivers__at_cmd.a(at_cmd.c.obj)
 .text.at_cmd_driver_init
                0x0002b618       0x6c zephyr/modules/nrf/drivers/at_cmd/lib..__nrf__drivers__at_cmd.a(at_cmd.c.obj)
 .text.at_cmd_write
                0x0002b684       0x44 zephyr/modules/nrf/drivers/at_cmd/lib..__nrf__drivers__at_cmd.a(at_cmd.c.obj)
                0x0002b684                at_cmd_write
 .text.at_cmd_set_notification_handler
                0x0002b6c8       0x28 zephyr/modules/nrf/drivers/at_cmd/lib..__nrf__drivers__at_cmd.a(at_cmd.c.obj)
                0x0002b6c8                at_cmd_set_notification_handler
 .text.w_lte_lc_init
                0x0002b6f0       0xec zephyr/modules/nrf/drivers/lte_link_control/lib..__nrf__drivers__lte_link_control.a(lte_lc.c.obj)
 .text.parse_nw_reg_status
                0x0002b7dc      0x17c zephyr/modules/nrf/drivers/lte_link_control/lib..__nrf__drivers__lte_link_control.a(lte_lc.c.obj)
 .text.at_handler
                0x0002b958       0x80 zephyr/modules/nrf/drivers/lte_link_control/lib..__nrf__drivers__lte_link_control.a(lte_lc.c.obj)
                0x0002b958                at_handler
 .text.w_lte_lc_connect
                0x0002b9d8      0x14c zephyr/modules/nrf/drivers/lte_link_control/lib..__nrf__drivers__lte_link_control.a(lte_lc.c.obj)
 .text.lte_lc_power_off
                0x0002bb24       0x1c zephyr/modules/nrf/drivers/lte_link_control/lib..__nrf__drivers__lte_link_control.a(lte_lc.c.obj)
                0x0002bb24                lte_lc_power_off
 .text.lte_lc_psm_req
                0x0002bb40       0x2c zephyr/modules/nrf/drivers/lte_link_control/lib..__nrf__drivers__lte_link_control.a(lte_lc.c.obj)
                0x0002bb40                lte_lc_psm_req
 .text.sensor_sim_channel_get
                0x0002bb6c       0x80 zephyr/modules/nrf/drivers/sensor/sensor_sim/lib..__nrf__drivers__sensor__sensor_sim.a(sensor_sim.c.obj)
 .text.sensor_sim_trigger_set
                0x0002bbec       0x48 zephyr/modules/nrf/drivers/sensor/sensor_sim/lib..__nrf__drivers__sensor__sensor_sim.a(sensor_sim.c.obj)
 .text.generate_sine.constprop.2
                0x0002bc34       0x3c zephyr/modules/nrf/drivers/sensor/sensor_sim/lib..__nrf__drivers__sensor__sensor_sim.a(sensor_sim.c.obj)
 .text.sensor_sim_init
                0x0002bc70       0x3c zephyr/modules/nrf/drivers/sensor/sensor_sim/lib..__nrf__drivers__sensor__sensor_sim.a(sensor_sim.c.obj)
 .text.start    0x0002bcac      0x468 zephyr/modules/nrf/drivers/nrf9160_gps/lib..__nrf__drivers__nrf9160_gps.a(nrf9160_gps.c.obj)
 .text.channel_get
                0x0002c114       0x44 zephyr/modules/nrf/drivers/nrf9160_gps/lib..__nrf__drivers__nrf9160_gps.a(nrf9160_gps.c.obj)
 .text.trigger_set
                0x0002c158       0x60 zephyr/modules/nrf/drivers/nrf9160_gps/lib..__nrf__drivers__nrf9160_gps.a(nrf9160_gps.c.obj)
 .text.gps_thread
                0x0002c1b8      0x434 zephyr/modules/nrf/drivers/nrf9160_gps/lib..__nrf__drivers__nrf9160_gps.a(nrf9160_gps.c.obj)
 .text.stop     0x0002c5ec       0x80 zephyr/modules/nrf/drivers/nrf9160_gps/lib..__nrf__drivers__nrf9160_gps.a(nrf9160_gps.c.obj)
 .text.init     0x0002c66c      0x130 zephyr/modules/nrf/drivers/nrf9160_gps/lib..__nrf__drivers__nrf9160_gps.a(nrf9160_gps.c.obj)
 .text.ip_client_event_handler
                0x0002c79c        0xc C:/ncs.sojkk/nrfxlib/bsdlib/lib/cortex-m33/hard-float/libbsd_nrf9160_xxaa.a(obfuscated.elf)
 .text.rpc_ip_client_init
                0x0002c7a8        0xc C:/ncs.sojkk/nrfxlib/bsdlib/lib/cortex-m33/hard-float/libbsd_nrf9160_xxaa.a(obfuscated.elf)
                0x0002c7a8                rpc_ip_client_init
 .text.rpc_ip_client_request_alloc
                0x0002c7b4       0x28 C:/ncs.sojkk/nrfxlib/bsdlib/lib/cortex-m33/hard-float/libbsd_nrf9160_xxaa.a(obfuscated.elf)
                0x0002c7b4                rpc_ip_client_request_alloc
 .text.rpc_ip_client_request_send
                0x0002c7dc       0x2c C:/ncs.sojkk/nrfxlib/bsdlib/lib/cortex-m33/hard-float/libbsd_nrf9160_xxaa.a(obfuscated.elf)
                0x0002c7dc                rpc_ip_client_request_send
 .text.rpc_ip_client_message_free
                0x0002c808       0x10 C:/ncs.sojkk/nrfxlib/bsdlib/lib/cortex-m33/hard-float/libbsd_nrf9160_xxaa.a(obfuscated.elf)
                0x0002c808                rpc_ip_client_message_free
 .text.rpc_ip_client_data_free
                0x0002c818       0x10 C:/ncs.sojkk/nrfxlib/bsdlib/lib/cortex-m33/hard-float/libbsd_nrf9160_xxaa.a(obfuscated.elf)
                0x0002c818                rpc_ip_client_data_free
 .text.mbedtls_asn1_write_len.part.0
                0x0002c828       0xc0 C:/ncs.sojkk/nrfxlib/bsdlib/lib/cortex-m33/hard-float/libbsd_nrf9160_xxaa.a(obfuscated.elf)
 .text.mbedtls_asn1_write_len
                0x0002c8e8       0xf4 C:/ncs.sojkk/nrfxlib/bsdlib/lib/cortex-m33/hard-float/libbsd_nrf9160_xxaa.a(obfuscated.elf)
                0x0002c8e8                symbol_000646e
 .text.mbedtls_asn1_write_tag
                0x0002c9dc       0x1c C:/ncs.sojkk/nrfxlib/bsdlib/lib/cortex-m33/hard-float/libbsd_nrf9160_xxaa.a(obfuscated.elf)
                0x0002c9dc                symbol_00036c0
 .text.mbedtls_asn1_write_oid
                0x0002c9f8       0x90 C:/ncs.sojkk/nrfxlib/bsdlib/lib/cortex-m33/hard-float/libbsd_nrf9160_xxaa.a(obfuscated.elf)
                0x0002c9f8                symbol_0008475
 .text.mbedtls_asn1_write_algorithm_identifier
                0x0002ca88      0x12c C:/ncs.sojkk/nrfxlib/bsdlib/lib/cortex-m33/hard-float/libbsd_nrf9160_xxaa.a(obfuscated.elf)
                0x0002ca88                symbol_0002662
 .text.mbedtls_pk_write_pubkey_pem
                0x0002cbb4      0x158 C:/ncs.sojkk/nrfxlib/bsdlib/lib/cortex-m33/hard-float/libbsd_nrf9160_xxaa.a(obfuscated.elf)
                0x0002cbb4                symbol_0005bf5
 .text.authenticated_atcmd_init
                0x0002cd0c      0x104 C:/ncs.sojkk/nrfxlib/bsdlib/lib/cortex-m33/hard-float/libbsd_nrf9160_xxaa.a(obfuscated.elf)
                0x0002cd0c                authenticated_atcmd_init
 .text.authenticated_atcmd_shutdown
                0x0002ce10        0xc C:/ncs.sojkk/nrfxlib/bsdlib/lib/cortex-m33/hard-float/libbsd_nrf9160_xxaa.a(obfuscated.elf)
                0x0002ce10                authenticated_atcmd_shutdown
 .text.gnss_client_event_handler
                0x0002ce1c        0xc C:/ncs.sojkk/nrfxlib/bsdlib/lib/cortex-m33/hard-float/libbsd_nrf9160_xxaa.a(obfuscated.elf)
 .text.rpc_gnss_client_init
                0x0002ce28        0xc C:/ncs.sojkk/nrfxlib/bsdlib/lib/cortex-m33/hard-float/libbsd_nrf9160_xxaa.a(obfuscated.elf)
                0x0002ce28                rpc_gnss_client_init
 .text.rpc_gnss_client_request_alloc
                0x0002ce34       0x28 C:/ncs.sojkk/nrfxlib/bsdlib/lib/cortex-m33/hard-float/libbsd_nrf9160_xxaa.a(obfuscated.elf)
                0x0002ce34                rpc_gnss_client_request_alloc
 .text.rpc_gnss_client_request_send
                0x0002ce5c       0x2c C:/ncs.sojkk/nrfxlib/bsdlib/lib/cortex-m33/hard-float/libbsd_nrf9160_xxaa.a(obfuscated.elf)
                0x0002ce5c                rpc_gnss_client_request_send
 .text.rpc_gnss_client_message_free
                0x0002ce88       0x10 C:/ncs.sojkk/nrfxlib/bsdlib/lib/cortex-m33/hard-float/libbsd_nrf9160_xxaa.a(obfuscated.elf)
                0x0002ce88                rpc_gnss_client_message_free
 .text.rpc_gnss_client_data_free
                0x0002ce98       0x10 C:/ncs.sojkk/nrfxlib/bsdlib/lib/cortex-m33/hard-float/libbsd_nrf9160_xxaa.a(obfuscated.elf)
                0x0002ce98                rpc_gnss_client_data_free
 .text.eckey_can_do
                0x0002cea8        0xc C:/ncs.sojkk/nrfxlib/bsdlib/lib/cortex-m33/hard-float/libbsd_nrf9160_xxaa.a(obfuscated.elf)
 .text.eckey_get_bitlen
                0x0002ceb4        0x4 C:/ncs.sojkk/nrfxlib/bsdlib/lib/cortex-m33/hard-float/libbsd_nrf9160_xxaa.a(obfuscated.elf)
 .text.eckey_debug
                0x0002ceb8       0x14 C:/ncs.sojkk/nrfxlib/bsdlib/lib/cortex-m33/hard-float/libbsd_nrf9160_xxaa.a(obfuscated.elf)
 .text.eckeydh_can_do
                0x0002cecc        0xc C:/ncs.sojkk/nrfxlib/bsdlib/lib/cortex-m33/hard-float/libbsd_nrf9160_xxaa.a(obfuscated.elf)
 .text.eckey_free_wrap
                0x0002ced8       0x14 C:/ncs.sojkk/nrfxlib/bsdlib/lib/cortex-m33/hard-float/libbsd_nrf9160_xxaa.a(obfuscated.elf)
 .text.eckey_alloc_wrap
                0x0002ceec       0x18 C:/ncs.sojkk/nrfxlib/bsdlib/lib/cortex-m33/hard-float/libbsd_nrf9160_xxaa.a(obfuscated.elf)
 .text.eckey_check_pair
                0x0002cf04        0x4 C:/ncs.sojkk/nrfxlib/bsdlib/lib/cortex-m33/hard-float/libbsd_nrf9160_xxaa.a(obfuscated.elf)
 .text.mbedtls_base64_encode
                0x0002cf08      0x120 C:/ncs.sojkk/nrfxlib/bsdlib/lib/cortex-m33/hard-float/libbsd_nrf9160_xxaa.a(obfuscated.elf)
                0x0002cf08                symbol_0005c7f
 .text.packet_free_cb
                0x0002d028       0x38 C:/ncs.sojkk/nrfxlib/bsdlib/lib/cortex-m33/hard-float/libbsd_nrf9160_xxaa.a(obfuscated.elf)
 .text.at_interface_write
                0x0002d060       0xa8 C:/ncs.sojkk/nrfxlib/bsdlib/lib/cortex-m33/hard-float/libbsd_nrf9160_xxaa.a(obfuscated.elf)
                0x0002d060                at_interface_write
 .text.at_interface_init
                0x0002d108        0x4 C:/ncs.sojkk/nrfxlib/bsdlib/lib/cortex-m33/hard-float/libbsd_nrf9160_xxaa.a(obfuscated.elf)
                0x0002d108                at_interface_init
 .text.at_interface_open
                0x0002d10c       0x94 C:/ncs.sojkk/nrfxlib/bsdlib/lib/cortex-m33/hard-float/libbsd_nrf9160_xxaa.a(obfuscated.elf)
                0x0002d10c                at_interface_open
 .text.at_interface_close
                0x0002d1a0       0x90 C:/ncs.sojkk/nrfxlib/bsdlib/lib/cortex-m33/hard-float/libbsd_nrf9160_xxaa.a(obfuscated.elf)
                0x0002d1a0                at_interface_close
 .text.at_interface_read
                0x0002d230       0xb8 C:/ncs.sojkk/nrfxlib/bsdlib/lib/cortex-m33/hard-float/libbsd_nrf9160_xxaa.a(obfuscated.elf)
                0x0002d230                at_interface_read
 .text.at_interface_getopt
                0x0002d2e8        0x4 C:/ncs.sojkk/nrfxlib/bsdlib/lib/cortex-m33/hard-float/libbsd_nrf9160_xxaa.a(obfuscated.elf)
                0x0002d2e8                at_interface_getopt
 .text.at_interface_setopt
                0x0002d2ec        0x4 C:/ncs.sojkk/nrfxlib/bsdlib/lib/cortex-m33/hard-float/libbsd_nrf9160_xxaa.a(obfuscated.elf)
                0x0002d2ec                at_interface_setopt
 .text.rpc_at_event_handler
                0x0002d2f0       0xa4 C:/ncs.sojkk/nrfxlib/bsdlib/lib/cortex-m33/hard-float/libbsd_nrf9160_xxaa.a(obfuscated.elf)
                0x0002d2f0                rpc_at_event_handler
 .text.at_client_evt_handler
                0x0002d394       0x10 C:/ncs.sojkk/nrfxlib/bsdlib/lib/cortex-m33/hard-float/libbsd_nrf9160_xxaa.a(obfuscated.elf)
 .text.rpc_at_client_init
                0x0002d3a4        0xc C:/ncs.sojkk/nrfxlib/bsdlib/lib/cortex-m33/hard-float/libbsd_nrf9160_xxaa.a(obfuscated.elf)
                0x0002d3a4                rpc_at_client_init
 .text.rpc_at_client_request_alloc
                0x0002d3b0       0x28 C:/ncs.sojkk/nrfxlib/bsdlib/lib/cortex-m33/hard-float/libbsd_nrf9160_xxaa.a(obfuscated.elf)
                0x0002d3b0                rpc_at_client_request_alloc
 .text.rpc_at_client_request_send
                0x0002d3d8       0x1c C:/ncs.sojkk/nrfxlib/bsdlib/lib/cortex-m33/hard-float/libbsd_nrf9160_xxaa.a(obfuscated.elf)
                0x0002d3d8                rpc_at_client_request_send
 .text.rpc_at_client_message_free
                0x0002d3f4       0x10 C:/ncs.sojkk/nrfxlib/bsdlib/lib/cortex-m33/hard-float/libbsd_nrf9160_xxaa.a(obfuscated.elf)
                0x0002d3f4                rpc_at_client_message_free
 .text.rpc_at_client_data_free
                0x0002d404       0x10 C:/ncs.sojkk/nrfxlib/bsdlib/lib/cortex-m33/hard-float/libbsd_nrf9160_xxaa.a(obfuscated.elf)
                0x0002d404                rpc_at_client_data_free
 .text.logobj_event_handler
                0x0002d414       0xfc C:/ncs.sojkk/nrfxlib/bsdlib/lib/cortex-m33/hard-float/libbsd_nrf9160_xxaa.a(obfuscated.elf)
                0x0002d414                logobj_event_handler
 .text.logobj_interface_init
                0x0002d510       0x34 C:/ncs.sojkk/nrfxlib/bsdlib/lib/cortex-m33/hard-float/libbsd_nrf9160_xxaa.a(obfuscated.elf)
                0x0002d510                logobj_interface_init
 .text.logobj_interface_open
                0x0002d544      0x150 C:/ncs.sojkk/nrfxlib/bsdlib/lib/cortex-m33/hard-float/libbsd_nrf9160_xxaa.a(obfuscated.elf)
                0x0002d544                logobj_interface_open
 .text.logobj_interface_read
                0x0002d694       0xe0 C:/ncs.sojkk/nrfxlib/bsdlib/lib/cortex-m33/hard-float/libbsd_nrf9160_xxaa.a(obfuscated.elf)
                0x0002d694                logobj_interface_read
 .text.logobj_interface_write
                0x0002d774       0xfc C:/ncs.sojkk/nrfxlib/bsdlib/lib/cortex-m33/hard-float/libbsd_nrf9160_xxaa.a(obfuscated.elf)
                0x0002d774                logobj_interface_write
 .text.logobj_interface_setopt
                0x0002d870      0x19c C:/ncs.sojkk/nrfxlib/bsdlib/lib/cortex-m33/hard-float/libbsd_nrf9160_xxaa.a(obfuscated.elf)
                0x0002d870                logobj_interface_setopt
 .text.logobj_interface_getopt
                0x0002da0c       0xa4 C:/ncs.sojkk/nrfxlib/bsdlib/lib/cortex-m33/hard-float/libbsd_nrf9160_xxaa.a(obfuscated.elf)
                0x0002da0c                logobj_interface_getopt
 .text.logobj_interface_close
                0x0002dab0       0x2c C:/ncs.sojkk/nrfxlib/bsdlib/lib/cortex-m33/hard-float/libbsd_nrf9160_xxaa.a(obfuscated.elf)
                0x0002dab0                logobj_interface_close
 .text.transport_reset
                0x0002dadc        0x4 C:/ncs.sojkk/nrfxlib/bsdlib/lib/cortex-m33/hard-float/libbsd_nrf9160_xxaa.a(obfuscated.elf)
 .text.transport_data_free
                0x0002dae0       0x38 C:/ncs.sojkk/nrfxlib/bsdlib/lib/cortex-m33/hard-float/libbsd_nrf9160_xxaa.a(obfuscated.elf)
 .text.rpc_transport_ipc_init
                0x0002db18       0x84 C:/ncs.sojkk/nrfxlib/bsdlib/lib/cortex-m33/hard-float/libbsd_nrf9160_xxaa.a(obfuscated.elf)
                0x0002db18                rpc_transport_ipc_init
 .text.rpc_transport_rx_handle
                0x0002db9c       0x44 C:/ncs.sojkk/nrfxlib/bsdlib/lib/cortex-m33/hard-float/libbsd_nrf9160_xxaa.a(obfuscated.elf)
                0x0002db9c                rpc_transport_rx_handle
 .text.rpc_transport_ipc_fault_handler
                0x0002dbe0        0x8 C:/ncs.sojkk/nrfxlib/bsdlib/lib/cortex-m33/hard-float/libbsd_nrf9160_xxaa.a(obfuscated.elf)
                0x0002dbe4                rpc_transport_ipc_fault_handler
 .text.rpc_transport_ipc_shutdown
                0x0002dbe8       0x18 C:/ncs.sojkk/nrfxlib/bsdlib/lib/cortex-m33/hard-float/libbsd_nrf9160_xxaa.a(obfuscated.elf)
                0x0002dbe8                rpc_transport_ipc_shutdown
 .text.nrf_socket
                0x0002dc00       0x24 C:/ncs.sojkk/nrfxlib/bsdlib/lib/cortex-m33/hard-float/libbsd_nrf9160_xxaa.a(obfuscated.elf)
                0x0002dc00                nrf_socket
 .text.nrf_close
                0x0002dc24       0x1c C:/ncs.sojkk/nrfxlib/bsdlib/lib/cortex-m33/hard-float/libbsd_nrf9160_xxaa.a(obfuscated.elf)
                0x0002dc24                nrf_close
 .text.nrf_sendto
                0x0002dc40       0x38 C:/ncs.sojkk/nrfxlib/bsdlib/lib/cortex-m33/hard-float/libbsd_nrf9160_xxaa.a(obfuscated.elf)
                0x0002dc40                nrf_sendto
 .text.nrf_send
                0x0002dc78       0x34 C:/ncs.sojkk/nrfxlib/bsdlib/lib/cortex-m33/hard-float/libbsd_nrf9160_xxaa.a(obfuscated.elf)
                0x0002dc78                nrf_send
 .text.nrf_write
                0x0002dcac       0x2c C:/ncs.sojkk/nrfxlib/bsdlib/lib/cortex-m33/hard-float/libbsd_nrf9160_xxaa.a(obfuscated.elf)
                0x0002dcac                nrf_write
 .text.nrf_recvfrom
                0x0002dcd8       0x38 C:/ncs.sojkk/nrfxlib/bsdlib/lib/cortex-m33/hard-float/libbsd_nrf9160_xxaa.a(obfuscated.elf)
                0x0002dcd8                nrf_recvfrom
 .text.nrf_recv
                0x0002dd10       0x34 C:/ncs.sojkk/nrfxlib/bsdlib/lib/cortex-m33/hard-float/libbsd_nrf9160_xxaa.a(obfuscated.elf)
                0x0002dd10                nrf_recv
 .text.nrf_read
                0x0002dd44       0x2c C:/ncs.sojkk/nrfxlib/bsdlib/lib/cortex-m33/hard-float/libbsd_nrf9160_xxaa.a(obfuscated.elf)
                0x0002dd44                nrf_read
 .text.nrf_connect
                0x0002dd70       0x24 C:/ncs.sojkk/nrfxlib/bsdlib/lib/cortex-m33/hard-float/libbsd_nrf9160_xxaa.a(obfuscated.elf)
                0x0002dd70                nrf_connect
 .text.nrf_listen
                0x0002dd94       0x20 C:/ncs.sojkk/nrfxlib/bsdlib/lib/cortex-m33/hard-float/libbsd_nrf9160_xxaa.a(obfuscated.elf)
                0x0002dd94                nrf_listen
 .text.nrf_accept
                0x0002ddb4       0x2c C:/ncs.sojkk/nrfxlib/bsdlib/lib/cortex-m33/hard-float/libbsd_nrf9160_xxaa.a(obfuscated.elf)
                0x0002ddb4                nrf_accept
 .text.nrf_bind
                0x0002dde0       0x24 C:/ncs.sojkk/nrfxlib/bsdlib/lib/cortex-m33/hard-float/libbsd_nrf9160_xxaa.a(obfuscated.elf)
                0x0002dde0                nrf_bind
 .text.nrf_setsockopt
                0x0002de04       0x38 C:/ncs.sojkk/nrfxlib/bsdlib/lib/cortex-m33/hard-float/libbsd_nrf9160_xxaa.a(obfuscated.elf)
                0x0002de04                nrf_setsockopt
 .text.nrf_getsockopt
                0x0002de3c       0x38 C:/ncs.sojkk/nrfxlib/bsdlib/lib/cortex-m33/hard-float/libbsd_nrf9160_xxaa.a(obfuscated.elf)
                0x0002de3c                nrf_getsockopt
 .text.nrf_getaddrinfo
                0x0002de74        0x4 C:/ncs.sojkk/nrfxlib/bsdlib/lib/cortex-m33/hard-float/libbsd_nrf9160_xxaa.a(obfuscated.elf)
                0x0002de74                nrf_getaddrinfo
 .text.nrf_freeaddrinfo
                0x0002de78        0x4 C:/ncs.sojkk/nrfxlib/bsdlib/lib/cortex-m33/hard-float/libbsd_nrf9160_xxaa.a(obfuscated.elf)
                0x0002de78                nrf_freeaddrinfo
 .text.nrf_poll
                0x0002de7c        0x4 C:/ncs.sojkk/nrfxlib/bsdlib/lib/cortex-m33/hard-float/libbsd_nrf9160_xxaa.a(obfuscated.elf)
                0x0002de7c                nrf_poll
 .text.nrf_fcntl
                0x0002de80        0x4 C:/ncs.sojkk/nrfxlib/bsdlib/lib/cortex-m33/hard-float/libbsd_nrf9160_xxaa.a(obfuscated.elf)
                0x0002de80                nrf_fcntl
 .text.bsd_platform_error_handler
                0x0002de84        0x8 C:/ncs.sojkk/nrfxlib/bsdlib/lib/cortex-m33/hard-float/libbsd_nrf9160_xxaa.a(obfuscated.elf)
                0x0002de84                bsd_platform_error_handler
 .text.bsd_init
                0x0002de8c       0x20 C:/ncs.sojkk/nrfxlib/bsdlib/lib/cortex-m33/hard-float/libbsd_nrf9160_xxaa.a(obfuscated.elf)
                0x0002de8c                bsd_init
 .text.bsd_shutdown
                0x0002deac       0x1c C:/ncs.sojkk/nrfxlib/bsdlib/lib/cortex-m33/hard-float/libbsd_nrf9160_xxaa.a(obfuscated.elf)
                0x0002deac                bsd_shutdown
 .text.mbedtls_pk_init
                0x0002dec8        0xc C:/ncs.sojkk/nrfxlib/bsdlib/lib/cortex-m33/hard-float/libbsd_nrf9160_xxaa.a(obfuscated.elf)
                0x0002dec8                symbol_000fa2a
 .text.mbedtls_pk_info_from_type
                0x0002ded4       0x1c C:/ncs.sojkk/nrfxlib/bsdlib/lib/cortex-m33/hard-float/libbsd_nrf9160_xxaa.a(obfuscated.elf)
                0x0002ded4                symbol_00066b4
 .text.mbedtls_pk_setup
                0x0002def0       0x30 C:/ncs.sojkk/nrfxlib/bsdlib/lib/cortex-m33/hard-float/libbsd_nrf9160_xxaa.a(obfuscated.elf)
                0x0002def0                symbol_000194a
 .text.mbedtls_pk_get_type
                0x0002df20        0xc C:/ncs.sojkk/nrfxlib/bsdlib/lib/cortex-m33/hard-float/libbsd_nrf9160_xxaa.a(obfuscated.elf)
                0x0002df20                symbol_00005ae
 .text.rpc_transport_ipc_rx_init
                0x0002df2c      0x240 C:/ncs.sojkk/nrfxlib/bsdlib/lib/cortex-m33/hard-float/libbsd_nrf9160_xxaa.a(obfuscated.elf)
                0x0002df2c                rpc_transport_ipc_rx_init
 .text.IPC_IRQHandler
                0x0002e16c      0x3dc C:/ncs.sojkk/nrfxlib/bsdlib/lib/cortex-m33/hard-float/libbsd_nrf9160_xxaa.a(obfuscated.elf)
                0x0002e16c                IPC_IRQHandler
 .text.rpc_transport_msg_free
                0x0002e548       0x6c C:/ncs.sojkk/nrfxlib/bsdlib/lib/cortex-m33/hard-float/libbsd_nrf9160_xxaa.a(obfuscated.elf)
                0x0002e548                rpc_transport_msg_free
 .text.rpc_transport_ipc_rx_suspend
                0x0002e5b4       0x40 C:/ncs.sojkk/nrfxlib/bsdlib/lib/cortex-m33/hard-float/libbsd_nrf9160_xxaa.a(obfuscated.elf)
                0x0002e5b4                rpc_transport_ipc_rx_suspend
 .text.rpc_transport_ipc_rx_shutdown
                0x0002e5f4       0xec C:/ncs.sojkk/nrfxlib/bsdlib/lib/cortex-m33/hard-float/libbsd_nrf9160_xxaa.a(obfuscated.elf)
                0x0002e5f4                rpc_transport_ipc_rx_shutdown
 .text.block_cipher_df
                0x0002e6e0      0x248 C:/ncs.sojkk/nrfxlib/bsdlib/lib/cortex-m33/hard-float/libbsd_nrf9160_xxaa.a(obfuscated.elf)
 .text.mbedtls_ctr_drbg_init
                0x0002e928        0xc C:/ncs.sojkk/nrfxlib/bsdlib/lib/cortex-m33/hard-float/libbsd_nrf9160_xxaa.a(obfuscated.elf)
                0x0002e928                symbol_000078b
 .text.mbedtls_ctr_drbg_free
                0x0002e934       0x1c C:/ncs.sojkk/nrfxlib/bsdlib/lib/cortex-m33/hard-float/libbsd_nrf9160_xxaa.a(obfuscated.elf)
                0x0002e934                symbol_0001c64
 .text.mbedtls_ctr_drbg_reseed
                0x0002e950      0x1dc C:/ncs.sojkk/nrfxlib/bsdlib/lib/cortex-m33/hard-float/libbsd_nrf9160_xxaa.a(obfuscated.elf)
                0x0002e950                symbol_000ccf0
 .text.mbedtls_ctr_drbg_seed
                0x0002eb2c       0x50 C:/ncs.sojkk/nrfxlib/bsdlib/lib/cortex-m33/hard-float/libbsd_nrf9160_xxaa.a(obfuscated.elf)
                0x0002eb2c                symbol_0001e1e
 .text.mbedtls_ctr_drbg_random